Archive member included to satisfy reference by file (symbol)

F:/F00_Workspace/03_SATEXP_IMX93/A04_Project/AF_IPCDEV/payexp/02_OUTPUT/debug/M0_App(boot_manager.c.obj)
                              CMakeFiles/payexp_m33.elf.dir/F_/F00_Workspace/03_SATEXP_IMX93/A04_Project/AF_IPCDEV/payexp/Core/Src/main.c.obj (BootManager_SystemInit)
F:/F00_Workspace/03_SATEXP_IMX93/A04_Project/AF_IPCDEV/payexp/02_OUTPUT/debug/M0_App(rtos.c.obj)
                              F:/F00_Workspace/03_SATEXP_IMX93/A04_Project/AF_IPCDEV/payexp/02_OUTPUT/debug/M0_App(boot_manager.c.obj) (EXP_RTOS_Start)
F:/F00_Workspace/03_SATEXP_IMX93/A04_Project/AF_IPCDEV/payexp/02_OUTPUT/debug/M0_App(rtos_tasks.c.obj)
                              F:/F00_Workspace/03_SATEXP_IMX93/A04_Project/AF_IPCDEV/payexp/02_OUTPUT/debug/M0_App(rtos.c.obj) (EXP_RootGrowUp)
F:/F00_Workspace/03_SATEXP_IMX93/A04_Project/AF_IPCDEV/payexp/02_OUTPUT/debug/M1_SysApp(remote_call.c.obj)
                              F:/F00_Workspace/03_SATEXP_IMX93/A04_Project/AF_IPCDEV/payexp/02_OUTPUT/debug/M0_App(rtos_tasks.c.obj) (RemoteCall_UpdateRemoteAddr)
F:/F00_Workspace/03_SATEXP_IMX93/A04_Project/AF_IPCDEV/payexp/02_OUTPUT/debug/M1_SysApp(simple_shell.c.obj)
                              F:/F00_Workspace/03_SATEXP_IMX93/A04_Project/AF_IPCDEV/payexp/02_OUTPUT/debug/M0_App(rtos_tasks.c.obj) (Shell_ReceiveChar)
F:/F00_Workspace/03_SATEXP_IMX93/A04_Project/AF_IPCDEV/payexp/02_OUTPUT/debug/M1_SysApp(cmdline.c.obj)
                              F:/F00_Workspace/03_SATEXP_IMX93/A04_Project/AF_IPCDEV/payexp/02_OUTPUT/debug/M0_App(rtos_tasks.c.obj) (setup_dynamic_shell)
F:/F00_Workspace/03_SATEXP_IMX93/A04_Project/AF_IPCDEV/payexp/02_OUTPUT/debug/M2_BSP(m33_remoteproc.c.obj)
                              F:/F00_Workspace/03_SATEXP_IMX93/A04_Project/AF_IPCDEV/payexp/02_OUTPUT/debug/M0_App(boot_manager.c.obj) (M33_RPROC_Init)
F:/F00_Workspace/03_SATEXP_IMX93/A04_Project/AF_IPCDEV/payexp/02_OUTPUT/debug/M2_BSP(rsc_table.c.obj)
                              F:/F00_Workspace/03_SATEXP_IMX93/A04_Project/AF_IPCDEV/payexp/02_OUTPUT/debug/M2_BSP(m33_remoteproc.c.obj) (copyResourceTable)
F:/F00_Workspace/03_SATEXP_IMX93/A04_Project/AF_IPCDEV/payexp/02_OUTPUT/debug/M2_BSP(m33_rpmsg.c.obj)
                              F:/F00_Workspace/03_SATEXP_IMX93/A04_Project/AF_IPCDEV/payexp/02_OUTPUT/debug/M0_App(boot_manager.c.obj) (M33_RPMSG_Init)
F:/F00_Workspace/03_SATEXP_IMX93/A04_Project/AF_IPCDEV/payexp/02_OUTPUT/debug/M5_Utils(crc16_xmodem.c.obj)
                              F:/F00_Workspace/03_SATEXP_IMX93/A04_Project/AF_IPCDEV/payexp/02_OUTPUT/debug/M0_App(boot_manager.c.obj) (CRC16_XMODEM_Init)
F:/F00_Workspace/03_SATEXP_IMX93/A04_Project/AF_IPCDEV/payexp/02_OUTPUT/debug/M5_Utils(date_time.c.obj)
                              CMakeFiles/payexp_m33.elf.dir/F_/F00_Workspace/03_SATEXP_IMX93/A04_Project/AF_IPCDEV/payexp/Core/Src/MIMX9352cm33_it.c.obj (Utils_SoftTime_Update)
C:/Users/CAOHIE~1/MCUXPR~1/ARM-GN~1.REL/bin/../lib/gcc/arm-none-eabi/14.2.1/thumb/v8-m.main+fp/hard\libgcc.a(_aeabi_uldivmod.o)
                              CMakeFiles/payexp_m33.elf.dir/F_/F00_Workspace/03_SATEXP_IMX93/A03_SDK/SDK_2_14_0_MIMX9352xxxxK/devices/MIMX9352/drivers/fsl_common_arm.c.obj (__aeabi_uldivmod)
C:/Users/CAOHIE~1/MCUXPR~1/ARM-GN~1.REL/bin/../lib/gcc/arm-none-eabi/14.2.1/thumb/v8-m.main+fp/hard\libgcc.a(_udivmoddi4.o)
                              C:/Users/CAOHIE~1/MCUXPR~1/ARM-GN~1.REL/bin/../lib/gcc/arm-none-eabi/14.2.1/thumb/v8-m.main+fp/hard\libgcc.a(_aeabi_uldivmod.o) (__udivmoddi4)
C:/Users/CAOHIE~1/MCUXPR~1/ARM-GN~1.REL/bin/../lib/gcc/arm-none-eabi/14.2.1/thumb/v8-m.main+fp/hard\libgcc.a(_dvmd_tls.o)
                              C:/Users/CAOHIE~1/MCUXPR~1/ARM-GN~1.REL/bin/../lib/gcc/arm-none-eabi/14.2.1/thumb/v8-m.main+fp/hard\libgcc.a(_aeabi_uldivmod.o) (__aeabi_ldiv0)
C:/Users/CAOHIE~1/MCUXPR~1/ARM-GN~1.REL/bin/../lib/gcc/arm-none-eabi/14.2.1/thumb/v8-m.main+fp/hard\libc_nano.a(libc_a-atoi.o)
                              F:/F00_Workspace/03_SATEXP_IMX93/A04_Project/AF_IPCDEV/payexp/02_OUTPUT/debug/M1_SysApp(cmdline.c.obj) (atoi)
C:/Users/CAOHIE~1/MCUXPR~1/ARM-GN~1.REL/bin/../lib/gcc/arm-none-eabi/14.2.1/thumb/v8-m.main+fp/hard\libc_nano.a(libc_a-exit.o)
                              C:/Users/CAOHIE~1/MCUXPR~1/ARM-GN~1.REL/bin/../lib/gcc/arm-none-eabi/14.2.1/thumb/v8-m.main+fp/hard/crt0.o (exit)
C:/Users/CAOHIE~1/MCUXPR~1/ARM-GN~1.REL/bin/../lib/gcc/arm-none-eabi/14.2.1/thumb/v8-m.main+fp/hard\libc_nano.a(libc_a-malloc.o)
                              CMakeFiles/payexp_m33.elf.dir/F_/F00_Workspace/03_SATEXP_IMX93/A03_SDK/SDK_2_14_0_MIMX9352xxxxK/devices/MIMX9352/drivers/fsl_common.c.obj (malloc)
C:/Users/CAOHIE~1/MCUXPR~1/ARM-GN~1.REL/bin/../lib/gcc/arm-none-eabi/14.2.1/thumb/v8-m.main+fp/hard\libc_nano.a(libc_a-mallocr.o)
                              C:/Users/CAOHIE~1/MCUXPR~1/ARM-GN~1.REL/bin/../lib/gcc/arm-none-eabi/14.2.1/thumb/v8-m.main+fp/hard\libc_nano.a(libc_a-malloc.o) (_malloc_r)
[...]
Memory Configuration

Name             Origin             Length             Attributes
m_interrupts     0x0ffe0000         0x00000478         xr
m_text           0x0ffe0478         0x0001fb88         xr
m_m33_suspend_ram 0x20000000         0x00002000         rw
m_a55_suspend_ram 0x20002000         0x00001000         rw
m_data           0x20003000         0x0001c000         rw
m_rsc_tbl        0xa401f000         0x00001000         rw
RPMSG_SMEM       0xa4220000         0x08000000         xrw
*default*        0x00000000         0xffffffff

Linker script and memory map

LOAD C:/Users/CAOHIE~1/MCUXPR~1/ARM-GN~1.REL/bin/../lib/gcc/arm-none-eabi/14.2.1/thumb/v8-m.main+fp/hard/crti.o
LOAD C:/Users/CAOHIE~1/MCUXPR~1/ARM-GN~1.REL/bin/../lib/gcc/arm-none-eabi/14.2.1/thumb/v8-m.main+fp/hard/crtbegin.o
LOAD C:/Users/CAOHIE~1/MCUXPR~1/ARM-GN~1.REL/bin/../lib/gcc/arm-none-eabi/14.2.1/thumb/v8-m.main+fp/hard/crt0.o
LOAD CMakeFiles/payexp_m33.elf.dir/F_/F00_Workspace/03_SATEXP_IMX93/A04_Project/AF_IPCDEV/payexp/Core/Src/main.c.obj
LOAD CMakeFiles/payexp_m33.elf.dir/F_/F00_Workspace/03_SATEXP_IMX93/A04_Project/AF_IPCDEV/payexp/Core/Src/MIMX9352cm33_it.c.obj
LOAD CMakeFiles/payexp_m33.elf.dir/F_/F00_Workspace/03_SATEXP_IMX93/A04_Project/AF_IPCDEV/payexp/Core/Src/board.c.obj
LOAD CMakeFiles/payexp_m33.elf.dir/F_/F00_Workspace/03_SATEXP_IMX93/A04_Project/AF_IPCDEV/payexp/Core/Src/clock_config.c.obj
LOAD CMakeFiles/payexp_m33.elf.dir/F_/F00_Workspace/03_SATEXP_IMX93/A04_Project/AF_IPCDEV/payexp/Core/Src/pin_mux.c.obj
LOAD CMakeFiles/payexp_m33.elf.dir/F_/F00_Workspace/03_SATEXP_IMX93/A03_SDK/SDK_2_14_0_MIMX9352xxxxK/components/lists/fsl_component_generic_list.c.obj
LOAD CMakeFiles/payexp_m33.elf.dir/F_/F00_Workspace/03_SATEXP_IMX93/A03_SDK/SDK_2_14_0_MIMX9352xxxxK/components/uart/fsl_adapter_lpuart.c.obj
LOAD CMakeFiles/payexp_m33.elf.dir/F_/F00_Workspace/03_SATEXP_IMX93/A03_SDK/SDK_2_14_0_MIMX9352xxxxK/components/serial_manager/fsl_component_serial_manager.c.obj
LOAD CMakeFiles/payexp_m33.elf.dir/F_/F00_Workspace/03_SATEXP_IMX93/A03_SDK/SDK_2_14_0_MIMX9352xxxxK/components/serial_manager/fsl_component_serial_port_uart.c.obj
LOAD CMakeFiles/payexp_m33.elf.dir/F_/F00_Workspace/03_SATEXP_IMX93/A03_SDK/SDK_2_14_0_MIMX9352xxxxK/devices/MIMX9352/system_MIMX9352_cm33.c.obj
LOAD CMakeFiles/payexp_m33.elf.dir/F_/F00_Workspace/03_SATEXP_IMX93/A03_SDK/SDK_2_14_0_MIMX9352xxxxK/devices/MIMX9352/gcc/startup_MIMX9352_cm33.S.obj
LOAD CMakeFiles/payexp_m33.elf.dir/F_/F00_Workspace/03_SATEXP_IMX93/A03_SDK/SDK_2_14_0_MIMX9352xxxxK/devices/MIMX9352/drivers/fsl_cache.c.obj
LOAD CMakeFiles/payexp_m33.elf.dir/F_/F00_Workspace/03_SATEXP_IMX93/A03_SDK/SDK_2_14_0_MIMX9352xxxxK/devices/MIMX9352/drivers/fsl_clock.c.obj
LOAD CMakeFiles/payexp_m33.elf.dir/F_/F00_Workspace/03_SATEXP_IMX93/A03_SDK/SDK_2_14_0_MIMX9352xxxxK/devices/MIMX9352/drivers/fsl_common.c.obj
LOAD CMakeFiles/payexp_m33.elf.dir/F_/F00_Workspace/03_SATEXP_IMX93/A03_SDK/SDK_2_14_0_MIMX9352xxxxK/devices/MIMX9352/drivers/fsl_common_arm.c.obj
LOAD CMakeFiles/payexp_m33.elf.dir/F_/F00_Workspace/03_SATEXP_IMX93/A03_SDK/SDK_2_14_0_MIMX9352xxxxK/devices/MIMX9352/drivers/fsl_lptmr.c.obj
LOAD CMakeFiles/payexp_m33.elf.dir/F_/F00_Workspace/03_SATEXP_IMX93/A03_SDK/SDK_2_14_0_MIMX9352xxxxK/devices/MIMX9352/drivers/fsl_lpuart.c.obj
LOAD CMakeFiles/payexp_m33.elf.dir/F_/F00_Workspace/03_SATEXP_IMX93/A03_SDK/SDK_2_14_0_MIMX9352xxxxK/devices/MIMX9352/drivers/fsl_mu.c.obj
LOAD CMakeFiles/payexp_m33.elf.dir/F_/F00_Workspace/03_SATEXP_IMX93/A03_SDK/SDK_2_14_0_MIMX9352xxxxK/devices/MIMX9352/drivers/fsl_rgpio.c.obj
LOAD CMakeFiles/payexp_m33.elf.dir/F_/F00_Workspace/03_SATEXP_IMX93/A03_SDK/SDK_2_14_0_MIMX9352xxxxK/devices/MIMX9352/drivers/fsl_sentinel.c.obj
LOAD CMakeFiles/payexp_m33.elf.dir/F_/F00_Workspace/03_SATEXP_IMX93/A03_SDK/SDK_2_14_0_MIMX9352xxxxK/rtos/freertos/freertos-kernel/croutine.c.obj
LOAD CMakeFiles/payexp_m33.elf.dir/F_/F00_Workspace/03_SATEXP_IMX93/A03_SDK/SDK_2_14_0_MIMX9352xxxxK/rtos/freertos/freertos-kernel/event_groups.c.obj
LOAD CMakeFiles/payexp_m33.elf.dir/F_/F00_Workspace/03_SATEXP_IMX93/A03_SDK/SDK_2_14_0_MIMX9352xxxxK/rtos/freertos/freertos-kernel/list.c.obj
LOAD CMakeFiles/payexp_m33.elf.dir/F_/F00_Workspace/03_SATEXP_IMX93/A03_SDK/SDK_2_14_0_MIMX9352xxxxK/rtos/freertos/freertos-kernel/queue.c.obj
LOAD CMakeFiles/payexp_m33.elf.dir/F_/F00_Workspace/03_SATEXP_IMX93/A03_SDK/SDK_2_14_0_MIMX9352xxxxK/rtos/freertos/freertos-kernel/stream_buffer.c.obj
LOAD CMakeFiles/payexp_m33.elf.dir/F_/F00_Workspace/03_SATEXP_IMX93/A03_SDK/SDK_2_14_0_MIMX9352xxxxK/rtos/freertos/freertos-kernel/tasks.c.obj
LOAD CMakeFiles/payexp_m33.elf.dir/F_/F00_Workspace/03_SATEXP_IMX93/A03_SDK/SDK_2_14_0_MIMX9352xxxxK/rtos/freertos/freertos-kernel/timers.c.obj
LOAD CMakeFiles/payexp_m33.elf.dir/F_/F00_Workspace/03_SATEXP_IMX93/A03_SDK/SDK_2_14_0_MIMX9352xxxxK/rtos/freertos/freertos-kernel/portable/GCC/ARM_CM33_NTZ/non_secure/port.c.obj
LOAD CMakeFiles/payexp_m33.elf.dir/101833cb4c4bf4b51db1bcbd81f78f40/SDK_2_14_0_MIMX9352xxxxK/rtos/freertos/freertos-kernel/portable/GCC/ARM_CM33_NTZ/non_secure/portasm.c.obj
LOAD CMakeFiles/payexp_m33.elf.dir/F_/F00_Workspace/03_SATEXP_IMX93/A03_SDK/SDK_2_14_0_MIMX9352xxxxK/rtos/freertos/freertos-kernel/portable/MemMang/heap_4.c.obj
LOAD CMakeFiles/payexp_m33.elf.dir/F_/F00_Workspace/03_SATEXP_IMX93/A03_SDK/SDK_2_14_0_MIMX9352xxxxK/middleware/multicore/rpmsg_lite/lib/common/llist.c.obj
LOAD CMakeFiles/payexp_m33.elf.dir/F_/F00_Workspace/03_SATEXP_IMX93/A03_SDK/SDK_2_14_0_MIMX9352xxxxK/middleware/multicore/rpmsg_lite/lib/rpmsg_lite/rpmsg_lite.c.obj
LOAD CMakeFiles/payexp_m33.elf.dir/F_/F00_Workspace/03_SATEXP_IMX93/A03_SDK/SDK_2_14_0_MIMX9352xxxxK/middleware/multicore/rpmsg_lite/lib/rpmsg_lite/rpmsg_ns.c.obj
LOAD CMakeFiles/payexp_m33.elf.dir/F_/F00_Workspace/03_SATEXP_IMX93/A03_SDK/SDK_2_14_0_MIMX9352xxxxK/middleware/multicore/rpmsg_lite/lib/virtio/virtqueue.c.obj
LOAD CMakeFiles/payexp_m33.elf.dir/cf5369865c939aa91ffe9b6f07a93326/middleware/multicore/rpmsg_lite/lib/rpmsg_lite/porting/environment/rpmsg_env_freertos.c.obj
LOAD CMakeFiles/payexp_m33.elf.dir/F_/F00_Workspace/03_SATEXP_IMX93/A03_SDK/SDK_2_14_0_MIMX9352xxxxK/middleware/multicore/rpmsg_lite/lib/rpmsg_lite/rpmsg_queue.c.obj
LOAD CMakeFiles/payexp_m33.elf.dir/cf5369865c939aa91ffe9b6f07a93326/middleware/multicore/rpmsg_lite/lib/rpmsg_lite/porting/platform/imx93_m33/rpmsg_platform.c.obj
LOAD CMakeFiles/payexp_m33.elf.dir/F_/F00_Workspace/03_SATEXP_IMX93/A03_SDK/SDK_2_14_0_MIMX9352xxxxK/devices/MIMX9352/utilities/fsl_sbrk.c.obj
LOAD CMakeFiles/payexp_m33.elf.dir/F_/F00_Workspace/03_SATEXP_IMX93/A03_SDK/SDK_2_14_0_MIMX9352xxxxK/devices/MIMX9352/utilities/fsl_memcpy.S.obj
LOAD CMakeFiles/payexp_m33.elf.dir/F_/F00_Workspace/03_SATEXP_IMX93/A03_SDK/SDK_2_14_0_MIMX9352xxxxK/devices/MIMX9352/utilities/fsl_assert.c.obj
LOAD CMakeFiles/payexp_m33.elf.dir/F_/F00_Workspace/03_SATEXP_IMX93/A03_SDK/SDK_2_14_0_MIMX9352xxxxK/devices/MIMX9352/utilities/str/fsl_str.c.obj
LOAD CMakeFiles/payexp_m33.elf.dir/F_/F00_Workspace/03_SATEXP_IMX93/A03_SDK/SDK_2_14_0_MIMX9352xxxxK/devices/MIMX9352/utilities/debug_console/fsl_debug_console.c.obj
LOAD F:/F00_Workspace/03_SATEXP_IMX93/A04_Project/AF_IPCDEV/payexp/02_OUTPUT/debug/M0_App
LOAD F:/F00_Workspace/03_SATEXP_IMX93/A04_Project/AF_IPCDEV/payexp/02_OUTPUT/debug/M1_SysApp
LOAD F:/F00_Workspace/03_SATEXP_IMX93/A04_Project/AF_IPCDEV/payexp/02_OUTPUT/debug/M2_BSP
LOAD F:/F00_Workspace/03_SATEXP_IMX93/A04_Project/AF_IPCDEV/payexp/02_OUTPUT/debug/M5_Utils
START GROUP
LOAD C:/Users/CAOHIE~1/MCUXPR~1/ARM-GN~1.REL/bin/../lib/gcc/arm-none-eabi/14.2.1/thumb/v8-m.main+fp/hard\libgcc.a
LOAD C:/Users/CAOHIE~1/MCUXPR~1/ARM-GN~1.REL/bin/../lib/gcc/arm-none-eabi/14.2.1/thumb/v8-m.main+fp/hard\libc_nano.a
LOAD C:/Users/CAOHIE~1/MCUXPR~1/ARM-GN~1.REL/bin/../lib/gcc/arm-none-eabi/14.2.1/thumb/v8-m.main+fp/hard\libm.a
LOAD C:/Users/CAOHIE~1/MCUXPR~1/ARM-GN~1.REL/bin/../lib/gcc/arm-none-eabi/14.2.1/../../../../arm-none-eabi/lib/thumb/v8-m.main+fp/hard\libcr_newlib_nohost.a
END GROUP
START GROUP
LOAD C:/Users/CAOHIE~1/MCUXPR~1/ARM-GN~1.REL/bin/../lib/gcc/arm-none-eabi/14.2.1/thumb/v8-m.main+fp/hard\libgcc.a
LOAD C:/Users/CAOHIE~1/MCUXPR~1/ARM-GN~1.REL/bin/../lib/gcc/arm-none-eabi/14.2.1/thumb/v8-m.main+fp/hard\libg_nano.a
LOAD C:/Users/CAOHIE~1/MCUXPR~1/ARM-GN~1.REL/bin/../lib/gcc/arm-none-eabi/14.2.1/thumb/v8-m.main+fp/hard\libc_nano.a
END GROUP
START GROUP
LOAD C:/Users/CAOHIE~1/MCUXPR~1/ARM-GN~1.REL/bin/../lib/gcc/arm-none-eabi/14.2.1/thumb/v8-m.main+fp/hard\libgcc.a
LOAD C:/Users/CAOHIE~1/MCUXPR~1/ARM-GN~1.REL/bin/../lib/gcc/arm-none-eabi/14.2.1/thumb/v8-m.main+fp/hard\libc_nano.a
LOAD C:/Users/CAOHIE~1/MCUXPR~1/ARM-GN~1.REL/bin/../lib/gcc/arm-none-eabi/14.2.1/thumb/v8-m.main+fp/hard\libnosys.a
END GROUP
START GROUP
LOAD C:/Users/CAOHIE~1/MCUXPR~1/ARM-GN~1.REL/bin/../lib/gcc/arm-none-eabi/14.2.1/thumb/v8-m.main+fp/hard\libgcc.a
LOAD C:/Users/CAOHIE~1/MCUXPR~1/ARM-GN~1.REL/bin/../lib/gcc/arm-none-eabi/14.2.1/thumb/v8-m.main+fp/hard\libc_nano.a
LOAD C:/Users/CAOHIE~1/MCUXPR~1/ARM-GN~1.REL/bin/../lib/gcc/arm-none-eabi/14.2.1/thumb/v8-m.main+fp/hard\libnosys.a
END GROUP
LOAD C:/Users/CAOHIE~1/MCUXPR~1/ARM-GN~1.REL/bin/../lib/gcc/arm-none-eabi/14.2.1/thumb/v8-m.main+fp/hard/crtend.o
LOAD C:/Users/CAOHIE~1/MCUXPR~1/ARM-GN~1.REL/bin/../lib/gcc/arm-none-eabi/14.2.1/thumb/v8-m.main+fp/hard/crtn.o
                0x00000400                        HEAP_SIZE = DEFINED (__heap_size__)?__heap_size__:0x400
                0x00000400                        STACK_SIZE = DEFINED (__stack_size__)?__stack_size__:0x400
                0x00000000                        M_VECTOR_RAM_SIZE = DEFINED (__ram_vector_table__)?0x478:0x0

.interrupts     0x0ffe0000      0x474
                0x0ffe0000                        __VECTOR_TABLE = .
                0x0ffe0000                        __Vectors = .
                0x0ffe0000                        . = ALIGN (0x4)
 *(.isr_vector)
 .isr_vector    0x0ffe0000      0x474 CMakeFiles/payexp_m33.elf.dir/F_/F00_Workspace/03_SATEXP_IMX93/A03_SDK/SDK_2_14_0_MIMX9352xxxxK/devices/MIMX9352/gcc/startup_MIMX9352_cm33.S.obj
                0x0ffe0000                __isr_vector
                0x0ffe0474                        . = ALIGN (0x4)

.resource_table
                0x0ffe0478       0xa0
                0x0ffe0478                        . = ALIGN (0x8)
 *(.resource_table)
 .resource_table
                0x0ffe0478       0xa0 F:/F00_Workspace/03_SATEXP_IMX93/A04_Project/AF_IPCDEV/payexp/02_OUTPUT/debug/M2_BSP(rsc_table.c.obj)
                0x0ffe0478                resources
                0x0ffe0518                        . = ALIGN (0x8)

.text           0x0ffe0520     0xb85c
                0x0ffe0520                        . = ALIGN (0x4)
 *(.text)
 .text          0x0ffe0520       0x7c C:/Users/CAOHIE~1/MCUXPR~1/ARM-GN~1.REL/bin/../lib/gcc/arm-none-eabi/14.2.1/thumb/v8-m.main+fp/hard/crt0.o
                0x0ffe0520                _stack_init
                0x0ffe0528                _start
                0x0ffe0528                _mainCRTStartup
 .text          0x0ffe059c      0x4ac CMakeFiles/payexp_m33.elf.dir/F_/F00_Workspace/03_SATEXP_IMX93/A03_SDK/SDK_2_14_0_MIMX9352xxxxK/devices/MIMX9352/gcc/startup_MIMX9352_cm33.S.obj
                0x0ffe059c                Reset_Handler
                0x0ffe0614                LPI2C8_DriverIRQHandler
                0x0ffe0614                Reserved237_IRQHandler
                0x0ffe0614                DMA4_14_15_DriverIRQHandler
                0x0ffe0614                Reserved16_IRQHandler
                0x0ffe0614                MU2_A_IRQHandler
                0x0ffe0614                Reserved179_IRQHandler
                0x0ffe0614                LPSPI2_DriverIRQHandler
                0x0ffe0614                DMA4_20_21_DriverIRQHandler
                0x0ffe0614                Reserved219_IRQHandler
                0x0ffe0614                Reserved178_IRQHandler
                0x0ffe0614                Reserved220_IRQHandler
                0x0ffe0614                LPI2C7_DriverIRQHandler
                0x0ffe0614                Reserved88_IRQHandler
                0x0ffe0614                Reserved281_IRQHandler
                0x0ffe0614                Reserved243_IRQHandler
                0x0ffe0614                Reserved65_IRQHandler
                0x0ffe0614                Reserved229_IRQHandler
                0x0ffe0614                FlexSPI1_DriverIRQHandler
                0x0ffe0614                Reserved49_IRQHandler
                0x0ffe0614                CAN1_DriverIRQHandler
                0x0ffe0614                WDOG3_IRQHandler
                0x0ffe0614                Reserved76_IRQHandler
                0x0ffe0614                Reserved248_IRQHandler
                0x0ffe0614                Reserved64_IRQHandler
                0x0ffe0614                LPSPI4_DriverIRQHandler
                0x0ffe0614                Reserved60_IRQHandler
                0x0ffe0614                Reserved236_IRQHandler
                0x0ffe0614                Reserved234_IRQHandler
                0x0ffe0614                Reserved225_IRQHandler
                0x0ffe0614                CSI_IRQHandler
                0x0ffe0614                LPI2C5_DriverIRQHandler
                0x0ffe0614                Reserved50_IRQHandler
                0x0ffe0614                TRDC_IRQHandler
                0x0ffe0614                Reserved183_IRQHandler
                0x0ffe0614                DMA4_40_41_DriverIRQHandler
                0x0ffe0614                LPIT2_IRQHandler
                0x0ffe0614                LPI2C2_DriverIRQHandler
                0x0ffe0614                Reserved19_IRQHandler
                0x0ffe0614                DMA4_0_1_DriverIRQHandler
                0x0ffe0614                Reserved74_IRQHandler
                0x0ffe0614                Reserved89_IRQHandler
                0x0ffe0614                PDM_HWVAD_EVENT_DriverIRQHandler
                0x0ffe0614                Reserved59_IRQHandler
                0x0ffe0614                Reserved201_IRQHandler
                0x0ffe0614                LPTMR2_IRQHandler
                0x0ffe0614                LPSPI3_DriverIRQHandler
                0x0ffe0614                Reserved272_IRQHandler
                0x0ffe0614                PDM_HWVAD_ERROR_DriverIRQHandler
                0x0ffe0614                DMA4_46_47_DriverIRQHandler
                0x0ffe0614                Reserved263_IRQHandler
                0x0ffe0614                DMA4_58_59_DriverIRQHandler
                0x0ffe0614                DMA4_16_17_DriverIRQHandler
                0x0ffe0614                TPM5_IRQHandler
                0x0ffe0614                Reserved247_IRQHandler
                0x0ffe0614                ENET_1588_DriverIRQHandler
                0x0ffe0614                LPI2C3_DriverIRQHandler
                0x0ffe0614                I3C1_DriverIRQHandler
                0x0ffe0614                DMA4_52_53_DriverIRQHandler
                0x0ffe0614                Reserved63_IRQHandler
                0x0ffe0614                WDOG5_IRQHandler
                0x0ffe0614                DMA4_42_43_DriverIRQHandler
                0x0ffe0614                Reserved44_IRQHandler
                0x0ffe0614                CAN1_ERROR_DriverIRQHandler
                0x0ffe0614                LPIT1_IRQHandler
                0x0ffe0614                Reserved42_IRQHandler
                0x0ffe0614                Reserved192_IRQHandler
                0x0ffe0614                Reserved22_IRQHandler
                0x0ffe0614                Reserved51_IRQHandler
                0x0ffe0614                uSDHC2_DriverIRQHandler
                0x0ffe0614                Reserved75_IRQHandler
                0x0ffe0614                Reserved238_IRQHandler
                0x0ffe0614                Reserved280_IRQHandler
                0x0ffe0614                DMA4_22_23_DriverIRQHandler
                0x0ffe0614                Reserved268_IRQHandler
                0x0ffe0614                DMA4_10_11_DriverIRQHandler
                0x0ffe0614                DMA4_34_35_DriverIRQHandler
                0x0ffe0614                Reserved176_IRQHandler
                0x0ffe0614                Reserved233_IRQHandler
                0x0ffe0614                Reserved224_IRQHandler
                0x0ffe0614                FLEXIO2_DriverIRQHandler
                0x0ffe0614                uSDHC1_DriverIRQHandler
                0x0ffe0614                WDOG1_IRQHandler
                0x0ffe0614                Reserved106_IRQHandler
                0x0ffe0614                Reserved265_IRQHandler
                0x0ffe0614                TPM1_IRQHandler
                0x0ffe0614                Reserved235_IRQHandler
                0x0ffe0614                Reserved57_IRQHandler
                0x0ffe0614                TEMPMON_IRQHandler
                0x0ffe0614                Reserved257_IRQHandler
                0x0ffe0614                DMA4_30_31_DriverIRQHandler
                0x0ffe0614                Reserved73_IRQHandler
                0x0ffe0614                DefaultISR
                0x0ffe0614                Reserved250_IRQHandler
                0x0ffe0614                DMA4_38_39_DriverIRQHandler
                0x0ffe0614                Reserved58_IRQHandler
                0x0ffe0614                LPI2C4_DriverIRQHandler
                0x0ffe0614                Reserved264_IRQHandler
                0x0ffe0614                Reserved261_IRQHandler
                0x0ffe0614                Reserved284_IRQHandler
                0x0ffe0614                I3C2_DriverIRQHandler
                0x0ffe0614                DMA4_4_5_DriverIRQHandler
                0x0ffe0614                Reserved45_IRQHandler
                0x0ffe0614                Reserved230_IRQHandler
                0x0ffe0614                Reserved279_IRQHandler
                0x0ffe0614                Reserved240_IRQHandler
                0x0ffe0614                Reserved182_IRQHandler
                0x0ffe0614                DMA4_50_51_DriverIRQHandler
                0x0ffe0614                Reserved180_IRQHandler
                0x0ffe0614                Reserved266_IRQHandler
                0x0ffe0614                Reserved267_IRQHandler
                0x0ffe0614                Reserved239_IRQHandler
                0x0ffe0614                MU1_B_IRQHandler
                0x0ffe0614                Reserved177_IRQHandler
                0x0ffe0614                WDOG4_IRQHandler
                0x0ffe0614                Reserved283_IRQHandler
                0x0ffe0614                DMA4_28_29_DriverIRQHandler
                0x0ffe0614                Reserved228_IRQHandler
                0x0ffe0614                Reserved23_IRQHandler
                0x0ffe0614                DMA4_ERROR_DriverIRQHandler
                0x0ffe0614                Reserved270_IRQHandler
                0x0ffe0614                Reserved253_IRQHandler
                0x0ffe0614                DMA4_6_7_DriverIRQHandler
                0x0ffe0614                ENET_MAC0_Rx_Tx_Done2_DriverIRQHandler
                0x0ffe0614                Reserved274_IRQHandler
                0x0ffe0614                LPSPI5_DriverIRQHandler
                0x0ffe0614                LPI2C6_DriverIRQHandler
                0x0ffe0614                DMA4_56_57_DriverIRQHandler
                0x0ffe0614                TPM4_IRQHandler
                0x0ffe0614                TPM2_IRQHandler
                0x0ffe0614                FLEXIO1_DriverIRQHandler
                0x0ffe0614                Reserved232_IRQHandler
                0x0ffe0614                ENET_DriverIRQHandler
                0x0ffe0614                Reserved43_IRQHandler
                0x0ffe0614                ENET_QOS_DriverIRQHandler
                0x0ffe0614                DMA4_36_37_DriverIRQHandler
                0x0ffe0614                Reserved21_IRQHandler
                0x0ffe0614                Reserved246_IRQHandler
                0x0ffe0614                Reserved18_IRQHandler
                0x0ffe0614                DMA4_26_27_DriverIRQHandler
                0x0ffe0614                SAI1_DriverIRQHandler
                0x0ffe0614                Reserved278_IRQHandler
                0x0ffe0614                Reserved273_IRQHandler
                0x0ffe0614                Reserved277_IRQHandler
                0x0ffe0614                DMA3_DriverIRQHandler
                0x0ffe0614                TPM3_IRQHandler
                0x0ffe0614                Reserved241_IRQHandler
                0x0ffe0614                Reserved27_IRQHandler
                0x0ffe0614                WDOG2_IRQHandler
                0x0ffe0614                Reserved202_IRQHandler
                0x0ffe0614                Reserved46_IRQHandler
                0x0ffe0614                Reserved62_IRQHandler
                0x0ffe0614                Reserved275_IRQHandler
                0x0ffe0614                Reserved256_IRQHandler
                0x0ffe0614                Reserved251_IRQHandler
                0x0ffe0614                Reserved252_IRQHandler
                0x0ffe0614                Reserved206_IRQHandler
                0x0ffe0614                DSI_IRQHandler
                0x0ffe0614                DMA4_18_19_DriverIRQHandler
                0x0ffe0614                Reserved245_IRQHandler
                0x0ffe0614                Reserved26_IRQHandler
                0x0ffe0614                Reserved181_IRQHandler
                0x0ffe0614                LPSPI1_DriverIRQHandler
                0x0ffe0614                Reserved108_IRQHandler
                0x0ffe0614                Reserved72_IRQHandler
                0x0ffe0614                DMA4_12_13_DriverIRQHandler
                0x0ffe0614                LPSPI7_DriverIRQHandler
                0x0ffe0614                Reserved259_IRQHandler
                0x0ffe0614                Reserved194_IRQHandler
                0x0ffe0614                SecureFault_Handler
                0x0ffe0614                DMA4_8_9_DriverIRQHandler
                0x0ffe0614                Reserved100_IRQHandler
                0x0ffe0614                PDM_ERROR_DriverIRQHandler
                0x0ffe0614                Reserved66_IRQHandler
                0x0ffe0614                Reserved20_IRQHandler
                0x0ffe0614                Reserved184_IRQHandler
                0x0ffe0614                Reserved249_IRQHandler
                0x0ffe0614                Reserved107_IRQHandler
                0x0ffe0614                Reserved142_IRQHandler
                0x0ffe0614                DMA4_48_49_DriverIRQHandler
                0x0ffe0614                LPSPI8_DriverIRQHandler
                0x0ffe0614                Reserved98_IRQHandler
                0x0ffe0614                Reserved17_IRQHandler
                0x0ffe0614                Reserved262_IRQHandler
                0x0ffe0614                Reserved189_IRQHandler
                0x0ffe0614                Reserved47_IRQHandler
                0x0ffe0614                Reserved271_IRQHandler
                0x0ffe0614                Reserved258_IRQHandler
                0x0ffe0614                LPI2C1_DriverIRQHandler
                0x0ffe0614                CAN2_DriverIRQHandler
                0x0ffe0614                DMA4_62_63_DriverIRQHandler
                0x0ffe0614                CAN2_ERROR_DriverIRQHandler
                0x0ffe0614                DMA4_2_3_DriverIRQHandler
                0x0ffe0614                DMA4_44_45_DriverIRQHandler
                0x0ffe0614                ENET_MAC0_Rx_Tx_Done1_DriverIRQHandler
                0x0ffe0614                Reserved190_IRQHandler
                0x0ffe0614                Reserved231_IRQHandler
                0x0ffe0614                Reserved276_IRQHandler
                0x0ffe0614                Reserved282_IRQHandler
                0x0ffe0614                Reserved260_IRQHandler
                0x0ffe0614                Reserved105_IRQHandler
                0x0ffe0614                Reserved255_IRQHandler
                0x0ffe0614                DMA4_24_25_DriverIRQHandler
                0x0ffe0614                Reserved269_IRQHandler
                0x0ffe0614                ISI_IRQHandler
                0x0ffe0614                Reserved104_IRQHandler
                0x0ffe0614                Reserved203_IRQHandler
                0x0ffe0614                DMA4_32_33_DriverIRQHandler
                0x0ffe0614                Reserved101_IRQHandler
                0x0ffe0614                Reserved223_IRQHandler
                0x0ffe0614                Reserved244_IRQHandler
                0x0ffe0614                Reserved204_IRQHandler
                0x0ffe0614                Reserved109_IRQHandler
                0x0ffe0614                uSDHC3_DriverIRQHandler
                0x0ffe0614                Reserved254_IRQHandler
                0x0ffe0614                Reserved41_IRQHandler
                0x0ffe0614                SAI3_DriverIRQHandler
                0x0ffe0614                DMA4_60_61_DriverIRQHandler
                0x0ffe0614                Reserved90_IRQHandler
                0x0ffe0614                SAI2_DriverIRQHandler
                0x0ffe0614                LPSPI6_DriverIRQHandler
                0x0ffe0614                Reserved242_IRQHandler
                0x0ffe0614                Reserved205_IRQHandler
                0x0ffe0614                TPM6_IRQHandler
                0x0ffe0614                Reserved48_IRQHandler
                0x0ffe0614                PDM_EVENT_DriverIRQHandler
                0x0ffe0614                MU2_B_IRQHandler
                0x0ffe0614                Reserved222_IRQHandler
                0x0ffe0614                ENET_QOS_PMT_IRQHandler
                0x0ffe0614                Reserved185_IRQHandler
                0x0ffe0614                DMA4_54_55_DriverIRQHandler
                0x0ffe062c                CAN1_IRQHandler
                0x0ffe0630                CAN1_ERROR_IRQHandler
                0x0ffe0634                I3C1_IRQHandler
                0x0ffe0638                LPI2C1_IRQHandler
                0x0ffe063c                LPI2C2_IRQHandler
                0x0ffe0640                LPSPI1_IRQHandler
                0x0ffe0644                LPSPI2_IRQHandler
                0x0ffe0648                LPUART1_IRQHandler
                0x0ffe064c                LPUART2_IRQHandler
                0x0ffe0650                SAI1_IRQHandler
                0x0ffe0654                CAN2_IRQHandler
                0x0ffe0658                CAN2_ERROR_IRQHandler
                0x0ffe065c                FLEXIO1_IRQHandler
                0x0ffe0660                FLEXIO2_IRQHandler
                0x0ffe0664                FlexSPI1_IRQHandler
                0x0ffe0668                I3C2_IRQHandler
                0x0ffe066c                LPI2C3_IRQHandler
                0x0ffe0670                LPI2C4_IRQHandler
                0x0ffe0674                LPSPI3_IRQHandler
                0x0ffe0678                LPSPI4_IRQHandler
                0x0ffe067c                LPUART3_IRQHandler
                0x0ffe0680                LPUART4_IRQHandler
                0x0ffe0684                LPUART5_IRQHandler
                0x0ffe0688                LPUART6_IRQHandler
                0x0ffe068c                uSDHC1_IRQHandler
                0x0ffe0690                uSDHC2_IRQHandler
                0x0ffe0694                DMA3_ERROR_IRQHandler
                0x0ffe069c                DMA3_0_IRQHandler
                0x0ffe06a8                DMA3_1_IRQHandler
                0x0ffe06b4                DMA3_2_IRQHandler
                0x0ffe06c0                DMA3_3_IRQHandler
                0x0ffe06cc                DMA3_4_IRQHandler
                0x0ffe06d8                DMA3_5_IRQHandler
                0x0ffe06e4                DMA3_6_IRQHandler
                0x0ffe06f0                DMA3_7_IRQHandler
                0x0ffe06fc                DMA3_8_IRQHandler
                0x0ffe0708                DMA3_9_IRQHandler
                0x0ffe0714                DMA3_10_IRQHandler
                0x0ffe0720                DMA3_11_IRQHandler
                0x0ffe072c                DMA3_12_IRQHandler
                0x0ffe0738                DMA3_13_IRQHandler
                0x0ffe0744                DMA3_14_IRQHandler
                0x0ffe0750                DMA3_15_IRQHandler
                0x0ffe075c                DMA3_16_IRQHandler
                0x0ffe0768                DMA3_17_IRQHandler
                0x0ffe0774                DMA3_18_IRQHandler
                0x0ffe0780                DMA3_19_IRQHandler
                0x0ffe078c                DMA3_20_IRQHandler
                0x0ffe0798                DMA3_21_IRQHandler
                0x0ffe07a4                DMA3_22_IRQHandler
                0x0ffe07b0                DMA3_23_IRQHandler
                0x0ffe07bc                DMA3_24_IRQHandler
                0x0ffe07c8                DMA3_25_IRQHandler
                0x0ffe07d4                DMA3_26_IRQHandler
                0x0ffe07e0                DMA3_27_IRQHandler
                0x0ffe07ec                DMA3_28_IRQHandler
                0x0ffe07f8                DMA3_29_IRQHandler
                0x0ffe0804                DMA3_30_IRQHandler
                0x0ffe0810                DMA4_ERROR_IRQHandler
                0x0ffe0814                DMA4_0_1_IRQHandler
                0x0ffe0818                DMA4_2_3_IRQHandler
                0x0ffe081c                DMA4_4_5_IRQHandler
                0x0ffe0820                DMA4_6_7_IRQHandler
                0x0ffe0824                DMA4_8_9_IRQHandler
                0x0ffe0828                DMA4_10_11_IRQHandler
                0x0ffe082c                DMA4_12_13_IRQHandler
                0x0ffe0830                DMA4_14_15_IRQHandler
                0x0ffe0834                DMA4_16_17_IRQHandler
                0x0ffe0838                DMA4_18_19_IRQHandler
                0x0ffe083c                DMA4_20_21_IRQHandler
                0x0ffe0840                DMA4_22_23_IRQHandler
                0x0ffe0844                DMA4_24_25_IRQHandler
                0x0ffe0848                DMA4_26_27_IRQHandler
                0x0ffe084c                DMA4_28_29_IRQHandler
                0x0ffe0850                DMA4_30_31_IRQHandler
                0x0ffe0854                DMA4_32_33_IRQHandler
                0x0ffe0858                DMA4_34_35_IRQHandler
                0x0ffe085c                DMA4_36_37_IRQHandler
                0x0ffe0860                DMA4_38_39_IRQHandler
                0x0ffe0864                DMA4_40_41_IRQHandler
                0x0ffe0868                DMA4_42_43_IRQHandler
                0x0ffe086c                DMA4_44_45_IRQHandler
                0x0ffe0870                DMA4_46_47_IRQHandler
                0x0ffe0874                DMA4_48_49_IRQHandler
                0x0ffe0878                DMA4_50_51_IRQHandler
                0x0ffe087c                DMA4_52_53_IRQHandler
                0x0ffe0880                DMA4_54_55_IRQHandler
                0x0ffe0884                DMA4_56_57_IRQHandler
                0x0ffe0888                DMA4_58_59_IRQHandler
                0x0ffe088c                DMA4_60_61_IRQHandler
                0x0ffe0890                DMA4_62_63_IRQHandler
                0x0ffe0894                SAI2_IRQHandler
                0x0ffe0898                SAI3_IRQHandler
                0x0ffe089c                ENET_MAC0_Rx_Tx_Done1_IRQHandler
                0x0ffe08a0                ENET_MAC0_Rx_Tx_Done2_IRQHandler
                0x0ffe08a4                ENET_IRQHandler
                0x0ffe08a8                ENET_1588_IRQHandler
                0x0ffe08ac                ENET_QOS_IRQHandler
                0x0ffe08b0                LPSPI5_IRQHandler
                0x0ffe08b4                LPSPI6_IRQHandler
                0x0ffe08b8                LPSPI7_IRQHandler
                0x0ffe08bc                LPSPI8_IRQHandler
                0x0ffe08c0                LPI2C5_IRQHandler
                0x0ffe08c4                LPI2C6_IRQHandler
                0x0ffe08c8                LPI2C7_IRQHandler
                0x0ffe08cc                LPI2C8_IRQHandler
                0x0ffe08d0                PDM_HWVAD_ERROR_IRQHandler
                0x0ffe08d4                PDM_HWVAD_EVENT_IRQHandler
                0x0ffe08d8                PDM_ERROR_IRQHandler
                0x0ffe08dc                PDM_EVENT_IRQHandler
                0x0ffe08e0                uSDHC3_IRQHandler
                0x0ffe08e4                LPUART7_IRQHandler
                0x0ffe08e8                LPUART8_IRQHandler
 .text          0x0ffe0a48       0xa0 CMakeFiles/payexp_m33.elf.dir/F_/F00_Workspace/03_SATEXP_IMX93/A03_SDK/SDK_2_14_0_MIMX9352xxxxK/devices/MIMX9352/utilities/fsl_memcpy.S.obj
                0x0ffe0a48                memcpy
 .text          0x0ffe0ae8       0x14 C:/Users/CAOHIE~1/MCUXPR~1/ARM-GN~1.REL/bin/../lib/gcc/arm-none-eabi/14.2.1/thumb/v8-m.main+fp/hard\libc_nano.a(libc_a-strcmp.o)
                0x0ffe0ae8                strcmp
 .text          0x0ffe0afc       0x10 C:/Users/CAOHIE~1/MCUXPR~1/ARM-GN~1.REL/bin/../lib/gcc/arm-none-eabi/14.2.1/thumb/v8-m.main+fp/hard\libc_nano.a(libc_a-strlen.o)
                0x0ffe0afc                strlen
 *(.text*)
 .text.deregister_tm_clones
                0x0ffe0b0c       0x1c C:/Users/CAOHIE~1/MCUXPR~1/ARM-GN~1.REL/bin/../lib/gcc/arm-none-eabi/14.2.1/thumb/v8-m.main+fp/hard/crtbegin.o
 .text.register_tm_clones
                0x0ffe0b28       0x28 C:/Users/CAOHIE~1/MCUXPR~1/ARM-GN~1.REL/bin/../lib/gcc/arm-none-eabi/14.2.1/thumb/v8-m.main+fp/hard/crtbegin.o
 .text.__do_global_dtors_aux
                0x0ffe0b50       0x28 C:/Users/CAOHIE~1/MCUXPR~1/ARM-GN~1.REL/bin/../lib/gcc/arm-none-eabi/14.2.1/thumb/v8-m.main+fp/hard/crtbegin.o
 .text.frame_dummy
                0x0ffe0b78       0x24 C:/Users/CAOHIE~1/MCUXPR~1/ARM-GN~1.REL/bin/../lib/gcc/arm-none-eabi/14.2.1/thumb/v8-m.main+fp/hard/crtbegin.o
 .text.__NVIC_EnableIRQ
                0x0ffe0b9c       0x3c CMakeFiles/payexp_m33.elf.dir/F_/F00_Workspace/03_SATEXP_IMX93/A04_Project/AF_IPCDEV/payexp/Core/Src/main.c.obj
 .text.__NVIC_SetPriority
                0x0ffe0bd8       0x54 CMakeFiles/payexp_m33.elf.dir/F_/F00_Workspace/03_SATEXP_IMX93/A04_Project/AF_IPCDEV/payexp/Core/Src/main.c.obj
 .text.CLOCK_ControlGate
                0x0ffe0c2c       0x68 CMakeFiles/payexp_m33.elf.dir/F_/F00_Workspace/03_SATEXP_IMX93/A04_Project/AF_IPCDEV/payexp/Core/Src/main.c.obj
 .text.CLOCK_EnableClock
                0x0ffe0c94       0x1c CMakeFiles/payexp_m33.elf.dir/F_/F00_Workspace/03_SATEXP_IMX93/A04_Project/AF_IPCDEV/payexp/Core/Src/main.c.obj
 .text.EnableIRQWithPriority
                0x0ffe0cb0       0x46 CMakeFiles/payexp_m33.elf.dir/F_/F00_Workspace/03_SATEXP_IMX93/A04_Project/AF_IPCDEV/payexp/Core/Src/main.c.obj
 .text.LPTMR_EnableInterrupts
                0x0ffe0cf6       0x32 CMakeFiles/payexp_m33.elf.dir/F_/F00_Workspace/03_SATEXP_IMX93/A04_Project/AF_IPCDEV/payexp/Core/Src/main.c.obj
 .text.LPTMR_SetTimerPeriod
                0x0ffe0d28       0x3c CMakeFiles/payexp_m33.elf.dir/F_/F00_Workspace/03_SATEXP_IMX93/A04_Project/AF_IPCDEV/payexp/Core/Src/main.c.obj
 .text.LPTMR_StartTimer
                0x0ffe0d64       0x30 CMakeFiles/payexp_m33.elf.dir/F_/F00_Workspace/03_SATEXP_IMX93/A04_Project/AF_IPCDEV/payexp/Core/Src/main.c.obj
 .text.main     0x0ffe0d94       0x30 CMakeFiles/payexp_m33.elf.dir/F_/F00_Workspace/03_SATEXP_IMX93/A04_Project/AF_IPCDEV/payexp/Core/Src/main.c.obj
                0x0ffe0d94                main
 .text.IMX_LPTMP1_Init
                0x0ffe0dc4       0x4c CMakeFiles/payexp_m33.elf.dir/F_/F00_Workspace/03_SATEXP_IMX93/A04_Project/AF_IPCDEV/payexp/Core/Src/main.c.obj
 .text.IMX_MU_Init
                0x0ffe0e10       0x14 CMakeFiles/payexp_m33.elf.dir/F_/F00_Workspace/03_SATEXP_IMX93/A04_Project/AF_IPCDEV/payexp/Core/Src/main.c.obj
 .text.LPTMR_ClearStatusFlags
                0x0ffe0e24       0x22 CMakeFiles/payexp_m33.elf.dir/F_/F00_Workspace/03_SATEXP_IMX93/A04_Project/AF_IPCDEV/payexp/Core/Src/MIMX9352cm33_it.c.obj
 .text.NMI_Handler
                0x0ffe0e46        0x8 CMakeFiles/payexp_m33.elf.dir/F_/F00_Workspace/03_SATEXP_IMX93/A04_Project/AF_IPCDEV/payexp/Core/Src/MIMX9352cm33_it.c.obj
                0x0ffe0e46                NMI_Handler
 *fill*         0x0ffe0e4e        0x2 
 .text.HardFault_Handler
                0x0ffe0e50       0x14 CMakeFiles/payexp_m33.elf.dir/F_/F00_Workspace/03_SATEXP_IMX93/A04_Project/AF_IPCDEV/payexp/Core/Src/MIMX9352cm33_it.c.obj
                0x0ffe0e50                HardFault_Handler
 .text.MemManage_Handler
                0x0ffe0e64       0x14 CMakeFiles/payexp_m33.elf.dir/F_/F00_Workspace/03_SATEXP_IMX93/A04_Project/AF_IPCDEV/payexp/Core/Src/MIMX9352cm33_it.c.obj
                0x0ffe0e64                MemManage_Handler
 .text.BusFault_Handler
                0x0ffe0e78        0x8 CMakeFiles/payexp_m33.elf.dir/F_/F00_Workspace/03_SATEXP_IMX93/A04_Project/AF_IPCDEV/payexp/Core/Src/MIMX9352cm33_it.c.obj
                0x0ffe0e78                BusFault_Handler
 .text.UsageFault_Handler
                0x0ffe0e80        0x8 CMakeFiles/payexp_m33.elf.dir/F_/F00_Workspace/03_SATEXP_IMX93/A04_Project/AF_IPCDEV/payexp/Core/Src/MIMX9352cm33_it.c.obj
                0x0ffe0e80                UsageFault_Handler
 .text.DebugMon_Handler
                0x0ffe0e88        0xe CMakeFiles/payexp_m33.elf.dir/F_/F00_Workspace/03_SATEXP_IMX93/A04_Project/AF_IPCDEV/payexp/Core/Src/MIMX9352cm33_it.c.obj
                0x0ffe0e88                DebugMon_Handler
 *fill*         0x0ffe0e96        0x2 
 .text.LPTMR1_IRQHandler
                0x0ffe0e98       0x24 CMakeFiles/payexp_m33.elf.dir/F_/F00_Workspace/03_SATEXP_IMX93/A04_Project/AF_IPCDEV/payexp/Core/Src/MIMX9352cm33_it.c.obj
                0x0ffe0e98                LPTMR1_IRQHandler
 .text.CLOCK_SetRootClock
                0x0ffe0ebc       0x7c CMakeFiles/payexp_m33.elf.dir/F_/F00_Workspace/03_SATEXP_IMX93/A04_Project/AF_IPCDEV/payexp/Core/Src/board.c.obj
 .text.CLOCK_ControlGate
                0x0ffe0f38       0x68 CMakeFiles/payexp_m33.elf.dir/F_/F00_Workspace/03_SATEXP_IMX93/A04_Project/AF_IPCDEV/payexp/Core/Src/board.c.obj
 .text.CLOCK_EnableClock
                0x0ffe0fa0       0x1c CMakeFiles/payexp_m33.elf.dir/F_/F00_Workspace/03_SATEXP_IMX93/A04_Project/AF_IPCDEV/payexp/Core/Src/board.c.obj
 .text.BOARD_InitDebugConsole
                0x0ffe0fbc       0x3e CMakeFiles/payexp_m33.elf.dir/F_/F00_Workspace/03_SATEXP_IMX93/A04_Project/AF_IPCDEV/payexp/Core/Src/board.c.obj
                0x0ffe0fbc                BOARD_InitDebugConsole
 *fill*         0x0ffe0ffa        0x2 
 .text.CLOCK_PllInit
                0x0ffe0ffc       0x94 CMakeFiles/payexp_m33.elf.dir/F_/F00_Workspace/03_SATEXP_IMX93/A04_Project/AF_IPCDEV/payexp/Core/Src/clock_config.c.obj
 .text.BOARD_InitClock
                0x0ffe1090       0x74 CMakeFiles/payexp_m33.elf.dir/F_/F00_Workspace/03_SATEXP_IMX93/A04_Project/AF_IPCDEV/payexp/Core/Src/clock_config.c.obj
 .text.BOARD_BootClockRUN
                0x0ffe1104       0x1c CMakeFiles/payexp_m33.elf.dir/F_/F00_Workspace/03_SATEXP_IMX93/A04_Project/AF_IPCDEV/payexp/Core/Src/clock_config.c.obj
                0x0ffe1104                BOARD_BootClockRUN
 .text.IOMUXC_SetPinMux
                0x0ffe1120       0x40 CMakeFiles/payexp_m33.elf.dir/F_/F00_Workspace/03_SATEXP_IMX93/A04_Project/AF_IPCDEV/payexp/Core/Src/pin_mux.c.obj
 .text.IOMUXC_SetPinConfig
                0x0ffe1160       0x26 CMakeFiles/payexp_m33.elf.dir/F_/F00_Workspace/03_SATEXP_IMX93/A04_Project/AF_IPCDEV/payexp/Core/Src/pin_mux.c.obj
 .text.BOARD_InitBootPins
                0x0ffe1186        0xc CMakeFiles/payexp_m33.elf.dir/F_/F00_Workspace/03_SATEXP_IMX93/A04_Project/AF_IPCDEV/payexp/Core/Src/pin_mux.c.obj
                0x0ffe1186                BOARD_InitBootPins
 *fill*         0x0ffe1192        0x2 
 .text.BOARD_InitPins
                0x0ffe1194       0x70 CMakeFiles/payexp_m33.elf.dir/F_/F00_Workspace/03_SATEXP_IMX93/A04_Project/AF_IPCDEV/payexp/Core/Src/pin_mux.c.obj
                0x0ffe1194                BOARD_InitPins
 .text.HAL_UartGetStatus
                0x0ffe1204       0x28 CMakeFiles/payexp_m33.elf.dir/F_/F00_Workspace/03_SATEXP_IMX93/A03_SDK/SDK_2_14_0_MIMX9352xxxxK/components/uart/fsl_adapter_lpuart.c.obj
 .text.HAL_UartInitCommon
                0x0ffe122c       0xe0 CMakeFiles/payexp_m33.elf.dir/F_/F00_Workspace/03_SATEXP_IMX93/A03_SDK/SDK_2_14_0_MIMX9352xxxxK/components/uart/fsl_adapter_lpuart.c.obj
 .text.HAL_UartInit
                0x0ffe130c       0xac CMakeFiles/payexp_m33.elf.dir/F_/F00_Workspace/03_SATEXP_IMX93/A03_SDK/SDK_2_14_0_MIMX9352xxxxK/components/uart/fsl_adapter_lpuart.c.obj
                0x0ffe130c                HAL_UartInit
 .text.HAL_UartSendBlocking
                0x0ffe13b8       0x84 CMakeFiles/payexp_m33.elf.dir/F_/F00_Workspace/03_SATEXP_IMX93/A03_SDK/SDK_2_14_0_MIMX9352xxxxK/components/uart/fsl_adapter_lpuart.c.obj
                0x0ffe13b8                HAL_UartSendBlocking
 .text.DisableGlobalIRQ
                0x0ffe143c       0x22 CMakeFiles/payexp_m33.elf.dir/F_/F00_Workspace/03_SATEXP_IMX93/A03_SDK/SDK_2_14_0_MIMX9352xxxxK/components/serial_manager/fsl_component_serial_manager.c.obj
 .text.EnableGlobalIRQ
                0x0ffe145e       0x20 CMakeFiles/payexp_m33.elf.dir/F_/F00_Workspace/03_SATEXP_IMX93/A03_SDK/SDK_2_14_0_MIMX9352xxxxK/components/serial_manager/fsl_component_serial_manager.c.obj
 .text.SerialManager_StartWriting
                0x0ffe147e       0x38 CMakeFiles/payexp_m33.elf.dir/F_/F00_Workspace/03_SATEXP_IMX93/A03_SDK/SDK_2_14_0_MIMX9352xxxxK/components/serial_manager/fsl_component_serial_manager.c.obj
 .text.SerialManager_Write
                0x0ffe14b6       0x44 CMakeFiles/payexp_m33.elf.dir/F_/F00_Workspace/03_SATEXP_IMX93/A03_SDK/SDK_2_14_0_MIMX9352xxxxK/components/serial_manager/fsl_component_serial_manager.c.obj
 .text.SerialManager_Init
                0x0ffe14fa       0x60 CMakeFiles/payexp_m33.elf.dir/F_/F00_Workspace/03_SATEXP_IMX93/A03_SDK/SDK_2_14_0_MIMX9352xxxxK/components/serial_manager/fsl_component_serial_manager.c.obj
                0x0ffe14fa                SerialManager_Init
 .text.SerialManager_OpenWriteHandle
                0x0ffe155a       0x50 CMakeFiles/payexp_m33.elf.dir/F_/F00_Workspace/03_SATEXP_IMX93/A03_SDK/SDK_2_14_0_MIMX9352xxxxK/components/serial_manager/fsl_component_serial_manager.c.obj
                0x0ffe155a                SerialManager_OpenWriteHandle
 .text.SerialManager_OpenReadHandle
                0x0ffe15aa       0x60 CMakeFiles/payexp_m33.elf.dir/F_/F00_Workspace/03_SATEXP_IMX93/A03_SDK/SDK_2_14_0_MIMX9352xxxxK/components/serial_manager/fsl_component_serial_manager.c.obj
                0x0ffe15aa                SerialManager_OpenReadHandle
 .text.SerialManager_WriteBlocking
                0x0ffe160a       0x20 CMakeFiles/payexp_m33.elf.dir/F_/F00_Workspace/03_SATEXP_IMX93/A03_SDK/SDK_2_14_0_MIMX9352xxxxK/components/serial_manager/fsl_component_serial_manager.c.obj
                0x0ffe160a                SerialManager_WriteBlocking
 .text.Serial_UartInit
                0x0ffe162a       0x3e CMakeFiles/payexp_m33.elf.dir/F_/F00_Workspace/03_SATEXP_IMX93/A03_SDK/SDK_2_14_0_MIMX9352xxxxK/components/serial_manager/fsl_component_serial_port_uart.c.obj
                0x0ffe162a                Serial_UartInit
 .text.Serial_UartWrite
                0x0ffe1668       0x38 CMakeFiles/payexp_m33.elf.dir/F_/F00_Workspace/03_SATEXP_IMX93/A03_SDK/SDK_2_14_0_MIMX9352xxxxK/components/serial_manager/fsl_component_serial_port_uart.c.obj
                0x0ffe1668                Serial_UartWrite
 .text.SystemInit
                0x0ffe16a0       0x20 CMakeFiles/payexp_m33.elf.dir/F_/F00_Workspace/03_SATEXP_IMX93/A03_SDK/SDK_2_14_0_MIMX9352xxxxK/devices/MIMX9352/system_MIMX9352_cm33.c.obj
                0x0ffe16a0                SystemInit
 .text.SystemInitHook
                0x0ffe16c0        0xe CMakeFiles/payexp_m33.elf.dir/F_/F00_Workspace/03_SATEXP_IMX93/A03_SDK/SDK_2_14_0_MIMX9352xxxxK/devices/MIMX9352/system_MIMX9352_cm33.c.obj
                0x0ffe16c0                SystemInitHook
 *fill*         0x0ffe16ce        0x2 
 .text.CLOCK_GetRootClockMux
                0x0ffe16d0       0x2c CMakeFiles/payexp_m33.elf.dir/F_/F00_Workspace/03_SATEXP_IMX93/A03_SDK/SDK_2_14_0_MIMX9352xxxxK/devices/MIMX9352/drivers/fsl_clock.c.obj
 .text.CLOCK_GetRootClockSource
                0x0ffe16fc       0x2c CMakeFiles/payexp_m33.elf.dir/F_/F00_Workspace/03_SATEXP_IMX93/A03_SDK/SDK_2_14_0_MIMX9352xxxxK/devices/MIMX9352/drivers/fsl_clock.c.obj
 .text.CLOCK_GetRootClockDiv
                0x0ffe1728       0x28 CMakeFiles/payexp_m33.elf.dir/F_/F00_Workspace/03_SATEXP_IMX93/A03_SDK/SDK_2_14_0_MIMX9352xxxxK/devices/MIMX9352/drivers/fsl_clock.c.obj
 .text.CLOCK_GetIpFreq
                0x0ffe1750       0x64 CMakeFiles/payexp_m33.elf.dir/F_/F00_Workspace/03_SATEXP_IMX93/A03_SDK/SDK_2_14_0_MIMX9352xxxxK/devices/MIMX9352/drivers/fsl_clock.c.obj
                0x0ffe1750                CLOCK_GetIpFreq
 .text.LPTMR_Init
                0x0ffe17b4       0x88 CMakeFiles/payexp_m33.elf.dir/F_/F00_Workspace/03_SATEXP_IMX93/A03_SDK/SDK_2_14_0_MIMX9352xxxxK/devices/MIMX9352/drivers/fsl_lptmr.c.obj
                0x0ffe17b4                LPTMR_Init
 .text.LPTMR_GetDefaultConfig
                0x0ffe183c       0x64 CMakeFiles/payexp_m33.elf.dir/F_/F00_Workspace/03_SATEXP_IMX93/A03_SDK/SDK_2_14_0_MIMX9352xxxxK/devices/MIMX9352/drivers/fsl_lptmr.c.obj
                0x0ffe183c                LPTMR_GetDefaultConfig
 .text.CLOCK_ControlGate
                0x0ffe18a0       0x68 CMakeFiles/payexp_m33.elf.dir/F_/F00_Workspace/03_SATEXP_IMX93/A03_SDK/SDK_2_14_0_MIMX9352xxxxK/devices/MIMX9352/drivers/fsl_lpuart.c.obj
 .text.CLOCK_EnableClock
                0x0ffe1908       0x1c CMakeFiles/payexp_m33.elf.dir/F_/F00_Workspace/03_SATEXP_IMX93/A03_SDK/SDK_2_14_0_MIMX9352xxxxK/devices/MIMX9352/drivers/fsl_lpuart.c.obj
 .text.LPUART_SoftwareReset
                0x0ffe1924       0x2c CMakeFiles/payexp_m33.elf.dir/F_/F00_Workspace/03_SATEXP_IMX93/A03_SDK/SDK_2_14_0_MIMX9352xxxxK/devices/MIMX9352/drivers/fsl_lpuart.c.obj
 .text.LPUART_GetInstance
                0x0ffe1950       0x58 CMakeFiles/payexp_m33.elf.dir/F_/F00_Workspace/03_SATEXP_IMX93/A03_SDK/SDK_2_14_0_MIMX9352xxxxK/devices/MIMX9352/drivers/fsl_lpuart.c.obj
                0x0ffe1950                LPUART_GetInstance
 .text.LPUART_Init
                0x0ffe19a8      0x348 CMakeFiles/payexp_m33.elf.dir/F_/F00_Workspace/03_SATEXP_IMX93/A03_SDK/SDK_2_14_0_MIMX9352xxxxK/devices/MIMX9352/drivers/fsl_lpuart.c.obj
                0x0ffe19a8                LPUART_Init
 .text.LPUART_GetDefaultConfig
                0x0ffe1cf0       0x98 CMakeFiles/payexp_m33.elf.dir/F_/F00_Workspace/03_SATEXP_IMX93/A03_SDK/SDK_2_14_0_MIMX9352xxxxK/devices/MIMX9352/drivers/fsl_lpuart.c.obj
                0x0ffe1cf0                LPUART_GetDefaultConfig
 .text.LPUART_WriteBlocking
                0x0ffe1d88       0x78 CMakeFiles/payexp_m33.elf.dir/F_/F00_Workspace/03_SATEXP_IMX93/A03_SDK/SDK_2_14_0_MIMX9352xxxxK/devices/MIMX9352/drivers/fsl_lpuart.c.obj
                0x0ffe1d88                LPUART_WriteBlocking
 .text.LPUART1_DriverIRQHandler
                0x0ffe1e00       0x24 CMakeFiles/payexp_m33.elf.dir/F_/F00_Workspace/03_SATEXP_IMX93/A03_SDK/SDK_2_14_0_MIMX9352xxxxK/devices/MIMX9352/drivers/fsl_lpuart.c.obj
                0x0ffe1e00                LPUART1_DriverIRQHandler
 .text.LPUART2_DriverIRQHandler
                0x0ffe1e24       0x24 CMakeFiles/payexp_m33.elf.dir/F_/F00_Workspace/03_SATEXP_IMX93/A03_SDK/SDK_2_14_0_MIMX9352xxxxK/devices/MIMX9352/drivers/fsl_lpuart.c.obj
                0x0ffe1e24                LPUART2_DriverIRQHandler
 .text.LPUART3_DriverIRQHandler
                0x0ffe1e48       0x24 CMakeFiles/payexp_m33.elf.dir/F_/F00_Workspace/03_SATEXP_IMX93/A03_SDK/SDK_2_14_0_MIMX9352xxxxK/devices/MIMX9352/drivers/fsl_lpuart.c.obj
                0x0ffe1e48                LPUART3_DriverIRQHandler
 .text.LPUART4_DriverIRQHandler
                0x0ffe1e6c       0x24 CMakeFiles/payexp_m33.elf.dir/F_/F00_Workspace/03_SATEXP_IMX93/A03_SDK/SDK_2_14_0_MIMX9352xxxxK/devices/MIMX9352/drivers/fsl_lpuart.c.obj
                0x0ffe1e6c                LPUART4_DriverIRQHandler
 .text.LPUART5_DriverIRQHandler
                0x0ffe1e90       0x24 CMakeFiles/payexp_m33.elf.dir/F_/F00_Workspace/03_SATEXP_IMX93/A03_SDK/SDK_2_14_0_MIMX9352xxxxK/devices/MIMX9352/drivers/fsl_lpuart.c.obj
                0x0ffe1e90                LPUART5_DriverIRQHandler
 .text.LPUART6_DriverIRQHandler
                0x0ffe1eb4       0x24 CMakeFiles/payexp_m33.elf.dir/F_/F00_Workspace/03_SATEXP_IMX93/A03_SDK/SDK_2_14_0_MIMX9352xxxxK/devices/MIMX9352/drivers/fsl_lpuart.c.obj
                0x0ffe1eb4                LPUART6_DriverIRQHandler
 .text.LPUART7_DriverIRQHandler
                0x0ffe1ed8       0x24 CMakeFiles/payexp_m33.elf.dir/F_/F00_Workspace/03_SATEXP_IMX93/A03_SDK/SDK_2_14_0_MIMX9352xxxxK/devices/MIMX9352/drivers/fsl_lpuart.c.obj
                0x0ffe1ed8                LPUART7_DriverIRQHandler
 .text.LPUART8_DriverIRQHandler
                0x0ffe1efc       0x24 CMakeFiles/payexp_m33.elf.dir/F_/F00_Workspace/03_SATEXP_IMX93/A03_SDK/SDK_2_14_0_MIMX9352xxxxK/devices/MIMX9352/drivers/fsl_lpuart.c.obj
                0x0ffe1efc                LPUART8_DriverIRQHandler
 .text.CLOCK_ControlGate
                0x0ffe1f20       0x68 CMakeFiles/payexp_m33.elf.dir/F_/F00_Workspace/03_SATEXP_IMX93/A03_SDK/SDK_2_14_0_MIMX9352xxxxK/devices/MIMX9352/drivers/fsl_mu.c.obj
 .text.CLOCK_EnableClock
                0x0ffe1f88       0x1c CMakeFiles/payexp_m33.elf.dir/F_/F00_Workspace/03_SATEXP_IMX93/A03_SDK/SDK_2_14_0_MIMX9352xxxxK/devices/MIMX9352/drivers/fsl_mu.c.obj
 .text.CLOCK_DisableClock
                0x0ffe1fa4       0x1c CMakeFiles/payexp_m33.elf.dir/F_/F00_Workspace/03_SATEXP_IMX93/A03_SDK/SDK_2_14_0_MIMX9352xxxxK/devices/MIMX9352/drivers/fsl_mu.c.obj
 .text.MU_GetInstance
                0x0ffe1fc0       0x58 CMakeFiles/payexp_m33.elf.dir/F_/F00_Workspace/03_SATEXP_IMX93/A03_SDK/SDK_2_14_0_MIMX9352xxxxK/devices/MIMX9352/drivers/fsl_mu.c.obj
 .text.MU_Init  0x0ffe2018       0x28 CMakeFiles/payexp_m33.elf.dir/F_/F00_Workspace/03_SATEXP_IMX93/A03_SDK/SDK_2_14_0_MIMX9352xxxxK/devices/MIMX9352/drivers/fsl_mu.c.obj
                0x0ffe2018                MU_Init
 .text.MU_Deinit
                0x0ffe2040       0x28 CMakeFiles/payexp_m33.elf.dir/F_/F00_Workspace/03_SATEXP_IMX93/A03_SDK/SDK_2_14_0_MIMX9352xxxxK/devices/MIMX9352/drivers/fsl_mu.c.obj
                0x0ffe2040                MU_Deinit
 .text.MU_SendMsg
                0x0ffe2068       0x54 CMakeFiles/payexp_m33.elf.dir/F_/F00_Workspace/03_SATEXP_IMX93/A03_SDK/SDK_2_14_0_MIMX9352xxxxK/devices/MIMX9352/drivers/fsl_mu.c.obj
                0x0ffe2068                MU_SendMsg
 .text.MU_GetStatusFlags
                0x0ffe20bc       0x50 CMakeFiles/payexp_m33.elf.dir/F_/F00_Workspace/03_SATEXP_IMX93/A03_SDK/SDK_2_14_0_MIMX9352xxxxK/devices/MIMX9352/drivers/fsl_mu.c.obj
                0x0ffe20bc                MU_GetStatusFlags
 .text.xEventGroupCreate
                0x0ffe210c       0x34 CMakeFiles/payexp_m33.elf.dir/F_/F00_Workspace/03_SATEXP_IMX93/A03_SDK/SDK_2_14_0_MIMX9352xxxxK/rtos/freertos/freertos-kernel/event_groups.c.obj
                0x0ffe210c                xEventGroupCreate
 .text.xEventGroupWaitBits
                0x0ffe2140      0x152 CMakeFiles/payexp_m33.elf.dir/F_/F00_Workspace/03_SATEXP_IMX93/A03_SDK/SDK_2_14_0_MIMX9352xxxxK/rtos/freertos/freertos-kernel/event_groups.c.obj
                0x0ffe2140                xEventGroupWaitBits
 .text.xEventGroupClearBits
                0x0ffe2292       0x52 CMakeFiles/payexp_m33.elf.dir/F_/F00_Workspace/03_SATEXP_IMX93/A03_SDK/SDK_2_14_0_MIMX9352xxxxK/rtos/freertos/freertos-kernel/event_groups.c.obj
                0x0ffe2292                xEventGroupClearBits
 .text.xEventGroupSetBits
                0x0ffe22e4       0xf8 CMakeFiles/payexp_m33.elf.dir/F_/F00_Workspace/03_SATEXP_IMX93/A03_SDK/SDK_2_14_0_MIMX9352xxxxK/rtos/freertos/freertos-kernel/event_groups.c.obj
                0x0ffe22e4                xEventGroupSetBits
 .text.vEventGroupDelete
                0x0ffe23dc       0x6a CMakeFiles/payexp_m33.elf.dir/F_/F00_Workspace/03_SATEXP_IMX93/A03_SDK/SDK_2_14_0_MIMX9352xxxxK/rtos/freertos/freertos-kernel/event_groups.c.obj
                0x0ffe23dc                vEventGroupDelete
 .text.vEventGroupSetBitsCallback
                0x0ffe2446       0x1a CMakeFiles/payexp_m33.elf.dir/F_/F00_Workspace/03_SATEXP_IMX93/A03_SDK/SDK_2_14_0_MIMX9352xxxxK/rtos/freertos/freertos-kernel/event_groups.c.obj
                0x0ffe2446                vEventGroupSetBitsCallback
 .text.prvTestWaitCondition
                0x0ffe2460       0x44 CMakeFiles/payexp_m33.elf.dir/F_/F00_Workspace/03_SATEXP_IMX93/A03_SDK/SDK_2_14_0_MIMX9352xxxxK/rtos/freertos/freertos-kernel/event_groups.c.obj
 .text.xEventGroupSetBitsFromISR
                0x0ffe24a4       0x28 CMakeFiles/payexp_m33.elf.dir/F_/F00_Workspace/03_SATEXP_IMX93/A03_SDK/SDK_2_14_0_MIMX9352xxxxK/rtos/freertos/freertos-kernel/event_groups.c.obj
                0x0ffe24a4                xEventGroupSetBitsFromISR
 .text.vListInitialise
                0x0ffe24cc       0x40 CMakeFiles/payexp_m33.elf.dir/F_/F00_Workspace/03_SATEXP_IMX93/A03_SDK/SDK_2_14_0_MIMX9352xxxxK/rtos/freertos/freertos-kernel/list.c.obj
                0x0ffe24cc                vListInitialise
 .text.vListInitialiseItem
                0x0ffe250c       0x1a CMakeFiles/payexp_m33.elf.dir/F_/F00_Workspace/03_SATEXP_IMX93/A03_SDK/SDK_2_14_0_MIMX9352xxxxK/rtos/freertos/freertos-kernel/list.c.obj
                0x0ffe250c                vListInitialiseItem
 .text.vListInsertEnd
                0x0ffe2526       0x48 CMakeFiles/payexp_m33.elf.dir/F_/F00_Workspace/03_SATEXP_IMX93/A03_SDK/SDK_2_14_0_MIMX9352xxxxK/rtos/freertos/freertos-kernel/list.c.obj
                0x0ffe2526                vListInsertEnd
 .text.vListInsert
                0x0ffe256e       0x72 CMakeFiles/payexp_m33.elf.dir/F_/F00_Workspace/03_SATEXP_IMX93/A03_SDK/SDK_2_14_0_MIMX9352xxxxK/rtos/freertos/freertos-kernel/list.c.obj
                0x0ffe256e                vListInsert
 .text.uxListRemove
                0x0ffe25e0       0x54 CMakeFiles/payexp_m33.elf.dir/F_/F00_Workspace/03_SATEXP_IMX93/A03_SDK/SDK_2_14_0_MIMX9352xxxxK/rtos/freertos/freertos-kernel/list.c.obj
                0x0ffe25e0                uxListRemove
 .text.xQueueGenericReset
                0x0ffe2634       0xf2 CMakeFiles/payexp_m33.elf.dir/F_/F00_Workspace/03_SATEXP_IMX93/A03_SDK/SDK_2_14_0_MIMX9352xxxxK/rtos/freertos/freertos-kernel/queue.c.obj
                0x0ffe2634                xQueueGenericReset
 .text.xQueueGenericCreateStatic
                0x0ffe2726       0x92 CMakeFiles/payexp_m33.elf.dir/F_/F00_Workspace/03_SATEXP_IMX93/A03_SDK/SDK_2_14_0_MIMX9352xxxxK/rtos/freertos/freertos-kernel/queue.c.obj
                0x0ffe2726                xQueueGenericCreateStatic
 .text.xQueueGenericCreate
                0x0ffe27b8       0x96 CMakeFiles/payexp_m33.elf.dir/F_/F00_Workspace/03_SATEXP_IMX93/A03_SDK/SDK_2_14_0_MIMX9352xxxxK/rtos/freertos/freertos-kernel/queue.c.obj
                0x0ffe27b8                xQueueGenericCreate
 .text.prvInitialiseNewQueue
                0x0ffe284e       0x46 CMakeFiles/payexp_m33.elf.dir/F_/F00_Workspace/03_SATEXP_IMX93/A03_SDK/SDK_2_14_0_MIMX9352xxxxK/rtos/freertos/freertos-kernel/queue.c.obj
 .text.xQueueCreateCountingSemaphore
                0x0ffe2894       0x4e CMakeFiles/payexp_m33.elf.dir/F_/F00_Workspace/03_SATEXP_IMX93/A03_SDK/SDK_2_14_0_MIMX9352xxxxK/rtos/freertos/freertos-kernel/queue.c.obj
                0x0ffe2894                xQueueCreateCountingSemaphore
 .text.xQueueGenericSend
                0x0ffe28e2      0x19a CMakeFiles/payexp_m33.elf.dir/F_/F00_Workspace/03_SATEXP_IMX93/A03_SDK/SDK_2_14_0_MIMX9352xxxxK/rtos/freertos/freertos-kernel/queue.c.obj
                0x0ffe28e2                xQueueGenericSend
 .text.xQueueGenericSendFromISR
                0x0ffe2a7c      0x108 CMakeFiles/payexp_m33.elf.dir/F_/F00_Workspace/03_SATEXP_IMX93/A03_SDK/SDK_2_14_0_MIMX9352xxxxK/rtos/freertos/freertos-kernel/queue.c.obj
                0x0ffe2a7c                xQueueGenericSendFromISR
 .text.xQueueReceive
                0x0ffe2b84      0x178 CMakeFiles/payexp_m33.elf.dir/F_/F00_Workspace/03_SATEXP_IMX93/A03_SDK/SDK_2_14_0_MIMX9352xxxxK/rtos/freertos/freertos-kernel/queue.c.obj
                0x0ffe2b84                xQueueReceive
 .text.xQueueSemaphoreTake
                0x0ffe2cfc      0x1c6 CMakeFiles/payexp_m33.elf.dir/F_/F00_Workspace/03_SATEXP_IMX93/A03_SDK/SDK_2_14_0_MIMX9352xxxxK/rtos/freertos/freertos-kernel/queue.c.obj
                0x0ffe2cfc                xQueueSemaphoreTake
 .text.xQueueReceiveFromISR
                0x0ffe2ec2       0xe0 CMakeFiles/payexp_m33.elf.dir/F_/F00_Workspace/03_SATEXP_IMX93/A03_SDK/SDK_2_14_0_MIMX9352xxxxK/rtos/freertos/freertos-kernel/queue.c.obj
                0x0ffe2ec2                xQueueReceiveFromISR
 .text.vQueueDelete
                0x0ffe2fa2       0x38 CMakeFiles/payexp_m33.elf.dir/F_/F00_Workspace/03_SATEXP_IMX93/A03_SDK/SDK_2_14_0_MIMX9352xxxxK/rtos/freertos/freertos-kernel/queue.c.obj
                0x0ffe2fa2                vQueueDelete
 .text.prvGetDisinheritPriorityAfterTimeout
                0x0ffe2fda       0x30 CMakeFiles/payexp_m33.elf.dir/F_/F00_Workspace/03_SATEXP_IMX93/A03_SDK/SDK_2_14_0_MIMX9352xxxxK/rtos/freertos/freertos-kernel/queue.c.obj
 .text.prvCopyDataToQueue
                0x0ffe300a       0xd4 CMakeFiles/payexp_m33.elf.dir/F_/F00_Workspace/03_SATEXP_IMX93/A03_SDK/SDK_2_14_0_MIMX9352xxxxK/rtos/freertos/freertos-kernel/queue.c.obj
 .text.prvCopyDataFromQueue
                0x0ffe30de       0x4c CMakeFiles/payexp_m33.elf.dir/F_/F00_Workspace/03_SATEXP_IMX93/A03_SDK/SDK_2_14_0_MIMX9352xxxxK/rtos/freertos/freertos-kernel/queue.c.obj
 .text.prvUnlockQueue
                0x0ffe312a       0xa4 CMakeFiles/payexp_m33.elf.dir/F_/F00_Workspace/03_SATEXP_IMX93/A03_SDK/SDK_2_14_0_MIMX9352xxxxK/rtos/freertos/freertos-kernel/queue.c.obj
 .text.prvIsQueueEmpty
                0x0ffe31ce       0x2c CMakeFiles/payexp_m33.elf.dir/F_/F00_Workspace/03_SATEXP_IMX93/A03_SDK/SDK_2_14_0_MIMX9352xxxxK/rtos/freertos/freertos-kernel/queue.c.obj
 .text.prvIsQueueFull
                0x0ffe31fa       0x30 CMakeFiles/payexp_m33.elf.dir/F_/F00_Workspace/03_SATEXP_IMX93/A03_SDK/SDK_2_14_0_MIMX9352xxxxK/rtos/freertos/freertos-kernel/queue.c.obj
 *fill*         0x0ffe322a        0x2 
 .text.vQueueAddToRegistry
                0x0ffe322c       0x8c CMakeFiles/payexp_m33.elf.dir/F_/F00_Workspace/03_SATEXP_IMX93/A03_SDK/SDK_2_14_0_MIMX9352xxxxK/rtos/freertos/freertos-kernel/queue.c.obj
                0x0ffe322c                vQueueAddToRegistry
 .text.vQueueUnregisterQueue
                0x0ffe32b8       0x60 CMakeFiles/payexp_m33.elf.dir/F_/F00_Workspace/03_SATEXP_IMX93/A03_SDK/SDK_2_14_0_MIMX9352xxxxK/rtos/freertos/freertos-kernel/queue.c.obj
                0x0ffe32b8                vQueueUnregisterQueue
 .text.vQueueWaitForMessageRestricted
                0x0ffe3318       0x68 CMakeFiles/payexp_m33.elf.dir/F_/F00_Workspace/03_SATEXP_IMX93/A03_SDK/SDK_2_14_0_MIMX9352xxxxK/rtos/freertos/freertos-kernel/queue.c.obj
                0x0ffe3318                vQueueWaitForMessageRestricted
 .text.xTaskCreateStatic
                0x0ffe3380       0x9a CMakeFiles/payexp_m33.elf.dir/F_/F00_Workspace/03_SATEXP_IMX93/A03_SDK/SDK_2_14_0_MIMX9352xxxxK/rtos/freertos/freertos-kernel/tasks.c.obj
                0x0ffe3380                xTaskCreateStatic
 .text.xTaskCreate
                0x0ffe341a       0x92 CMakeFiles/payexp_m33.elf.dir/F_/F00_Workspace/03_SATEXP_IMX93/A03_SDK/SDK_2_14_0_MIMX9352xxxxK/rtos/freertos/freertos-kernel/tasks.c.obj
                0x0ffe341a                xTaskCreate
 .text.prvInitialiseNewTask
                0x0ffe34ac      0x10a CMakeFiles/payexp_m33.elf.dir/F_/F00_Workspace/03_SATEXP_IMX93/A03_SDK/SDK_2_14_0_MIMX9352xxxxK/rtos/freertos/freertos-kernel/tasks.c.obj
 *fill*         0x0ffe35b6        0x2 
 .text.prvAddNewTaskToReadyList
                0x0ffe35b8      0x120 CMakeFiles/payexp_m33.elf.dir/F_/F00_Workspace/03_SATEXP_IMX93/A03_SDK/SDK_2_14_0_MIMX9352xxxxK/rtos/freertos/freertos-kernel/tasks.c.obj
 .text.vTaskDelete
                0x0ffe36d8       0xd0 CMakeFiles/payexp_m33.elf.dir/F_/F00_Workspace/03_SATEXP_IMX93/A03_SDK/SDK_2_14_0_MIMX9352xxxxK/rtos/freertos/freertos-kernel/tasks.c.obj
                0x0ffe36d8                vTaskDelete
 .text.vTaskDelay
                0x0ffe37a8       0x4c CMakeFiles/payexp_m33.elf.dir/F_/F00_Workspace/03_SATEXP_IMX93/A03_SDK/SDK_2_14_0_MIMX9352xxxxK/rtos/freertos/freertos-kernel/tasks.c.obj
                0x0ffe37a8                vTaskDelay
 .text.vTaskStartScheduler
                0x0ffe37f4       0xb8 CMakeFiles/payexp_m33.elf.dir/F_/F00_Workspace/03_SATEXP_IMX93/A03_SDK/SDK_2_14_0_MIMX9352xxxxK/rtos/freertos/freertos-kernel/tasks.c.obj
                0x0ffe37f4                vTaskStartScheduler
 .text.vTaskSuspendAll
                0x0ffe38ac       0x1c CMakeFiles/payexp_m33.elf.dir/F_/F00_Workspace/03_SATEXP_IMX93/A03_SDK/SDK_2_14_0_MIMX9352xxxxK/rtos/freertos/freertos-kernel/tasks.c.obj
                0x0ffe38ac                vTaskSuspendAll
 .text.xTaskResumeAll
                0x0ffe38c8      0x1dc CMakeFiles/payexp_m33.elf.dir/F_/F00_Workspace/03_SATEXP_IMX93/A03_SDK/SDK_2_14_0_MIMX9352xxxxK/rtos/freertos/freertos-kernel/tasks.c.obj
                0x0ffe38c8                xTaskResumeAll
 .text.xTaskGetTickCount
                0x0ffe3aa4       0x20 CMakeFiles/payexp_m33.elf.dir/F_/F00_Workspace/03_SATEXP_IMX93/A03_SDK/SDK_2_14_0_MIMX9352xxxxK/rtos/freertos/freertos-kernel/tasks.c.obj
                0x0ffe3aa4                xTaskGetTickCount
 .text.uxTaskGetNumberOfTasks
                0x0ffe3ac4       0x18 CMakeFiles/payexp_m33.elf.dir/F_/F00_Workspace/03_SATEXP_IMX93/A03_SDK/SDK_2_14_0_MIMX9352xxxxK/rtos/freertos/freertos-kernel/tasks.c.obj
                0x0ffe3ac4                uxTaskGetNumberOfTasks
 .text.xTaskIncrementTick
                0x0ffe3adc      0x204 CMakeFiles/payexp_m33.elf.dir/F_/F00_Workspace/03_SATEXP_IMX93/A03_SDK/SDK_2_14_0_MIMX9352xxxxK/rtos/freertos/freertos-kernel/tasks.c.obj
                0x0ffe3adc                xTaskIncrementTick
 .text.vTaskSwitchContext
                0x0ffe3ce0       0xf8 CMakeFiles/payexp_m33.elf.dir/F_/F00_Workspace/03_SATEXP_IMX93/A03_SDK/SDK_2_14_0_MIMX9352xxxxK/rtos/freertos/freertos-kernel/tasks.c.obj
                0x0ffe3ce0                vTaskSwitchContext
 .text.vTaskPlaceOnEventList
                0x0ffe3dd8       0x3c CMakeFiles/payexp_m33.elf.dir/F_/F00_Workspace/03_SATEXP_IMX93/A03_SDK/SDK_2_14_0_MIMX9352xxxxK/rtos/freertos/freertos-kernel/tasks.c.obj
                0x0ffe3dd8                vTaskPlaceOnEventList
 .text.vTaskPlaceOnUnorderedEventList
                0x0ffe3e14       0x90 CMakeFiles/payexp_m33.elf.dir/F_/F00_Workspace/03_SATEXP_IMX93/A03_SDK/SDK_2_14_0_MIMX9352xxxxK/rtos/freertos/freertos-kernel/tasks.c.obj
                0x0ffe3e14                vTaskPlaceOnUnorderedEventList
 .text.vTaskPlaceOnEventListRestricted
                0x0ffe3ea4       0x7c CMakeFiles/payexp_m33.elf.dir/F_/F00_Workspace/03_SATEXP_IMX93/A03_SDK/SDK_2_14_0_MIMX9352xxxxK/rtos/freertos/freertos-kernel/tasks.c.obj
                0x0ffe3ea4                vTaskPlaceOnEventListRestricted
 .text.xTaskRemoveFromEventList
                0x0ffe3f20      0x19c CMakeFiles/payexp_m33.elf.dir/F_/F00_Workspace/03_SATEXP_IMX93/A03_SDK/SDK_2_14_0_MIMX9352xxxxK/rtos/freertos/freertos-kernel/tasks.c.obj
                0x0ffe3f20                xTaskRemoveFromEventList
 .text.vTaskRemoveFromUnorderedEventList
                0x0ffe40bc      0x164 CMakeFiles/payexp_m33.elf.dir/F_/F00_Workspace/03_SATEXP_IMX93/A03_SDK/SDK_2_14_0_MIMX9352xxxxK/rtos/freertos/freertos-kernel/tasks.c.obj
                0x0ffe40bc                vTaskRemoveFromUnorderedEventList
 .text.vTaskInternalSetTimeOutState
                0x0ffe4220       0x2c CMakeFiles/payexp_m33.elf.dir/F_/F00_Workspace/03_SATEXP_IMX93/A03_SDK/SDK_2_14_0_MIMX9352xxxxK/rtos/freertos/freertos-kernel/tasks.c.obj
                0x0ffe4220                vTaskInternalSetTimeOutState
 .text.xTaskCheckForTimeOut
                0x0ffe424c       0xb0 CMakeFiles/payexp_m33.elf.dir/F_/F00_Workspace/03_SATEXP_IMX93/A03_SDK/SDK_2_14_0_MIMX9352xxxxK/rtos/freertos/freertos-kernel/tasks.c.obj
                0x0ffe424c                xTaskCheckForTimeOut
 .text.vTaskMissedYield
                0x0ffe42fc       0x18 CMakeFiles/payexp_m33.elf.dir/F_/F00_Workspace/03_SATEXP_IMX93/A03_SDK/SDK_2_14_0_MIMX9352xxxxK/rtos/freertos/freertos-kernel/tasks.c.obj
                0x0ffe42fc                vTaskMissedYield
 .text.prvIdleTask
                0x0ffe4314       0x20 CMakeFiles/payexp_m33.elf.dir/F_/F00_Workspace/03_SATEXP_IMX93/A03_SDK/SDK_2_14_0_MIMX9352xxxxK/rtos/freertos/freertos-kernel/tasks.c.obj
 .text.prvInitialiseTaskLists
                0x0ffe4334       0x80 CMakeFiles/payexp_m33.elf.dir/F_/F00_Workspace/03_SATEXP_IMX93/A03_SDK/SDK_2_14_0_MIMX9352xxxxK/rtos/freertos/freertos-kernel/tasks.c.obj
 .text.prvCheckTasksWaitingTermination
                0x0ffe43b4       0x5c CMakeFiles/payexp_m33.elf.dir/F_/F00_Workspace/03_SATEXP_IMX93/A03_SDK/SDK_2_14_0_MIMX9352xxxxK/rtos/freertos/freertos-kernel/tasks.c.obj
 .text.prvDeleteTCB
                0x0ffe4410       0x50 CMakeFiles/payexp_m33.elf.dir/F_/F00_Workspace/03_SATEXP_IMX93/A03_SDK/SDK_2_14_0_MIMX9352xxxxK/rtos/freertos/freertos-kernel/tasks.c.obj
 .text.prvResetNextTaskUnblockTime
                0x0ffe4460       0x38 CMakeFiles/payexp_m33.elf.dir/F_/F00_Workspace/03_SATEXP_IMX93/A03_SDK/SDK_2_14_0_MIMX9352xxxxK/rtos/freertos/freertos-kernel/tasks.c.obj
 .text.xTaskGetSchedulerState
                0x0ffe4498       0x3c CMakeFiles/payexp_m33.elf.dir/F_/F00_Workspace/03_SATEXP_IMX93/A03_SDK/SDK_2_14_0_MIMX9352xxxxK/rtos/freertos/freertos-kernel/tasks.c.obj
                0x0ffe4498                xTaskGetSchedulerState
 .text.xTaskPriorityInherit
                0x0ffe44d4      0x120 CMakeFiles/payexp_m33.elf.dir/F_/F00_Workspace/03_SATEXP_IMX93/A03_SDK/SDK_2_14_0_MIMX9352xxxxK/rtos/freertos/freertos-kernel/tasks.c.obj
                0x0ffe44d4                xTaskPriorityInherit
 .text.xTaskPriorityDisinherit
                0x0ffe45f4      0x110 CMakeFiles/payexp_m33.elf.dir/F_/F00_Workspace/03_SATEXP_IMX93/A03_SDK/SDK_2_14_0_MIMX9352xxxxK/rtos/freertos/freertos-kernel/tasks.c.obj
                0x0ffe45f4                xTaskPriorityDisinherit
 .text.vTaskPriorityDisinheritAfterTimeout
                0x0ffe4704      0x138 CMakeFiles/payexp_m33.elf.dir/F_/F00_Workspace/03_SATEXP_IMX93/A03_SDK/SDK_2_14_0_MIMX9352xxxxK/rtos/freertos/freertos-kernel/tasks.c.obj
                0x0ffe4704                vTaskPriorityDisinheritAfterTimeout
 .text.uxTaskResetEventItemValue
                0x0ffe483c       0x30 CMakeFiles/payexp_m33.elf.dir/F_/F00_Workspace/03_SATEXP_IMX93/A03_SDK/SDK_2_14_0_MIMX9352xxxxK/rtos/freertos/freertos-kernel/tasks.c.obj
                0x0ffe483c                uxTaskResetEventItemValue
 .text.pvTaskIncrementMutexHeldCount
                0x0ffe486c       0x28 CMakeFiles/payexp_m33.elf.dir/F_/F00_Workspace/03_SATEXP_IMX93/A03_SDK/SDK_2_14_0_MIMX9352xxxxK/rtos/freertos/freertos-kernel/tasks.c.obj
                0x0ffe486c                pvTaskIncrementMutexHeldCount
 .text.prvAddCurrentTaskToDelayedList
                0x0ffe4894       0xdc CMakeFiles/payexp_m33.elf.dir/F_/F00_Workspace/03_SATEXP_IMX93/A03_SDK/SDK_2_14_0_MIMX9352xxxxK/rtos/freertos/freertos-kernel/tasks.c.obj
 .text.xTimerCreateTimerTask
                0x0ffe4970       0x80 CMakeFiles/payexp_m33.elf.dir/F_/F00_Workspace/03_SATEXP_IMX93/A03_SDK/SDK_2_14_0_MIMX9352xxxxK/rtos/freertos/freertos-kernel/timers.c.obj
                0x0ffe4970                xTimerCreateTimerTask
 .text.prvReloadTimer
                0x0ffe49f0       0x42 CMakeFiles/payexp_m33.elf.dir/F_/F00_Workspace/03_SATEXP_IMX93/A03_SDK/SDK_2_14_0_MIMX9352xxxxK/rtos/freertos/freertos-kernel/timers.c.obj
 *fill*         0x0ffe4a32        0x2 
 .text.prvProcessExpiredTimer
                0x0ffe4a34       0x60 CMakeFiles/payexp_m33.elf.dir/F_/F00_Workspace/03_SATEXP_IMX93/A03_SDK/SDK_2_14_0_MIMX9352xxxxK/rtos/freertos/freertos-kernel/timers.c.obj
 .text.prvTimerTask
                0x0ffe4a94       0x26 CMakeFiles/payexp_m33.elf.dir/F_/F00_Workspace/03_SATEXP_IMX93/A03_SDK/SDK_2_14_0_MIMX9352xxxxK/rtos/freertos/freertos-kernel/timers.c.obj
 *fill*         0x0ffe4aba        0x2 
 .text.prvProcessTimerOrBlockTask
                0x0ffe4abc       0x8c CMakeFiles/payexp_m33.elf.dir/F_/F00_Workspace/03_SATEXP_IMX93/A03_SDK/SDK_2_14_0_MIMX9352xxxxK/rtos/freertos/freertos-kernel/timers.c.obj
 .text.prvGetNextExpireTime
                0x0ffe4b48       0x48 CMakeFiles/payexp_m33.elf.dir/F_/F00_Workspace/03_SATEXP_IMX93/A03_SDK/SDK_2_14_0_MIMX9352xxxxK/rtos/freertos/freertos-kernel/timers.c.obj
 .text.prvSampleTimeNow
                0x0ffe4b90       0x40 CMakeFiles/payexp_m33.elf.dir/F_/F00_Workspace/03_SATEXP_IMX93/A03_SDK/SDK_2_14_0_MIMX9352xxxxK/rtos/freertos/freertos-kernel/timers.c.obj
 .text.prvInsertTimerInActiveList
                0x0ffe4bd0       0x84 CMakeFiles/payexp_m33.elf.dir/F_/F00_Workspace/03_SATEXP_IMX93/A03_SDK/SDK_2_14_0_MIMX9352xxxxK/rtos/freertos/freertos-kernel/timers.c.obj
 .text.prvProcessReceivedCommands
                0x0ffe4c54      0x19c CMakeFiles/payexp_m33.elf.dir/F_/F00_Workspace/03_SATEXP_IMX93/A03_SDK/SDK_2_14_0_MIMX9352xxxxK/rtos/freertos/freertos-kernel/timers.c.obj
 .text.prvSwitchTimerLists
                0x0ffe4df0       0x4c CMakeFiles/payexp_m33.elf.dir/F_/F00_Workspace/03_SATEXP_IMX93/A03_SDK/SDK_2_14_0_MIMX9352xxxxK/rtos/freertos/freertos-kernel/timers.c.obj
 .text.prvCheckForValidListAndQueue
                0x0ffe4e3c       0x80 CMakeFiles/payexp_m33.elf.dir/F_/F00_Workspace/03_SATEXP_IMX93/A03_SDK/SDK_2_14_0_MIMX9352xxxxK/rtos/freertos/freertos-kernel/timers.c.obj
 .text.xTimerPendFunctionCallFromISR
                0x0ffe4ebc       0x40 CMakeFiles/payexp_m33.elf.dir/F_/F00_Workspace/03_SATEXP_IMX93/A03_SDK/SDK_2_14_0_MIMX9352xxxxK/rtos/freertos/freertos-kernel/timers.c.obj
                0x0ffe4ebc                xTimerPendFunctionCallFromISR
 .text.vPortSetupTimerInterrupt
                0x0ffe4efc       0x48 CMakeFiles/payexp_m33.elf.dir/F_/F00_Workspace/03_SATEXP_IMX93/A03_SDK/SDK_2_14_0_MIMX9352xxxxK/rtos/freertos/freertos-kernel/portable/GCC/ARM_CM33_NTZ/non_secure/port.c.obj
                0x0ffe4efc                vPortSetupTimerInterrupt
 .text.prvTaskExitError
                0x0ffe4f44       0x38 CMakeFiles/payexp_m33.elf.dir/F_/F00_Workspace/03_SATEXP_IMX93/A03_SDK/SDK_2_14_0_MIMX9352xxxxK/rtos/freertos/freertos-kernel/portable/GCC/ARM_CM33_NTZ/non_secure/port.c.obj
 .text.prvSetupFPU
                0x0ffe4f7c       0x30 CMakeFiles/payexp_m33.elf.dir/F_/F00_Workspace/03_SATEXP_IMX93/A03_SDK/SDK_2_14_0_MIMX9352xxxxK/rtos/freertos/freertos-kernel/portable/GCC/ARM_CM33_NTZ/non_secure/port.c.obj
 .text.vPortYield
                0x0ffe4fac       0x24 CMakeFiles/payexp_m33.elf.dir/F_/F00_Workspace/03_SATEXP_IMX93/A03_SDK/SDK_2_14_0_MIMX9352xxxxK/rtos/freertos/freertos-kernel/portable/GCC/ARM_CM33_NTZ/non_secure/port.c.obj
                0x0ffe4fac                vPortYield
 .text.vPortEnterCritical
                0x0ffe4fd0       0x24 CMakeFiles/payexp_m33.elf.dir/F_/F00_Workspace/03_SATEXP_IMX93/A03_SDK/SDK_2_14_0_MIMX9352xxxxK/rtos/freertos/freertos-kernel/portable/GCC/ARM_CM33_NTZ/non_secure/port.c.obj
                0x0ffe4fd0                vPortEnterCritical
 .text.vPortExitCritical
                0x0ffe4ff4       0x34 CMakeFiles/payexp_m33.elf.dir/F_/F00_Workspace/03_SATEXP_IMX93/A03_SDK/SDK_2_14_0_MIMX9352xxxxK/rtos/freertos/freertos-kernel/portable/GCC/ARM_CM33_NTZ/non_secure/port.c.obj
                0x0ffe4ff4                vPortExitCritical
 .text.SysTick_Handler
                0x0ffe5028       0x30 CMakeFiles/payexp_m33.elf.dir/F_/F00_Workspace/03_SATEXP_IMX93/A03_SDK/SDK_2_14_0_MIMX9352xxxxK/rtos/freertos/freertos-kernel/portable/GCC/ARM_CM33_NTZ/non_secure/port.c.obj
                0x0ffe5028                SysTick_Handler
 .text.vPortSVCHandler_C
                0x0ffe5058       0x36 CMakeFiles/payexp_m33.elf.dir/F_/F00_Workspace/03_SATEXP_IMX93/A03_SDK/SDK_2_14_0_MIMX9352xxxxK/rtos/freertos/freertos-kernel/portable/GCC/ARM_CM33_NTZ/non_secure/port.c.obj
                0x0ffe5058                vPortSVCHandler_C
 *fill*         0x0ffe508e        0x2 
 .text.pxPortInitialiseStack
                0x0ffe5090      0x114 CMakeFiles/payexp_m33.elf.dir/F_/F00_Workspace/03_SATEXP_IMX93/A03_SDK/SDK_2_14_0_MIMX9352xxxxK/rtos/freertos/freertos-kernel/portable/GCC/ARM_CM33_NTZ/non_secure/port.c.obj
                0x0ffe5090                pxPortInitialiseStack
 .text.xPortStartScheduler
                0x0ffe51a4       0x40 CMakeFiles/payexp_m33.elf.dir/F_/F00_Workspace/03_SATEXP_IMX93/A03_SDK/SDK_2_14_0_MIMX9352xxxxK/rtos/freertos/freertos-kernel/portable/GCC/ARM_CM33_NTZ/non_secure/port.c.obj
                0x0ffe51a4                xPortStartScheduler
 *fill*         0x0ffe51e4        0xc 
 .text.vRestoreContextOfFirstTask
                0x0ffe51f0       0x38 CMakeFiles/payexp_m33.elf.dir/101833cb4c4bf4b51db1bcbd81f78f40/SDK_2_14_0_MIMX9352xxxxK/rtos/freertos/freertos-kernel/portable/GCC/ARM_CM33_NTZ/non_secure/portasm.c.obj
                0x0ffe51f0                vRestoreContextOfFirstTask
 *fill*         0x0ffe5228        0x8 
 .text.vStartFirstTask
                0x0ffe5230       0x28 CMakeFiles/payexp_m33.elf.dir/101833cb4c4bf4b51db1bcbd81f78f40/SDK_2_14_0_MIMX9352xxxxK/rtos/freertos/freertos-kernel/portable/GCC/ARM_CM33_NTZ/non_secure/portasm.c.obj
                0x0ffe5230                vStartFirstTask
 .text.ulSetInterruptMask
                0x0ffe5258       0x1a CMakeFiles/payexp_m33.elf.dir/101833cb4c4bf4b51db1bcbd81f78f40/SDK_2_14_0_MIMX9352xxxxK/rtos/freertos/freertos-kernel/portable/GCC/ARM_CM33_NTZ/non_secure/portasm.c.obj
                0x0ffe5258                ulSetInterruptMask
 .text.vClearInterruptMask
                0x0ffe5272       0x10 CMakeFiles/payexp_m33.elf.dir/101833cb4c4bf4b51db1bcbd81f78f40/SDK_2_14_0_MIMX9352xxxxK/rtos/freertos/freertos-kernel/portable/GCC/ARM_CM33_NTZ/non_secure/portasm.c.obj
                0x0ffe5272                vClearInterruptMask
 *fill*         0x0ffe5282        0xe 
 .text.PendSV_Handler
                0x0ffe5290       0x68 CMakeFiles/payexp_m33.elf.dir/101833cb4c4bf4b51db1bcbd81f78f40/SDK_2_14_0_MIMX9352xxxxK/rtos/freertos/freertos-kernel/portable/GCC/ARM_CM33_NTZ/non_secure/portasm.c.obj
                0x0ffe5290                PendSV_Handler
 *fill*         0x0ffe52f8        0x8 
 .text.SVC_Handler
                0x0ffe5300       0x28 CMakeFiles/payexp_m33.elf.dir/101833cb4c4bf4b51db1bcbd81f78f40/SDK_2_14_0_MIMX9352xxxxK/rtos/freertos/freertos-kernel/portable/GCC/ARM_CM33_NTZ/non_secure/portasm.c.obj
                0x0ffe5300                SVC_Handler
 .text.pvPortMalloc
                0x0ffe5328      0x160 CMakeFiles/payexp_m33.elf.dir/F_/F00_Workspace/03_SATEXP_IMX93/A03_SDK/SDK_2_14_0_MIMX9352xxxxK/rtos/freertos/freertos-kernel/portable/MemMang/heap_4.c.obj
                0x0ffe5328                pvPortMalloc
 .text.vPortFree
                0x0ffe5488       0x94 CMakeFiles/payexp_m33.elf.dir/F_/F00_Workspace/03_SATEXP_IMX93/A03_SDK/SDK_2_14_0_MIMX9352xxxxK/rtos/freertos/freertos-kernel/portable/MemMang/heap_4.c.obj
                0x0ffe5488                vPortFree
 .text.prvHeapInit
                0x0ffe551c       0xb8 CMakeFiles/payexp_m33.elf.dir/F_/F00_Workspace/03_SATEXP_IMX93/A03_SDK/SDK_2_14_0_MIMX9352xxxxK/rtos/freertos/freertos-kernel/portable/MemMang/heap_4.c.obj
 .text.prvInsertBlockIntoFreeList
                0x0ffe55d4       0xb4 CMakeFiles/payexp_m33.elf.dir/F_/F00_Workspace/03_SATEXP_IMX93/A03_SDK/SDK_2_14_0_MIMX9352xxxxK/rtos/freertos/freertos-kernel/portable/MemMang/heap_4.c.obj
 .text.add_to_list
                0x0ffe5688       0x5a CMakeFiles/payexp_m33.elf.dir/F_/F00_Workspace/03_SATEXP_IMX93/A03_SDK/SDK_2_14_0_MIMX9352xxxxK/middleware/multicore/rpmsg_lite/lib/common/llist.c.obj
                0x0ffe5688                add_to_list
 .text.remove_from_list
                0x0ffe56e2       0x64 CMakeFiles/payexp_m33.elf.dir/F_/F00_Workspace/03_SATEXP_IMX93/A03_SDK/SDK_2_14_0_MIMX9352xxxxK/middleware/multicore/rpmsg_lite/lib/common/llist.c.obj
                0x0ffe56e2                remove_from_list
 .text.RL_HANG  0x0ffe5746        0x8 CMakeFiles/payexp_m33.elf.dir/F_/F00_Workspace/03_SATEXP_IMX93/A03_SDK/SDK_2_14_0_MIMX9352xxxxK/middleware/multicore/rpmsg_lite/lib/rpmsg_lite/rpmsg_lite.c.obj
 .text.rpmsg_lite_get_endpoint_from_addr
                0x0ffe574e       0x40 CMakeFiles/payexp_m33.elf.dir/F_/F00_Workspace/03_SATEXP_IMX93/A03_SDK/SDK_2_14_0_MIMX9352xxxxK/middleware/multicore/rpmsg_lite/lib/rpmsg_lite/rpmsg_lite.c.obj
 .text.rpmsg_lite_rx_callback
                0x0ffe578e       0xb2 CMakeFiles/payexp_m33.elf.dir/F_/F00_Workspace/03_SATEXP_IMX93/A03_SDK/SDK_2_14_0_MIMX9352xxxxK/middleware/multicore/rpmsg_lite/lib/rpmsg_lite/rpmsg_lite.c.obj
 .text.rpmsg_lite_tx_callback
                0x0ffe5840       0x30 CMakeFiles/payexp_m33.elf.dir/F_/F00_Workspace/03_SATEXP_IMX93/A03_SDK/SDK_2_14_0_MIMX9352xxxxK/middleware/multicore/rpmsg_lite/lib/rpmsg_lite/rpmsg_lite.c.obj
 .text.vq_tx_remote
                0x0ffe5870       0x2e CMakeFiles/payexp_m33.elf.dir/F_/F00_Workspace/03_SATEXP_IMX93/A03_SDK/SDK_2_14_0_MIMX9352xxxxK/middleware/multicore/rpmsg_lite/lib/rpmsg_lite/rpmsg_lite.c.obj
 .text.vq_tx_alloc_remote
                0x0ffe589e       0x20 CMakeFiles/payexp_m33.elf.dir/F_/F00_Workspace/03_SATEXP_IMX93/A03_SDK/SDK_2_14_0_MIMX9352xxxxK/middleware/multicore/rpmsg_lite/lib/rpmsg_lite/rpmsg_lite.c.obj
 .text.vq_rx_remote
                0x0ffe58be       0x20 CMakeFiles/payexp_m33.elf.dir/F_/F00_Workspace/03_SATEXP_IMX93/A03_SDK/SDK_2_14_0_MIMX9352xxxxK/middleware/multicore/rpmsg_lite/lib/rpmsg_lite/rpmsg_lite.c.obj
 .text.vq_rx_free_remote
                0x0ffe58de       0x2e CMakeFiles/payexp_m33.elf.dir/F_/F00_Workspace/03_SATEXP_IMX93/A03_SDK/SDK_2_14_0_MIMX9352xxxxK/middleware/multicore/rpmsg_lite/lib/rpmsg_lite/rpmsg_lite.c.obj
 .text.virtqueue_notify
                0x0ffe590c       0x1c CMakeFiles/payexp_m33.elf.dir/F_/F00_Workspace/03_SATEXP_IMX93/A03_SDK/SDK_2_14_0_MIMX9352xxxxK/middleware/multicore/rpmsg_lite/lib/rpmsg_lite/rpmsg_lite.c.obj
 .text.rpmsg_lite_create_ept
                0x0ffe5928      0x104 CMakeFiles/payexp_m33.elf.dir/F_/F00_Workspace/03_SATEXP_IMX93/A03_SDK/SDK_2_14_0_MIMX9352xxxxK/middleware/multicore/rpmsg_lite/lib/rpmsg_lite/rpmsg_lite.c.obj
                0x0ffe5928                rpmsg_lite_create_ept
 .text.rpmsg_lite_destroy_ept
                0x0ffe5a2c       0x7c CMakeFiles/payexp_m33.elf.dir/F_/F00_Workspace/03_SATEXP_IMX93/A03_SDK/SDK_2_14_0_MIMX9352xxxxK/middleware/multicore/rpmsg_lite/lib/rpmsg_lite/rpmsg_lite.c.obj
                0x0ffe5a2c                rpmsg_lite_destroy_ept
 .text.rpmsg_lite_wait_for_link_up
                0x0ffe5aa8       0x30 CMakeFiles/payexp_m33.elf.dir/F_/F00_Workspace/03_SATEXP_IMX93/A03_SDK/SDK_2_14_0_MIMX9352xxxxK/middleware/multicore/rpmsg_lite/lib/rpmsg_lite/rpmsg_lite.c.obj
                0x0ffe5aa8                rpmsg_lite_wait_for_link_up
 .text.rpmsg_lite_format_message
                0x0ffe5ad8      0x130 CMakeFiles/payexp_m33.elf.dir/F_/F00_Workspace/03_SATEXP_IMX93/A03_SDK/SDK_2_14_0_MIMX9352xxxxK/middleware/multicore/rpmsg_lite/lib/rpmsg_lite/rpmsg_lite.c.obj
 .text.rpmsg_lite_send
                0x0ffe5c08       0x50 CMakeFiles/payexp_m33.elf.dir/F_/F00_Workspace/03_SATEXP_IMX93/A03_SDK/SDK_2_14_0_MIMX9352xxxxK/middleware/multicore/rpmsg_lite/lib/rpmsg_lite/rpmsg_lite.c.obj
                0x0ffe5c08                rpmsg_lite_send
 .text.rpmsg_lite_alloc_tx_buffer
                0x0ffe5c58       0xde CMakeFiles/payexp_m33.elf.dir/F_/F00_Workspace/03_SATEXP_IMX93/A03_SDK/SDK_2_14_0_MIMX9352xxxxK/middleware/multicore/rpmsg_lite/lib/rpmsg_lite/rpmsg_lite.c.obj
                0x0ffe5c58                rpmsg_lite_alloc_tx_buffer
 *fill*         0x0ffe5d36        0x2 
 .text.rpmsg_lite_send_nocopy
                0x0ffe5d38       0xc0 CMakeFiles/payexp_m33.elf.dir/F_/F00_Workspace/03_SATEXP_IMX93/A03_SDK/SDK_2_14_0_MIMX9352xxxxK/middleware/multicore/rpmsg_lite/lib/rpmsg_lite/rpmsg_lite.c.obj
                0x0ffe5d38                rpmsg_lite_send_nocopy
 .text.rpmsg_lite_release_rx_buffer
                0x0ffe5df8       0x70 CMakeFiles/payexp_m33.elf.dir/F_/F00_Workspace/03_SATEXP_IMX93/A03_SDK/SDK_2_14_0_MIMX9352xxxxK/middleware/multicore/rpmsg_lite/lib/rpmsg_lite/rpmsg_lite.c.obj
                0x0ffe5df8                rpmsg_lite_release_rx_buffer
 .text.rpmsg_lite_remote_init
                0x0ffe5e68      0x264 CMakeFiles/payexp_m33.elf.dir/F_/F00_Workspace/03_SATEXP_IMX93/A03_SDK/SDK_2_14_0_MIMX9352xxxxK/middleware/multicore/rpmsg_lite/lib/rpmsg_lite/rpmsg_lite.c.obj
                0x0ffe5e68                rpmsg_lite_remote_init
 .text.rpmsg_lite_deinit
                0x0ffe60cc       0xb8 CMakeFiles/payexp_m33.elf.dir/F_/F00_Workspace/03_SATEXP_IMX93/A03_SDK/SDK_2_14_0_MIMX9352xxxxK/middleware/multicore/rpmsg_lite/lib/rpmsg_lite/rpmsg_lite.c.obj
                0x0ffe60cc                rpmsg_lite_deinit
 .text.rpmsg_ns_announce
                0x0ffe6184       0x60 CMakeFiles/payexp_m33.elf.dir/F_/F00_Workspace/03_SATEXP_IMX93/A03_SDK/SDK_2_14_0_MIMX9352xxxxK/middleware/multicore/rpmsg_lite/lib/rpmsg_lite/rpmsg_ns.c.obj
                0x0ffe6184                rpmsg_ns_announce
 .text.vring_size
                0x0ffe61e4       0x46 CMakeFiles/payexp_m33.elf.dir/F_/F00_Workspace/03_SATEXP_IMX93/A03_SDK/SDK_2_14_0_MIMX9352xxxxK/middleware/multicore/rpmsg_lite/lib/virtio/virtqueue.c.obj
 .text.vring_init
                0x0ffe622a       0x52 CMakeFiles/payexp_m33.elf.dir/F_/F00_Workspace/03_SATEXP_IMX93/A03_SDK/SDK_2_14_0_MIMX9352xxxxK/middleware/multicore/rpmsg_lite/lib/virtio/virtqueue.c.obj
 .text.vring_need_event
                0x0ffe627c       0x3c CMakeFiles/payexp_m33.elf.dir/F_/F00_Workspace/03_SATEXP_IMX93/A03_SDK/SDK_2_14_0_MIMX9352xxxxK/middleware/multicore/rpmsg_lite/lib/virtio/virtqueue.c.obj
 .text.virtqueue_create
                0x0ffe62b8       0xc4 CMakeFiles/payexp_m33.elf.dir/F_/F00_Workspace/03_SATEXP_IMX93/A03_SDK/SDK_2_14_0_MIMX9352xxxxK/middleware/multicore/rpmsg_lite/lib/virtio/virtqueue.c.obj
                0x0ffe62b8                virtqueue_create
 .text.virtqueue_get_buffer_length
                0x0ffe637c       0x24 CMakeFiles/payexp_m33.elf.dir/F_/F00_Workspace/03_SATEXP_IMX93/A03_SDK/SDK_2_14_0_MIMX9352xxxxK/middleware/multicore/rpmsg_lite/lib/virtio/virtqueue.c.obj
                0x0ffe637c                virtqueue_get_buffer_length
 .text.virtqueue_free
                0x0ffe63a0       0x30 CMakeFiles/payexp_m33.elf.dir/F_/F00_Workspace/03_SATEXP_IMX93/A03_SDK/SDK_2_14_0_MIMX9352xxxxK/middleware/multicore/rpmsg_lite/lib/virtio/virtqueue.c.obj
                0x0ffe63a0                virtqueue_free
 .text.virtqueue_get_available_buffer
                0x0ffe63d0       0x8c CMakeFiles/payexp_m33.elf.dir/F_/F00_Workspace/03_SATEXP_IMX93/A03_SDK/SDK_2_14_0_MIMX9352xxxxK/middleware/multicore/rpmsg_lite/lib/virtio/virtqueue.c.obj
                0x0ffe63d0                virtqueue_get_available_buffer
 .text.virtqueue_add_consumed_buffer
                0x0ffe645c       0x38 CMakeFiles/payexp_m33.elf.dir/F_/F00_Workspace/03_SATEXP_IMX93/A03_SDK/SDK_2_14_0_MIMX9352xxxxK/middleware/multicore/rpmsg_lite/lib/virtio/virtqueue.c.obj
                0x0ffe645c                virtqueue_add_consumed_buffer
 .text.virtqueue_kick
                0x0ffe6494       0x2e CMakeFiles/payexp_m33.elf.dir/F_/F00_Workspace/03_SATEXP_IMX93/A03_SDK/SDK_2_14_0_MIMX9352xxxxK/middleware/multicore/rpmsg_lite/lib/virtio/virtqueue.c.obj
                0x0ffe6494                virtqueue_kick
 .text.vq_ring_update_used
                0x0ffe64c2       0x58 CMakeFiles/payexp_m33.elf.dir/F_/F00_Workspace/03_SATEXP_IMX93/A03_SDK/SDK_2_14_0_MIMX9352xxxxK/middleware/multicore/rpmsg_lite/lib/virtio/virtqueue.c.obj
 .text.virtqueue_notification
                0x0ffe651a       0x26 CMakeFiles/payexp_m33.elf.dir/F_/F00_Workspace/03_SATEXP_IMX93/A03_SDK/SDK_2_14_0_MIMX9352xxxxK/middleware/multicore/rpmsg_lite/lib/virtio/virtqueue.c.obj
                0x0ffe651a                virtqueue_notification
 .text.vq_ring_must_notify_host
                0x0ffe6540       0x6e CMakeFiles/payexp_m33.elf.dir/F_/F00_Workspace/03_SATEXP_IMX93/A03_SDK/SDK_2_14_0_MIMX9352xxxxK/middleware/multicore/rpmsg_lite/lib/virtio/virtqueue.c.obj
 .text.vq_ring_notify_host
                0x0ffe65ae       0x20 CMakeFiles/payexp_m33.elf.dir/F_/F00_Workspace/03_SATEXP_IMX93/A03_SDK/SDK_2_14_0_MIMX9352xxxxK/middleware/multicore/rpmsg_lite/lib/virtio/virtqueue.c.obj
 .text.RL_HANG  0x0ffe65ce        0x8 CMakeFiles/payexp_m33.elf.dir/cf5369865c939aa91ffe9b6f07a93326/middleware/multicore/rpmsg_lite/lib/rpmsg_lite/porting/environment/rpmsg_env_freertos.c.obj
 .text.env_in_isr
                0x0ffe65d6        0xe CMakeFiles/payexp_m33.elf.dir/cf5369865c939aa91ffe9b6f07a93326/middleware/multicore/rpmsg_lite/lib/rpmsg_lite/porting/environment/rpmsg_env_freertos.c.obj
 .text.env_wait_for_link_up
                0x0ffe65e4       0x80 CMakeFiles/payexp_m33.elf.dir/cf5369865c939aa91ffe9b6f07a93326/middleware/multicore/rpmsg_lite/lib/rpmsg_lite/porting/environment/rpmsg_env_freertos.c.obj
                0x0ffe65e4                env_wait_for_link_up
 .text.env_tx_callback
                0x0ffe6664       0x60 CMakeFiles/payexp_m33.elf.dir/cf5369865c939aa91ffe9b6f07a93326/middleware/multicore/rpmsg_lite/lib/rpmsg_lite/porting/environment/rpmsg_env_freertos.c.obj
                0x0ffe6664                env_tx_callback
 .text.env_init
                0x0ffe66c4       0xc4 CMakeFiles/payexp_m33.elf.dir/cf5369865c939aa91ffe9b6f07a93326/middleware/multicore/rpmsg_lite/lib/rpmsg_lite/porting/environment/rpmsg_env_freertos.c.obj
                0x0ffe66c4                env_init
 .text.env_deinit
                0x0ffe6788       0x90 CMakeFiles/payexp_m33.elf.dir/cf5369865c939aa91ffe9b6f07a93326/middleware/multicore/rpmsg_lite/lib/rpmsg_lite/porting/environment/rpmsg_env_freertos.c.obj
                0x0ffe6788                env_deinit
 .text.env_allocate_memory
                0x0ffe6818       0x18 CMakeFiles/payexp_m33.elf.dir/cf5369865c939aa91ffe9b6f07a93326/middleware/multicore/rpmsg_lite/lib/rpmsg_lite/porting/environment/rpmsg_env_freertos.c.obj
                0x0ffe6818                env_allocate_memory
 .text.env_free_memory
                0x0ffe6830       0x1c CMakeFiles/payexp_m33.elf.dir/cf5369865c939aa91ffe9b6f07a93326/middleware/multicore/rpmsg_lite/lib/rpmsg_lite/porting/environment/rpmsg_env_freertos.c.obj
                0x0ffe6830                env_free_memory
 .text.env_memset
                0x0ffe684c       0x1e CMakeFiles/payexp_m33.elf.dir/cf5369865c939aa91ffe9b6f07a93326/middleware/multicore/rpmsg_lite/lib/rpmsg_lite/porting/environment/rpmsg_env_freertos.c.obj
                0x0ffe684c                env_memset
 .text.env_memcpy
                0x0ffe686a       0x1e CMakeFiles/payexp_m33.elf.dir/cf5369865c939aa91ffe9b6f07a93326/middleware/multicore/rpmsg_lite/lib/rpmsg_lite/porting/environment/rpmsg_env_freertos.c.obj
                0x0ffe686a                env_memcpy
 .text.env_strncpy
                0x0ffe6888       0x1e CMakeFiles/payexp_m33.elf.dir/cf5369865c939aa91ffe9b6f07a93326/middleware/multicore/rpmsg_lite/lib/rpmsg_lite/porting/environment/rpmsg_env_freertos.c.obj
                0x0ffe6888                env_strncpy
 .text.env_mb   0x0ffe68a6       0x12 CMakeFiles/payexp_m33.elf.dir/cf5369865c939aa91ffe9b6f07a93326/middleware/multicore/rpmsg_lite/lib/rpmsg_lite/porting/environment/rpmsg_env_freertos.c.obj
                0x0ffe68a6                env_mb
 .text.env_rmb  0x0ffe68b8       0x12 CMakeFiles/payexp_m33.elf.dir/cf5369865c939aa91ffe9b6f07a93326/middleware/multicore/rpmsg_lite/lib/rpmsg_lite/porting/environment/rpmsg_env_freertos.c.obj
                0x0ffe68b8                env_rmb
 .text.env_wmb  0x0ffe68ca       0x12 CMakeFiles/payexp_m33.elf.dir/cf5369865c939aa91ffe9b6f07a93326/middleware/multicore/rpmsg_lite/lib/rpmsg_lite/porting/environment/rpmsg_env_freertos.c.obj
                0x0ffe68ca                env_wmb
 .text.env_map_patova
                0x0ffe68dc       0x18 CMakeFiles/payexp_m33.elf.dir/cf5369865c939aa91ffe9b6f07a93326/middleware/multicore/rpmsg_lite/lib/rpmsg_lite/porting/environment/rpmsg_env_freertos.c.obj
                0x0ffe68dc                env_map_patova
 .text.env_create_mutex
                0x0ffe68f4       0x3e CMakeFiles/payexp_m33.elf.dir/cf5369865c939aa91ffe9b6f07a93326/middleware/multicore/rpmsg_lite/lib/rpmsg_lite/porting/environment/rpmsg_env_freertos.c.obj
                0x0ffe68f4                env_create_mutex
 .text.env_delete_mutex
                0x0ffe6932       0x16 CMakeFiles/payexp_m33.elf.dir/cf5369865c939aa91ffe9b6f07a93326/middleware/multicore/rpmsg_lite/lib/rpmsg_lite/porting/environment/rpmsg_env_freertos.c.obj
                0x0ffe6932                env_delete_mutex
 .text.env_lock_mutex
                0x0ffe6948       0x28 CMakeFiles/payexp_m33.elf.dir/cf5369865c939aa91ffe9b6f07a93326/middleware/multicore/rpmsg_lite/lib/rpmsg_lite/porting/environment/rpmsg_env_freertos.c.obj
                0x0ffe6948                env_lock_mutex
 .text.env_unlock_mutex
                0x0ffe6970       0x2a CMakeFiles/payexp_m33.elf.dir/cf5369865c939aa91ffe9b6f07a93326/middleware/multicore/rpmsg_lite/lib/rpmsg_lite/porting/environment/rpmsg_env_freertos.c.obj
                0x0ffe6970                env_unlock_mutex
 *fill*         0x0ffe699a        0x2 
 .text.env_sleep_msec
                0x0ffe699c       0x24 CMakeFiles/payexp_m33.elf.dir/cf5369865c939aa91ffe9b6f07a93326/middleware/multicore/rpmsg_lite/lib/rpmsg_lite/porting/environment/rpmsg_env_freertos.c.obj
                0x0ffe699c                env_sleep_msec
 .text.env_register_isr
                0x0ffe69c0       0x30 CMakeFiles/payexp_m33.elf.dir/cf5369865c939aa91ffe9b6f07a93326/middleware/multicore/rpmsg_lite/lib/rpmsg_lite/porting/environment/rpmsg_env_freertos.c.obj
                0x0ffe69c0                env_register_isr
 .text.env_unregister_isr
                0x0ffe69f0       0x30 CMakeFiles/payexp_m33.elf.dir/cf5369865c939aa91ffe9b6f07a93326/middleware/multicore/rpmsg_lite/lib/rpmsg_lite/porting/environment/rpmsg_env_freertos.c.obj
                0x0ffe69f0                env_unregister_isr
 .text.env_enable_interrupt
                0x0ffe6a20       0x16 CMakeFiles/payexp_m33.elf.dir/cf5369865c939aa91ffe9b6f07a93326/middleware/multicore/rpmsg_lite/lib/rpmsg_lite/porting/environment/rpmsg_env_freertos.c.obj
                0x0ffe6a20                env_enable_interrupt
 .text.env_disable_interrupt
                0x0ffe6a36       0x16 CMakeFiles/payexp_m33.elf.dir/cf5369865c939aa91ffe9b6f07a93326/middleware/multicore/rpmsg_lite/lib/rpmsg_lite/porting/environment/rpmsg_env_freertos.c.obj
                0x0ffe6a36                env_disable_interrupt
 .text.env_isr  0x0ffe6a4c       0x38 CMakeFiles/payexp_m33.elf.dir/cf5369865c939aa91ffe9b6f07a93326/middleware/multicore/rpmsg_lite/lib/rpmsg_lite/porting/environment/rpmsg_env_freertos.c.obj
                0x0ffe6a4c                env_isr
 .text.env_create_queue
                0x0ffe6a84       0x36 CMakeFiles/payexp_m33.elf.dir/cf5369865c939aa91ffe9b6f07a93326/middleware/multicore/rpmsg_lite/lib/rpmsg_lite/porting/environment/rpmsg_env_freertos.c.obj
                0x0ffe6a84                env_create_queue
 .text.env_delete_queue
                0x0ffe6aba       0x16 CMakeFiles/payexp_m33.elf.dir/cf5369865c939aa91ffe9b6f07a93326/middleware/multicore/rpmsg_lite/lib/rpmsg_lite/porting/environment/rpmsg_env_freertos.c.obj
                0x0ffe6aba                env_delete_queue
 .text.env_put_queue
                0x0ffe6ad0       0x80 CMakeFiles/payexp_m33.elf.dir/cf5369865c939aa91ffe9b6f07a93326/middleware/multicore/rpmsg_lite/lib/rpmsg_lite/porting/environment/rpmsg_env_freertos.c.obj
                0x0ffe6ad0                env_put_queue
 .text.env_get_queue
                0x0ffe6b50       0x80 CMakeFiles/payexp_m33.elf.dir/cf5369865c939aa91ffe9b6f07a93326/middleware/multicore/rpmsg_lite/lib/rpmsg_lite/porting/environment/rpmsg_env_freertos.c.obj
                0x0ffe6b50                env_get_queue
 .text.RL_HANG  0x0ffe6bd0        0x8 CMakeFiles/payexp_m33.elf.dir/F_/F00_Workspace/03_SATEXP_IMX93/A03_SDK/SDK_2_14_0_MIMX9352xxxxK/middleware/multicore/rpmsg_lite/lib/rpmsg_lite/rpmsg_queue.c.obj
 .text.rpmsg_queue_rx_cb
                0x0ffe6bd8       0x46 CMakeFiles/payexp_m33.elf.dir/F_/F00_Workspace/03_SATEXP_IMX93/A03_SDK/SDK_2_14_0_MIMX9352xxxxK/middleware/multicore/rpmsg_lite/lib/rpmsg_lite/rpmsg_queue.c.obj
                0x0ffe6bd8                rpmsg_queue_rx_cb
 .text.rpmsg_queue_create
                0x0ffe6c1e       0x48 CMakeFiles/payexp_m33.elf.dir/F_/F00_Workspace/03_SATEXP_IMX93/A03_SDK/SDK_2_14_0_MIMX9352xxxxK/middleware/multicore/rpmsg_lite/lib/rpmsg_lite/rpmsg_queue.c.obj
                0x0ffe6c1e                rpmsg_queue_create
 *fill*         0x0ffe6c66        0x2 
 .text.rpmsg_queue_destroy