Archive member included to satisfy reference by file (symbol)

F:/F00_Workspace/03_SATEXP_IMX93/A04_Project/AF_IPCDEV/payexp/02_OUTPUT/debug/M0_App(boot_manager.c.obj)
                              CMakeFiles/payexp_m33.elf.dir/F_/F00_Workspace/03_SATEXP_IMX93/A04_Project/AF_IPCDEV/payexp/Core/Src/main.c.obj (BootManager_SystemInit)
F:/F00_Workspace/03_SATEXP_IMX93/A04_Project/AF_IPCDEV/payexp/02_OUTPUT/debug/M0_App(rtos.c.obj)
                              F:/F00_Workspace/03_SATEXP_IMX93/A04_Project/AF_IPCDEV/payexp/02_OUTPUT/debug/M0_App(boot_manager.c.obj) (EXP_RTOS_Start)
F:/F00_Workspace/03_SATEXP_IMX93/A04_Project/AF_IPCDEV/payexp/02_OUTPUT/debug/M0_App(rtos_tasks.c.obj)
                              F:/F00_Workspace/03_SATEXP_IMX93/A04_Project/AF_IPCDEV/payexp/02_OUTPUT/debug/M0_App(rtos.c.obj) (EXP_RootGrowUp)
F:/F00_Workspace/03_SATEXP_IMX93/A04_Project/AF_IPCDEV/payexp/02_OUTPUT/debug/M1_SysApp(simple_shell.c.obj)
                              F:/F00_Workspace/03_SATEXP_IMX93/A04_Project/AF_IPCDEV/payexp/02_OUTPUT/debug/M0_App(rtos_tasks.c.obj) (Shell_ReceiveChar)
F:/F00_Workspace/03_SATEXP_IMX93/A04_Project/AF_IPCDEV/payexp/02_OUTPUT/debug/M1_SysApp(cmdline.c.obj)
                              F:/F00_Workspace/03_SATEXP_IMX93/A04_Project/AF_IPCDEV/payexp/02_OUTPUT/debug/M0_App(rtos_tasks.c.obj) (setup_dynamic_shell)
F:/F00_Workspace/03_SATEXP_IMX93/A04_Project/AF_IPCDEV/payexp/02_OUTPUT/debug/M5_Utils(date_time.c.obj)
                              CMakeFiles/payexp_m33.elf.dir/F_/F00_Workspace/03_SATEXP_IMX93/A04_Project/AF_IPCDEV/payexp/Core/Src/MIMX9352cm33_it.c.obj (Utils_SoftTime_Update)
C:/Users/CAOHIE~1/MCUXPR~1/ARM-GN~1.REL/bin/../lib/gcc/arm-none-eabi/14.2.1/thumb/v8-m.main+fp/hard\libgcc.a(_aeabi_uldivmod.o)
                              CMakeFiles/payexp_m33.elf.dir/F_/F00_Workspace/03_SATEXP_IMX93/A03_SDK/SDK_2_14_0_MIMX9352xxxxK/devices/MIMX9352/drivers/fsl_common_arm.c.obj (__aeabi_uldivmod)
C:/Users/CAOHIE~1/MCUXPR~1/ARM-GN~1.REL/bin/../lib/gcc/arm-none-eabi/14.2.1/thumb/v8-m.main+fp/hard\libgcc.a(_udivmoddi4.o)
                              C:/Users/CAOHIE~1/MCUXPR~1/ARM-GN~1.REL/bin/../lib/gcc/arm-none-eabi/14.2.1/thumb/v8-m.main+fp/hard\libgcc.a(_aeabi_uldivmod.o) (__udivmoddi4)
C:/Users/CAOHIE~1/MCUXPR~1/ARM-GN~1.REL/bin/../lib/gcc/arm-none-eabi/14.2.1/thumb/v8-m.main+fp/hard\libgcc.a(_dvmd_tls.o)
                              C:/Users/CAOHIE~1/MCUXPR~1/ARM-GN~1.REL/bin/../lib/gcc/arm-none-eabi/14.2.1/thumb/v8-m.main+fp/hard\libgcc.a(_aeabi_uldivmod.o) (__aeabi_ldiv0)
C:/Users/CAOHIE~1/MCUXPR~1/ARM-GN~1.REL/bin/../lib/gcc/arm-none-eabi/14.2.1/thumb/v8-m.main+fp/hard\libc_nano.a(libc_a-exit.o)
                              C:/Users/CAOHIE~1/MCUXPR~1/ARM-GN~1.REL/bin/../lib/gcc/arm-none-eabi/14.2.1/thumb/v8-m.main+fp/hard/crt0.o (exit)
C:/Users/CAOHIE~1/MCUXPR~1/ARM-GN~1.REL/bin/../lib/gcc/arm-none-eabi/14.2.1/thumb/v8-m.main+fp/hard\libc_nano.a(libc_a-malloc.o)
                              CMakeFiles/payexp_m33.elf.dir/F_/F00_Workspace/03_SATEXP_IMX93/A03_SDK/SDK_2_14_0_MIMX9352xxxxK/devices/MIMX9352/drivers/fsl_common.c.obj (malloc)
C:/Users/CAOHIE~1/MCUXPR~1/ARM-GN~1.REL/bin/../lib/gcc/arm-none-eabi/14.2.1/thumb/v8-m.main+fp/hard\libc_nano.a(libc_a-mallocr.o)
                              C:/Users/CAOHIE~1/MCUXPR~1/ARM-GN~1.REL/bin/../lib/gcc/arm-none-eabi/14.2.1/thumb/v8-m.main+fp/hard\libc_nano.a(libc_a-malloc.o) (_malloc_r)
C:/Users/CAOHIE~1/MCUXPR~1/ARM-GN~1.REL/bin/../lib/gcc/arm-none-eabi/14.2.1/thumb/v8-m.main+fp/hard\libc_nano.a(libc_a-mlock.o)
                              C:/Users/CAOHIE~1/MCUXPR~1/ARM-GN~1.REL/bin/../lib/gcc/arm-none-eabi/14.2.1/thumb/v8-m.main+fp/hard\libc_nano.a(libc_a-mallocr.o) (__malloc_lock)
C:/Users/CAOHIE~1/MCUXPR~1/ARM-GN~1.REL/bin/../lib/gcc/arm-none-eabi/14.2.1/thumb/v8-m.main+fp/hard\libc_nano.a(libc_a-strtoul.o)
                              CMakeFiles/payexp_m33.elf.dir/F_/F00_Workspace/03_SATEXP_IMX93/A03_SDK/SDK_2_14_0_MIMX9352xxxxK/devices/MIMX9352/utilities/str/fsl_str.c.obj (strtoul)
C:/Users/CAOHIE~1/MCUXPR~1/ARM-GN~1.REL/bin/../lib/gcc/arm-none-eabi/14.2.1/thumb/v8-m.main+fp/hard\libc_nano.a(libc_a-ctype_.o)
                              C:/Users/CAOHIE~1/MCUXPR~1/ARM-GN~1.REL/bin/../lib/gcc/arm-none-eabi/14.2.1/thumb/v8-m.main+fp/hard\libc_nano.a(libc_a-strtoul.o) (_ctype_)
C:/Users/CAOHIE~1/MCUXPR~1/ARM-GN~1.REL/bin/../lib/gcc/arm-none-eabi/14.2.1/thumb/v8-m.main+fp/hard\libc_nano.a(libc_a-bsearch.o)
                              F:/F00_Workspace/03_SATEXP_IMX93/A04_Project/AF_IPCDEV/payexp/02_OUTPUT/debug/M1_SysApp(simple_shell.c.obj) (bsearch)
C:/Users/CAOHIE~1/MCUXPR~1/ARM-GN~1.REL/bin/../lib/gcc/arm-none-eabi/14.2.1/thumb/v8-m.main+fp/hard\libc_nano.a(libc_a-qsort.o)
                              F:/F00_Workspace/03_SATEXP_IMX93/A04_Project/AF_IPCDEV/payexp/02_OUTPUT/debug/M1_SysApp(simple_shell.c.obj) (qsort)
[...]
Memory Configuration

Name             Origin             Length             Attributes
m_interrupts     0x0ffe0000         0x00000478         xr
m_text           0x0ffe0478         0x0001fb88         xr
m_m33_suspend_ram 0x20000000         0x00002000         rw
m_a55_suspend_ram 0x20002000         0x00001000         rw
m_data           0x20003000         0x0001c000         rw
m_rsc_tbl        0x2001f000         0x00001000         rw
*default*        0x00000000         0xffffffff

Linker script and memory map

LOAD C:/Users/CAOHIE~1/MCUXPR~1/ARM-GN~1.REL/bin/../lib/gcc/arm-none-eabi/14.2.1/thumb/v8-m.main+fp/hard/crti.o
LOAD C:/Users/CAOHIE~1/MCUXPR~1/ARM-GN~1.REL/bin/../lib/gcc/arm-none-eabi/14.2.1/thumb/v8-m.main+fp/hard/crtbegin.o
LOAD C:/Users/CAOHIE~1/MCUXPR~1/ARM-GN~1.REL/bin/../lib/gcc/arm-none-eabi/14.2.1/thumb/v8-m.main+fp/hard/crt0.o
LOAD CMakeFiles/payexp_m33.elf.dir/F_/F00_Workspace/03_SATEXP_IMX93/A04_Project/AF_IPCDEV/payexp/Core/Src/main.c.obj
LOAD CMakeFiles/payexp_m33.elf.dir/F_/F00_Workspace/03_SATEXP_IMX93/A04_Project/AF_IPCDEV/payexp/Core/Src/MIMX9352cm33_it.c.obj
LOAD CMakeFiles/payexp_m33.elf.dir/F_/F00_Workspace/03_SATEXP_IMX93/A04_Project/AF_IPCDEV/payexp/Core/Src/board.c.obj
LOAD CMakeFiles/payexp_m33.elf.dir/F_/F00_Workspace/03_SATEXP_IMX93/A04_Project/AF_IPCDEV/payexp/Core/Src/clock_config.c.obj
LOAD CMakeFiles/payexp_m33.elf.dir/F_/F00_Workspace/03_SATEXP_IMX93/A04_Project/AF_IPCDEV/payexp/Core/Src/pin_mux.c.obj
LOAD CMakeFiles/payexp_m33.elf.dir/F_/F00_Workspace/03_SATEXP_IMX93/A03_SDK/SDK_2_14_0_MIMX9352xxxxK/components/lists/fsl_component_generic_list.c.obj
LOAD CMakeFiles/payexp_m33.elf.dir/F_/F00_Workspace/03_SATEXP_IMX93/A03_SDK/SDK_2_14_0_MIMX9352xxxxK/components/uart/fsl_adapter_lpuart.c.obj
LOAD CMakeFiles/payexp_m33.elf.dir/F_/F00_Workspace/03_SATEXP_IMX93/A03_SDK/SDK_2_14_0_MIMX9352xxxxK/components/serial_manager/fsl_component_serial_manager.c.obj
LOAD CMakeFiles/payexp_m33.elf.dir/F_/F00_Workspace/03_SATEXP_IMX93/A03_SDK/SDK_2_14_0_MIMX9352xxxxK/components/serial_manager/fsl_component_serial_port_uart.c.obj
LOAD CMakeFiles/payexp_m33.elf.dir/F_/F00_Workspace/03_SATEXP_IMX93/A03_SDK/SDK_2_14_0_MIMX9352xxxxK/devices/MIMX9352/system_MIMX9352_cm33.c.obj
LOAD CMakeFiles/payexp_m33.elf.dir/F_/F00_Workspace/03_SATEXP_IMX93/A03_SDK/SDK_2_14_0_MIMX9352xxxxK/devices/MIMX9352/gcc/startup_MIMX9352_cm33.S.obj
LOAD CMakeFiles/payexp_m33.elf.dir/F_/F00_Workspace/03_SATEXP_IMX93/A03_SDK/SDK_2_14_0_MIMX9352xxxxK/devices/MIMX9352/drivers/fsl_cache.c.obj
LOAD CMakeFiles/payexp_m33.elf.dir/F_/F00_Workspace/03_SATEXP_IMX93/A03_SDK/SDK_2_14_0_MIMX9352xxxxK/devices/MIMX9352/drivers/fsl_clock.c.obj
LOAD CMakeFiles/payexp_m33.elf.dir/F_/F00_Workspace/03_SATEXP_IMX93/A03_SDK/SDK_2_14_0_MIMX9352xxxxK/devices/MIMX9352/drivers/fsl_common.c.obj
LOAD CMakeFiles/payexp_m33.elf.dir/F_/F00_Workspace/03_SATEXP_IMX93/A03_SDK/SDK_2_14_0_MIMX9352xxxxK/devices/MIMX9352/drivers/fsl_common_arm.c.obj
LOAD CMakeFiles/payexp_m33.elf.dir/F_/F00_Workspace/03_SATEXP_IMX93/A03_SDK/SDK_2_14_0_MIMX9352xxxxK/devices/MIMX9352/drivers/fsl_lptmr.c.obj
LOAD CMakeFiles/payexp_m33.elf.dir/F_/F00_Workspace/03_SATEXP_IMX93/A03_SDK/SDK_2_14_0_MIMX9352xxxxK/devices/MIMX9352/drivers/fsl_lpuart.c.obj
LOAD CMakeFiles/payexp_m33.elf.dir/F_/F00_Workspace/03_SATEXP_IMX93/A03_SDK/SDK_2_14_0_MIMX9352xxxxK/devices/MIMX9352/drivers/fsl_rgpio.c.obj
LOAD CMakeFiles/payexp_m33.elf.dir/F_/F00_Workspace/03_SATEXP_IMX93/A03_SDK/SDK_2_14_0_MIMX9352xxxxK/devices/MIMX9352/drivers/fsl_sentinel.c.obj
LOAD CMakeFiles/payexp_m33.elf.dir/F_/F00_Workspace/03_SATEXP_IMX93/A03_SDK/SDK_2_14_0_MIMX9352xxxxK/rtos/freertos/freertos-kernel/croutine.c.obj
LOAD CMakeFiles/payexp_m33.elf.dir/F_/F00_Workspace/03_SATEXP_IMX93/A03_SDK/SDK_2_14_0_MIMX9352xxxxK/rtos/freertos/freertos-kernel/event_groups.c.obj
LOAD CMakeFiles/payexp_m33.elf.dir/F_/F00_Workspace/03_SATEXP_IMX93/A03_SDK/SDK_2_14_0_MIMX9352xxxxK/rtos/freertos/freertos-kernel/list.c.obj
LOAD CMakeFiles/payexp_m33.elf.dir/F_/F00_Workspace/03_SATEXP_IMX93/A03_SDK/SDK_2_14_0_MIMX9352xxxxK/rtos/freertos/freertos-kernel/queue.c.obj
LOAD CMakeFiles/payexp_m33.elf.dir/F_/F00_Workspace/03_SATEXP_IMX93/A03_SDK/SDK_2_14_0_MIMX9352xxxxK/rtos/freertos/freertos-kernel/stream_buffer.c.obj
LOAD CMakeFiles/payexp_m33.elf.dir/F_/F00_Workspace/03_SATEXP_IMX93/A03_SDK/SDK_2_14_0_MIMX9352xxxxK/rtos/freertos/freertos-kernel/tasks.c.obj
LOAD CMakeFiles/payexp_m33.elf.dir/F_/F00_Workspace/03_SATEXP_IMX93/A03_SDK/SDK_2_14_0_MIMX9352xxxxK/rtos/freertos/freertos-kernel/timers.c.obj
LOAD CMakeFiles/payexp_m33.elf.dir/F_/F00_Workspace/03_SATEXP_IMX93/A03_SDK/SDK_2_14_0_MIMX9352xxxxK/rtos/freertos/freertos-kernel/portable/GCC/ARM_CM33_NTZ/non_secure/port.c.obj
LOAD CMakeFiles/payexp_m33.elf.dir/101833cb4c4bf4b51db1bcbd81f78f40/SDK_2_14_0_MIMX9352xxxxK/rtos/freertos/freertos-kernel/portable/GCC/ARM_CM33_NTZ/non_secure/portasm.c.obj
LOAD CMakeFiles/payexp_m33.elf.dir/F_/F00_Workspace/03_SATEXP_IMX93/A03_SDK/SDK_2_14_0_MIMX9352xxxxK/rtos/freertos/freertos-kernel/portable/MemMang/heap_4.c.obj
LOAD CMakeFiles/payexp_m33.elf.dir/F_/F00_Workspace/03_SATEXP_IMX93/A03_SDK/SDK_2_14_0_MIMX9352xxxxK/devices/MIMX9352/utilities/fsl_sbrk.c.obj
LOAD CMakeFiles/payexp_m33.elf.dir/F_/F00_Workspace/03_SATEXP_IMX93/A03_SDK/SDK_2_14_0_MIMX9352xxxxK/devices/MIMX9352/utilities/fsl_memcpy.S.obj
LOAD CMakeFiles/payexp_m33.elf.dir/F_/F00_Workspace/03_SATEXP_IMX93/A03_SDK/SDK_2_14_0_MIMX9352xxxxK/devices/MIMX9352/utilities/fsl_assert.c.obj
LOAD CMakeFiles/payexp_m33.elf.dir/F_/F00_Workspace/03_SATEXP_IMX93/A03_SDK/SDK_2_14_0_MIMX9352xxxxK/devices/MIMX9352/utilities/str/fsl_str.c.obj
LOAD CMakeFiles/payexp_m33.elf.dir/F_/F00_Workspace/03_SATEXP_IMX93/A03_SDK/SDK_2_14_0_MIMX9352xxxxK/devices/MIMX9352/utilities/debug_console/fsl_debug_console.c.obj
LOAD F:/F00_Workspace/03_SATEXP_IMX93/A04_Project/AF_IPCDEV/payexp/02_OUTPUT/debug/M0_App
LOAD F:/F00_Workspace/03_SATEXP_IMX93/A04_Project/AF_IPCDEV/payexp/02_OUTPUT/debug/M1_SysApp
LOAD F:/F00_Workspace/03_SATEXP_IMX93/A04_Project/AF_IPCDEV/payexp/02_OUTPUT/debug/M5_Utils
START GROUP
LOAD C:/Users/CAOHIE~1/MCUXPR~1/ARM-GN~1.REL/bin/../lib/gcc/arm-none-eabi/14.2.1/thumb/v8-m.main+fp/hard\libgcc.a
LOAD C:/Users/CAOHIE~1/MCUXPR~1/ARM-GN~1.REL/bin/../lib/gcc/arm-none-eabi/14.2.1/thumb/v8-m.main+fp/hard\libc_nano.a
LOAD C:/Users/CAOHIE~1/MCUXPR~1/ARM-GN~1.REL/bin/../lib/gcc/arm-none-eabi/14.2.1/thumb/v8-m.main+fp/hard\libm.a
LOAD C:/Users/CAOHIE~1/MCUXPR~1/ARM-GN~1.REL/bin/../lib/gcc/arm-none-eabi/14.2.1/../../../../arm-none-eabi/lib/thumb/v8-m.main+fp/hard\libcr_newlib_nohost.a
END GROUP
START GROUP
LOAD C:/Users/CAOHIE~1/MCUXPR~1/ARM-GN~1.REL/bin/../lib/gcc/arm-none-eabi/14.2.1/thumb/v8-m.main+fp/hard\libgcc.a
LOAD C:/Users/CAOHIE~1/MCUXPR~1/ARM-GN~1.REL/bin/../lib/gcc/arm-none-eabi/14.2.1/thumb/v8-m.main+fp/hard\libg_nano.a
LOAD C:/Users/CAOHIE~1/MCUXPR~1/ARM-GN~1.REL/bin/../lib/gcc/arm-none-eabi/14.2.1/thumb/v8-m.main+fp/hard\libc_nano.a
END GROUP
START GROUP
LOAD C:/Users/CAOHIE~1/MCUXPR~1/ARM-GN~1.REL/bin/../lib/gcc/arm-none-eabi/14.2.1/thumb/v8-m.main+fp/hard\libgcc.a
LOAD C:/Users/CAOHIE~1/MCUXPR~1/ARM-GN~1.REL/bin/../lib/gcc/arm-none-eabi/14.2.1/thumb/v8-m.main+fp/hard\libc_nano.a
LOAD C:/Users/CAOHIE~1/MCUXPR~1/ARM-GN~1.REL/bin/../lib/gcc/arm-none-eabi/14.2.1/thumb/v8-m.main+fp/hard\libnosys.a
END GROUP
START GROUP
LOAD C:/Users/CAOHIE~1/MCUXPR~1/ARM-GN~1.REL/bin/../lib/gcc/arm-none-eabi/14.2.1/thumb/v8-m.main+fp/hard\libgcc.a
LOAD C:/Users/CAOHIE~1/MCUXPR~1/ARM-GN~1.REL/bin/../lib/gcc/arm-none-eabi/14.2.1/thumb/v8-m.main+fp/hard\libc_nano.a
LOAD C:/Users/CAOHIE~1/MCUXPR~1/ARM-GN~1.REL/bin/../lib/gcc/arm-none-eabi/14.2.1/thumb/v8-m.main+fp/hard\libnosys.a
END GROUP
LOAD C:/Users/CAOHIE~1/MCUXPR~1/ARM-GN~1.REL/bin/../lib/gcc/arm-none-eabi/14.2.1/thumb/v8-m.main+fp/hard/crtend.o
LOAD C:/Users/CAOHIE~1/MCUXPR~1/ARM-GN~1.REL/bin/../lib/gcc/arm-none-eabi/14.2.1/thumb/v8-m.main+fp/hard/crtn.o
                0x00000400                        HEAP_SIZE = DEFINED (__heap_size__)?__heap_size__:0x400
                0x00000400                        STACK_SIZE = DEFINED (__stack_size__)?__stack_size__:0x400
                0x00000000                        M_VECTOR_RAM_SIZE = DEFINED (__ram_vector_table__)?0x478:0x0

.interrupts     0x0ffe0000      0x474
                0x0ffe0000                        __VECTOR_TABLE = .
                0x0ffe0000                        __Vectors = .
                0x0ffe0000                        . = ALIGN (0x4)
 *(.isr_vector)
 .isr_vector    0x0ffe0000      0x474 CMakeFiles/payexp_m33.elf.dir/F_/F00_Workspace/03_SATEXP_IMX93/A03_SDK/SDK_2_14_0_MIMX9352xxxxK/devices/MIMX9352/gcc/startup_MIMX9352_cm33.S.obj
                0x0ffe0000                __isr_vector
                0x0ffe0474                        . = ALIGN (0x4)

.resource_table
                0x0ffe0478        0x0
                0x0ffe0478                        . = ALIGN (0x8)
 *(.resource_table)
                0x0ffe0478                        . = ALIGN (0x8)

.text           0x0ffe0480     0x6f3c
                0x0ffe0480                        . = ALIGN (0x4)
 *(.text)
 .text          0x0ffe0480       0x7c C:/Users/CAOHIE~1/MCUXPR~1/ARM-GN~1.REL/bin/../lib/gcc/arm-none-eabi/14.2.1/thumb/v8-m.main+fp/hard/crt0.o
                0x0ffe0480                _stack_init
                0x0ffe0488                _start
                0x0ffe0488                _mainCRTStartup
 .text          0x0ffe04fc      0x4ac CMakeFiles/payexp_m33.elf.dir/F_/F00_Workspace/03_SATEXP_IMX93/A03_SDK/SDK_2_14_0_MIMX9352xxxxK/devices/MIMX9352/gcc/startup_MIMX9352_cm33.S.obj
                0x0ffe04fc                Reset_Handler
                0x0ffe0574                LPI2C8_DriverIRQHandler
                0x0ffe0574                Reserved237_IRQHandler
                0x0ffe0574                DMA4_14_15_DriverIRQHandler
                0x0ffe0574                Reserved16_IRQHandler
                0x0ffe0574                MU2_A_IRQHandler
                0x0ffe0574                Reserved179_IRQHandler
                0x0ffe0574                LPSPI2_DriverIRQHandler
                0x0ffe0574                DMA4_20_21_DriverIRQHandler
                0x0ffe0574                Reserved219_IRQHandler
                0x0ffe0574                Reserved178_IRQHandler
                0x0ffe0574                Reserved220_IRQHandler
                0x0ffe0574                LPI2C7_DriverIRQHandler
                0x0ffe0574                Reserved88_IRQHandler
                0x0ffe0574                Reserved281_IRQHandler
                0x0ffe0574                Reserved243_IRQHandler
                0x0ffe0574                Reserved65_IRQHandler
                0x0ffe0574                Reserved229_IRQHandler
                0x0ffe0574                FlexSPI1_DriverIRQHandler
                0x0ffe0574                Reserved49_IRQHandler
                0x0ffe0574                CAN1_DriverIRQHandler
                0x0ffe0574                WDOG3_IRQHandler
                0x0ffe0574                Reserved76_IRQHandler
                0x0ffe0574                Reserved248_IRQHandler
                0x0ffe0574                Reserved64_IRQHandler
                0x0ffe0574                LPSPI4_DriverIRQHandler
                0x0ffe0574                Reserved60_IRQHandler
                0x0ffe0574                Reserved236_IRQHandler
                0x0ffe0574                Reserved234_IRQHandler
                0x0ffe0574                Reserved225_IRQHandler
                0x0ffe0574                CSI_IRQHandler
                0x0ffe0574                LPI2C5_DriverIRQHandler
                0x0ffe0574                Reserved50_IRQHandler
                0x0ffe0574                TRDC_IRQHandler
                0x0ffe0574                Reserved183_IRQHandler
                0x0ffe0574                DMA4_40_41_DriverIRQHandler
                0x0ffe0574                LPIT2_IRQHandler
                0x0ffe0574                LPI2C2_DriverIRQHandler
                0x0ffe0574                Reserved19_IRQHandler
                0x0ffe0574                DMA4_0_1_DriverIRQHandler
                0x0ffe0574                Reserved74_IRQHandler
                0x0ffe0574                Reserved89_IRQHandler
                0x0ffe0574                PDM_HWVAD_EVENT_DriverIRQHandler
                0x0ffe0574                Reserved59_IRQHandler
                0x0ffe0574                Reserved201_IRQHandler
                0x0ffe0574                LPTMR2_IRQHandler
                0x0ffe0574                LPSPI3_DriverIRQHandler
                0x0ffe0574                Reserved272_IRQHandler
                0x0ffe0574                PDM_HWVAD_ERROR_DriverIRQHandler
                0x0ffe0574                DMA4_46_47_DriverIRQHandler
                0x0ffe0574                Reserved263_IRQHandler
                0x0ffe0574                DMA4_58_59_DriverIRQHandler
                0x0ffe0574                DMA4_16_17_DriverIRQHandler
                0x0ffe0574                TPM5_IRQHandler
                0x0ffe0574                MU1_A_IRQHandler
                0x0ffe0574                ENET_1588_DriverIRQHandler
                0x0ffe0574                LPI2C3_DriverIRQHandler
                0x0ffe0574                Reserved247_IRQHandler
                0x0ffe0574                DMA4_52_53_DriverIRQHandler
                0x0ffe0574                I3C1_DriverIRQHandler
                0x0ffe0574                Reserved63_IRQHandler
                0x0ffe0574                WDOG5_IRQHandler
                0x0ffe0574                DMA4_42_43_DriverIRQHandler
                0x0ffe0574                Reserved44_IRQHandler
                0x0ffe0574                CAN1_ERROR_DriverIRQHandler
                0x0ffe0574                Reserved42_IRQHandler
                0x0ffe0574                LPIT1_IRQHandler
                0x0ffe0574                Reserved22_IRQHandler
                0x0ffe0574                Reserved192_IRQHandler
                0x0ffe0574                Reserved51_IRQHandler
                0x0ffe0574                Reserved75_IRQHandler
                0x0ffe0574                Reserved238_IRQHandler
                0x0ffe0574                Reserved280_IRQHandler
                0x0ffe0574                uSDHC2_DriverIRQHandler
                0x0ffe0574                Reserved268_IRQHandler
                0x0ffe0574                DMA4_10_11_DriverIRQHandler
                0x0ffe0574                DMA4_34_35_DriverIRQHandler
                0x0ffe0574                Reserved176_IRQHandler
                0x0ffe0574                Reserved233_IRQHandler
                0x0ffe0574                Reserved224_IRQHandler
                0x0ffe0574                FLEXIO2_DriverIRQHandler
                0x0ffe0574                DMA4_22_23_DriverIRQHandler
                0x0ffe0574                WDOG1_IRQHandler
                0x0ffe0574                uSDHC1_DriverIRQHandler
                0x0ffe0574                Reserved265_IRQHandler
                0x0ffe0574                Reserved106_IRQHandler
                0x0ffe0574                Reserved235_IRQHandler
                0x0ffe0574                Reserved57_IRQHandler
                0x0ffe0574                TPM1_IRQHandler
                0x0ffe0574                Reserved257_IRQHandler
                0x0ffe0574                TEMPMON_IRQHandler
                0x0ffe0574                DMA4_30_31_DriverIRQHandler
                0x0ffe0574                DefaultISR
                0x0ffe0574                Reserved250_IRQHandler
                0x0ffe0574                Reserved73_IRQHandler
                0x0ffe0574                Reserved58_IRQHandler
                0x0ffe0574                DMA4_38_39_DriverIRQHandler
                0x0ffe0574                Reserved264_IRQHandler
                0x0ffe0574                Reserved261_IRQHandler
                0x0ffe0574                Reserved284_IRQHandler
                0x0ffe0574                I3C2_DriverIRQHandler
                0x0ffe0574                LPI2C4_DriverIRQHandler
                0x0ffe0574                DMA4_4_5_DriverIRQHandler
                0x0ffe0574                Reserved230_IRQHandler
                0x0ffe0574                Reserved279_IRQHandler
                0x0ffe0574                Reserved45_IRQHandler
                0x0ffe0574                Reserved182_IRQHandler
                0x0ffe0574                DMA4_50_51_DriverIRQHandler
                0x0ffe0574                Reserved180_IRQHandler
                0x0ffe0574                Reserved240_IRQHandler
                0x0ffe0574                Reserved267_IRQHandler
                0x0ffe0574                Reserved239_IRQHandler
                0x0ffe0574                MU1_B_IRQHandler
                0x0ffe0574                Reserved177_IRQHandler
                0x0ffe0574                WDOG4_IRQHandler
                0x0ffe0574                Reserved283_IRQHandler
                0x0ffe0574                DMA4_28_29_DriverIRQHandler
                0x0ffe0574                Reserved228_IRQHandler
                0x0ffe0574                Reserved266_IRQHandler
                0x0ffe0574                DMA4_ERROR_DriverIRQHandler
                0x0ffe0574                Reserved23_IRQHandler
                0x0ffe0574                Reserved253_IRQHandler
                0x0ffe0574                DMA4_6_7_DriverIRQHandler
                0x0ffe0574                ENET_MAC0_Rx_Tx_Done2_DriverIRQHandler
                0x0ffe0574                Reserved274_IRQHandler
                0x0ffe0574                Reserved270_IRQHandler
                0x0ffe0574                LPI2C6_DriverIRQHandler
                0x0ffe0574                DMA4_56_57_DriverIRQHandler
                0x0ffe0574                LPSPI5_DriverIRQHandler
                0x0ffe0574                TPM2_IRQHandler
                0x0ffe0574                FLEXIO1_DriverIRQHandler
                0x0ffe0574                Reserved232_IRQHandler
                0x0ffe0574                ENET_DriverIRQHandler
                0x0ffe0574                Reserved43_IRQHandler
                0x0ffe0574                TPM4_IRQHandler
                0x0ffe0574                DMA4_36_37_DriverIRQHandler
                0x0ffe0574                Reserved21_IRQHandler
                0x0ffe0574                ENET_QOS_DriverIRQHandler
                0x0ffe0574                Reserved18_IRQHandler
                0x0ffe0574                DMA4_26_27_DriverIRQHandler
                0x0ffe0574                SAI1_DriverIRQHandler
                0x0ffe0574                Reserved278_IRQHandler
                0x0ffe0574                Reserved246_IRQHandler
                0x0ffe0574                Reserved277_IRQHandler
                0x0ffe0574                DMA3_DriverIRQHandler
                0x0ffe0574                TPM3_IRQHandler
                0x0ffe0574                Reserved241_IRQHandler
                0x0ffe0574                Reserved27_IRQHandler
                0x0ffe0574                WDOG2_IRQHandler
                0x0ffe0574                Reserved273_IRQHandler
                0x0ffe0574                Reserved202_IRQHandler
                0x0ffe0574                Reserved62_IRQHandler
                0x0ffe0574                Reserved275_IRQHandler
                0x0ffe0574                Reserved256_IRQHandler
                0x0ffe0574                Reserved46_IRQHandler
                0x0ffe0574                Reserved252_IRQHandler
                0x0ffe0574                Reserved206_IRQHandler
                0x0ffe0574                Reserved251_IRQHandler
                0x0ffe0574                DMA4_18_19_DriverIRQHandler
                0x0ffe0574                DSI_IRQHandler
                0x0ffe0574                Reserved245_IRQHandler
                0x0ffe0574                Reserved181_IRQHandler
                0x0ffe0574                Reserved26_IRQHandler
                0x0ffe0574                Reserved108_IRQHandler
                0x0ffe0574                Reserved72_IRQHandler
                0x0ffe0574                DMA4_12_13_DriverIRQHandler
                0x0ffe0574                LPSPI1_DriverIRQHandler
                0x0ffe0574                Reserved259_IRQHandler
                0x0ffe0574                Reserved194_IRQHandler
                0x0ffe0574                SecureFault_Handler
                0x0ffe0574                DMA4_8_9_DriverIRQHandler
                0x0ffe0574                LPSPI7_DriverIRQHandler
                0x0ffe0574                PDM_ERROR_DriverIRQHandler
                0x0ffe0574                Reserved66_IRQHandler
                0x0ffe0574                Reserved20_IRQHandler
                0x0ffe0574                Reserved100_IRQHandler
                0x0ffe0574                Reserved249_IRQHandler
                0x0ffe0574                Reserved107_IRQHandler
                0x0ffe0574                Reserved184_IRQHandler
                0x0ffe0574                Reserved142_IRQHandler
                0x0ffe0574                LPSPI8_DriverIRQHandler
                0x0ffe0574                Reserved98_IRQHandler
                0x0ffe0574                Reserved17_IRQHandler
                0x0ffe0574                DMA4_48_49_DriverIRQHandler
                0x0ffe0574                Reserved189_IRQHandler
                0x0ffe0574                Reserved47_IRQHandler
                0x0ffe0574                Reserved271_IRQHandler
                0x0ffe0574                Reserved258_IRQHandler
                0x0ffe0574                Reserved262_IRQHandler
                0x0ffe0574                CAN2_DriverIRQHandler
                0x0ffe0574                DMA4_62_63_DriverIRQHandler
                0x0ffe0574                CAN2_ERROR_DriverIRQHandler
                0x0ffe0574                LPI2C1_DriverIRQHandler
                0x0ffe0574                DMA4_44_45_DriverIRQHandler
                0x0ffe0574                ENET_MAC0_Rx_Tx_Done1_DriverIRQHandler
                0x0ffe0574                Reserved190_IRQHandler
                0x0ffe0574                Reserved231_IRQHandler
                0x0ffe0574                Reserved276_IRQHandler
                0x0ffe0574                Reserved282_IRQHandler
                0x0ffe0574                Reserved260_IRQHandler
                0x0ffe0574                Reserved105_IRQHandler
                0x0ffe0574                DMA4_2_3_DriverIRQHandler
                0x0ffe0574                Reserved255_IRQHandler
                0x0ffe0574                Reserved269_IRQHandler
                0x0ffe0574                DMA4_24_25_DriverIRQHandler
                0x0ffe0574                Reserved104_IRQHandler
                0x0ffe0574                Reserved203_IRQHandler
                0x0ffe0574                ISI_IRQHandler
                0x0ffe0574                Reserved101_IRQHandler
                0x0ffe0574                Reserved223_IRQHandler
                0x0ffe0574                DMA4_32_33_DriverIRQHandler
                0x0ffe0574                Reserved204_IRQHandler
                0x0ffe0574                Reserved244_IRQHandler
                0x0ffe0574                uSDHC3_DriverIRQHandler
                0x0ffe0574                Reserved109_IRQHandler
                0x0ffe0574                Reserved41_IRQHandler
                0x0ffe0574                Reserved254_IRQHandler
                0x0ffe0574                DMA4_60_61_DriverIRQHandler
                0x0ffe0574                Reserved90_IRQHandler
                0x0ffe0574                SAI2_DriverIRQHandler
                0x0ffe0574                LPSPI6_DriverIRQHandler
                0x0ffe0574                Reserved242_IRQHandler
                0x0ffe0574                Reserved205_IRQHandler
                0x0ffe0574                TPM6_IRQHandler
                0x0ffe0574                Reserved48_IRQHandler
                0x0ffe0574                PDM_EVENT_DriverIRQHandler
                0x0ffe0574                SAI3_DriverIRQHandler
                0x0ffe0574                MU2_B_IRQHandler
                0x0ffe0574                ENET_QOS_PMT_IRQHandler
                0x0ffe0574                Reserved185_IRQHandler
                0x0ffe0574                Reserved222_IRQHandler
                0x0ffe0574                DMA4_54_55_DriverIRQHandler
                0x0ffe058c                CAN1_IRQHandler
                0x0ffe0590                CAN1_ERROR_IRQHandler
                0x0ffe0594                I3C1_IRQHandler
                0x0ffe0598                LPI2C1_IRQHandler
                0x0ffe059c                LPI2C2_IRQHandler
                0x0ffe05a0                LPSPI1_IRQHandler
                0x0ffe05a4                LPSPI2_IRQHandler
                0x0ffe05a8                LPUART1_IRQHandler
                0x0ffe05ac                LPUART2_IRQHandler
                0x0ffe05b0                SAI1_IRQHandler
                0x0ffe05b4                CAN2_IRQHandler
                0x0ffe05b8                CAN2_ERROR_IRQHandler
                0x0ffe05bc                FLEXIO1_IRQHandler
                0x0ffe05c0                FLEXIO2_IRQHandler
                0x0ffe05c4                FlexSPI1_IRQHandler
                0x0ffe05c8                I3C2_IRQHandler
                0x0ffe05cc                LPI2C3_IRQHandler
                0x0ffe05d0                LPI2C4_IRQHandler
                0x0ffe05d4                LPSPI3_IRQHandler
                0x0ffe05d8                LPSPI4_IRQHandler
                0x0ffe05dc                LPUART3_IRQHandler
                0x0ffe05e0                LPUART4_IRQHandler
                0x0ffe05e4                LPUART5_IRQHandler
                0x0ffe05e8                LPUART6_IRQHandler
                0x0ffe05ec                uSDHC1_IRQHandler
                0x0ffe05f0                uSDHC2_IRQHandler
                0x0ffe05f4                DMA3_ERROR_IRQHandler
                0x0ffe05fc                DMA3_0_IRQHandler
                0x0ffe0608                DMA3_1_IRQHandler
                0x0ffe0614                DMA3_2_IRQHandler
                0x0ffe0620                DMA3_3_IRQHandler
                0x0ffe062c                DMA3_4_IRQHandler
                0x0ffe0638                DMA3_5_IRQHandler
                0x0ffe0644                DMA3_6_IRQHandler
                0x0ffe0650                DMA3_7_IRQHandler
                0x0ffe065c                DMA3_8_IRQHandler
                0x0ffe0668                DMA3_9_IRQHandler
                0x0ffe0674                DMA3_10_IRQHandler
                0x0ffe0680                DMA3_11_IRQHandler
                0x0ffe068c                DMA3_12_IRQHandler
                0x0ffe0698                DMA3_13_IRQHandler
                0x0ffe06a4                DMA3_14_IRQHandler
                0x0ffe06b0                DMA3_15_IRQHandler
                0x0ffe06bc                DMA3_16_IRQHandler
                0x0ffe06c8                DMA3_17_IRQHandler
                0x0ffe06d4                DMA3_18_IRQHandler
                0x0ffe06e0                DMA3_19_IRQHandler
                0x0ffe06ec                DMA3_20_IRQHandler
                0x0ffe06f8                DMA3_21_IRQHandler
                0x0ffe0704                DMA3_22_IRQHandler
                0x0ffe0710                DMA3_23_IRQHandler
                0x0ffe071c                DMA3_24_IRQHandler
                0x0ffe0728                DMA3_25_IRQHandler
                0x0ffe0734                DMA3_26_IRQHandler
                0x0ffe0740                DMA3_27_IRQHandler
                0x0ffe074c                DMA3_28_IRQHandler
                0x0ffe0758                DMA3_29_IRQHandler
                0x0ffe0764                DMA3_30_IRQHandler
                0x0ffe0770                DMA4_ERROR_IRQHandler
                0x0ffe0774                DMA4_0_1_IRQHandler
                0x0ffe0778                DMA4_2_3_IRQHandler
                0x0ffe077c                DMA4_4_5_IRQHandler
                0x0ffe0780                DMA4_6_7_IRQHandler
                0x0ffe0784                DMA4_8_9_IRQHandler
                0x0ffe0788                DMA4_10_11_IRQHandler
                0x0ffe078c                DMA4_12_13_IRQHandler
                0x0ffe0790                DMA4_14_15_IRQHandler
                0x0ffe0794                DMA4_16_17_IRQHandler
                0x0ffe0798                DMA4_18_19_IRQHandler
                0x0ffe079c                DMA4_20_21_IRQHandler
                0x0ffe07a0                DMA4_22_23_IRQHandler
                0x0ffe07a4                DMA4_24_25_IRQHandler
                0x0ffe07a8                DMA4_26_27_IRQHandler
                0x0ffe07ac                DMA4_28_29_IRQHandler
                0x0ffe07b0                DMA4_30_31_IRQHandler
                0x0ffe07b4                DMA4_32_33_IRQHandler
                0x0ffe07b8                DMA4_34_35_IRQHandler
                0x0ffe07bc                DMA4_36_37_IRQHandler
                0x0ffe07c0                DMA4_38_39_IRQHandler
                0x0ffe07c4                DMA4_40_41_IRQHandler
                0x0ffe07c8                DMA4_42_43_IRQHandler
                0x0ffe07cc                DMA4_44_45_IRQHandler
                0x0ffe07d0                DMA4_46_47_IRQHandler
                0x0ffe07d4                DMA4_48_49_IRQHandler
                0x0ffe07d8                DMA4_50_51_IRQHandler
                0x0ffe07dc                DMA4_52_53_IRQHandler
                0x0ffe07e0                DMA4_54_55_IRQHandler
                0x0ffe07e4                DMA4_56_57_IRQHandler
                0x0ffe07e8                DMA4_58_59_IRQHandler
                0x0ffe07ec                DMA4_60_61_IRQHandler
                0x0ffe07f0                DMA4_62_63_IRQHandler
                0x0ffe07f4                SAI2_IRQHandler
                0x0ffe07f8                SAI3_IRQHandler
                0x0ffe07fc                ENET_MAC0_Rx_Tx_Done1_IRQHandler
                0x0ffe0800                ENET_MAC0_Rx_Tx_Done2_IRQHandler
                0x0ffe0804                ENET_IRQHandler
                0x0ffe0808                ENET_1588_IRQHandler
                0x0ffe080c                ENET_QOS_IRQHandler
                0x0ffe0810                LPSPI5_IRQHandler
                0x0ffe0814                LPSPI6_IRQHandler
                0x0ffe0818                LPSPI7_IRQHandler
                0x0ffe081c                LPSPI8_IRQHandler
                0x0ffe0820                LPI2C5_IRQHandler
                0x0ffe0824                LPI2C6_IRQHandler
                0x0ffe0828                LPI2C7_IRQHandler
                0x0ffe082c                LPI2C8_IRQHandler
                0x0ffe0830                PDM_HWVAD_ERROR_IRQHandler
                0x0ffe0834                PDM_HWVAD_EVENT_IRQHandler
                0x0ffe0838                PDM_ERROR_IRQHandler
                0x0ffe083c                PDM_EVENT_IRQHandler
                0x0ffe0840                uSDHC3_IRQHandler
                0x0ffe0844                LPUART7_IRQHandler
                0x0ffe0848                LPUART8_IRQHandler
 .text          0x0ffe09a8       0xa0 CMakeFiles/payexp_m33.elf.dir/F_/F00_Workspace/03_SATEXP_IMX93/A03_SDK/SDK_2_14_0_MIMX9352xxxxK/devices/MIMX9352/utilities/fsl_memcpy.S.obj
                0x0ffe09a8                memcpy
 .text          0x0ffe0a48       0x14 C:/Users/CAOHIE~1/MCUXPR~1/ARM-GN~1.REL/bin/../lib/gcc/arm-none-eabi/14.2.1/thumb/v8-m.main+fp/hard\libc_nano.a(libc_a-strcmp.o)
                0x0ffe0a48                strcmp
 .text          0x0ffe0a5c       0x10 C:/Users/CAOHIE~1/MCUXPR~1/ARM-GN~1.REL/bin/../lib/gcc/arm-none-eabi/14.2.1/thumb/v8-m.main+fp/hard\libc_nano.a(libc_a-strlen.o)
                0x0ffe0a5c                strlen
 *(.text*)
 .text.deregister_tm_clones
                0x0ffe0a6c       0x1c C:/Users/CAOHIE~1/MCUXPR~1/ARM-GN~1.REL/bin/../lib/gcc/arm-none-eabi/14.2.1/thumb/v8-m.main+fp/hard/crtbegin.o
 .text.register_tm_clones
                0x0ffe0a88       0x28 C:/Users/CAOHIE~1/MCUXPR~1/ARM-GN~1.REL/bin/../lib/gcc/arm-none-eabi/14.2.1/thumb/v8-m.main+fp/hard/crtbegin.o
 .text.__do_global_dtors_aux
                0x0ffe0ab0       0x28 C:/Users/CAOHIE~1/MCUXPR~1/ARM-GN~1.REL/bin/../lib/gcc/arm-none-eabi/14.2.1/thumb/v8-m.main+fp/hard/crtbegin.o
 .text.frame_dummy
                0x0ffe0ad8       0x24 C:/Users/CAOHIE~1/MCUXPR~1/ARM-GN~1.REL/bin/../lib/gcc/arm-none-eabi/14.2.1/thumb/v8-m.main+fp/hard/crtbegin.o
 .text.__NVIC_EnableIRQ
                0x0ffe0afc       0x3c CMakeFiles/payexp_m33.elf.dir/F_/F00_Workspace/03_SATEXP_IMX93/A04_Project/AF_IPCDEV/payexp/Core/Src/main.c.obj
 .text.__NVIC_SetPriority
                0x0ffe0b38       0x54 CMakeFiles/payexp_m33.elf.dir/F_/F00_Workspace/03_SATEXP_IMX93/A04_Project/AF_IPCDEV/payexp/Core/Src/main.c.obj
 .text.CLOCK_ControlGate
                0x0ffe0b8c       0x68 CMakeFiles/payexp_m33.elf.dir/F_/F00_Workspace/03_SATEXP_IMX93/A04_Project/AF_IPCDEV/payexp/Core/Src/main.c.obj
 .text.CLOCK_EnableClock
                0x0ffe0bf4       0x1c CMakeFiles/payexp_m33.elf.dir/F_/F00_Workspace/03_SATEXP_IMX93/A04_Project/AF_IPCDEV/payexp/Core/Src/main.c.obj
 .text.EnableIRQWithPriority
                0x0ffe0c10       0x46 CMakeFiles/payexp_m33.elf.dir/F_/F00_Workspace/03_SATEXP_IMX93/A04_Project/AF_IPCDEV/payexp/Core/Src/main.c.obj
 .text.LPTMR_EnableInterrupts
                0x0ffe0c56       0x32 CMakeFiles/payexp_m33.elf.dir/F_/F00_Workspace/03_SATEXP_IMX93/A04_Project/AF_IPCDEV/payexp/Core/Src/main.c.obj
 .text.LPTMR_SetTimerPeriod
                0x0ffe0c88       0x3c CMakeFiles/payexp_m33.elf.dir/F_/F00_Workspace/03_SATEXP_IMX93/A04_Project/AF_IPCDEV/payexp/Core/Src/main.c.obj
 .text.LPTMR_StartTimer
                0x0ffe0cc4       0x30 CMakeFiles/payexp_m33.elf.dir/F_/F00_Workspace/03_SATEXP_IMX93/A04_Project/AF_IPCDEV/payexp/Core/Src/main.c.obj
 .text.main     0x0ffe0cf4       0x2c CMakeFiles/payexp_m33.elf.dir/F_/F00_Workspace/03_SATEXP_IMX93/A04_Project/AF_IPCDEV/payexp/Core/Src/main.c.obj
                0x0ffe0cf4                main
 .text.IMX_LPTMP1_Init
                0x0ffe0d20       0x4c CMakeFiles/payexp_m33.elf.dir/F_/F00_Workspace/03_SATEXP_IMX93/A04_Project/AF_IPCDEV/payexp/Core/Src/main.c.obj
 .text.LPTMR_ClearStatusFlags
                0x0ffe0d6c       0x22 CMakeFiles/payexp_m33.elf.dir/F_/F00_Workspace/03_SATEXP_IMX93/A04_Project/AF_IPCDEV/payexp/Core/Src/MIMX9352cm33_it.c.obj
 .text.NMI_Handler
                0x0ffe0d8e        0x8 CMakeFiles/payexp_m33.elf.dir/F_/F00_Workspace/03_SATEXP_IMX93/A04_Project/AF_IPCDEV/payexp/Core/Src/MIMX9352cm33_it.c.obj
                0x0ffe0d8e                NMI_Handler
 *fill*         0x0ffe0d96        0x2 
 .text.HardFault_Handler
                0x0ffe0d98       0x14 CMakeFiles/payexp_m33.elf.dir/F_/F00_Workspace/03_SATEXP_IMX93/A04_Project/AF_IPCDEV/payexp/Core/Src/MIMX9352cm33_it.c.obj
                0x0ffe0d98                HardFault_Handler
 .text.MemManage_Handler
                0x0ffe0dac       0x14 CMakeFiles/payexp_m33.elf.dir/F_/F00_Workspace/03_SATEXP_IMX93/A04_Project/AF_IPCDEV/payexp/Core/Src/MIMX9352cm33_it.c.obj
                0x0ffe0dac                MemManage_Handler
 .text.BusFault_Handler
                0x0ffe0dc0        0x8 CMakeFiles/payexp_m33.elf.dir/F_/F00_Workspace/03_SATEXP_IMX93/A04_Project/AF_IPCDEV/payexp/Core/Src/MIMX9352cm33_it.c.obj
                0x0ffe0dc0                BusFault_Handler
 .text.UsageFault_Handler
                0x0ffe0dc8        0x8 CMakeFiles/payexp_m33.elf.dir/F_/F00_Workspace/03_SATEXP_IMX93/A04_Project/AF_IPCDEV/payexp/Core/Src/MIMX9352cm33_it.c.obj
                0x0ffe0dc8                UsageFault_Handler
 .text.DebugMon_Handler
                0x0ffe0dd0        0xe CMakeFiles/payexp_m33.elf.dir/F_/F00_Workspace/03_SATEXP_IMX93/A04_Project/AF_IPCDEV/payexp/Core/Src/MIMX9352cm33_it.c.obj
                0x0ffe0dd0                DebugMon_Handler
 *fill*         0x0ffe0dde        0x2 
 .text.LPTMR1_IRQHandler
                0x0ffe0de0       0x24 CMakeFiles/payexp_m33.elf.dir/F_/F00_Workspace/03_SATEXP_IMX93/A04_Project/AF_IPCDEV/payexp/Core/Src/MIMX9352cm33_it.c.obj
                0x0ffe0de0                LPTMR1_IRQHandler
 .text.CLOCK_SetRootClock
                0x0ffe0e04       0x7c CMakeFiles/payexp_m33.elf.dir/F_/F00_Workspace/03_SATEXP_IMX93/A04_Project/AF_IPCDEV/payexp/Core/Src/board.c.obj
 .text.CLOCK_ControlGate
                0x0ffe0e80       0x68 CMakeFiles/payexp_m33.elf.dir/F_/F00_Workspace/03_SATEXP_IMX93/A04_Project/AF_IPCDEV/payexp/Core/Src/board.c.obj
 .text.CLOCK_EnableClock
                0x0ffe0ee8       0x1c CMakeFiles/payexp_m33.elf.dir/F_/F00_Workspace/03_SATEXP_IMX93/A04_Project/AF_IPCDEV/payexp/Core/Src/board.c.obj
 .text.BOARD_InitDebugConsole
                0x0ffe0f04       0x3e CMakeFiles/payexp_m33.elf.dir/F_/F00_Workspace/03_SATEXP_IMX93/A04_Project/AF_IPCDEV/payexp/Core/Src/board.c.obj
                0x0ffe0f04                BOARD_InitDebugConsole
 *fill*         0x0ffe0f42        0x2 
 .text.CLOCK_PllInit
                0x0ffe0f44       0x94 CMakeFiles/payexp_m33.elf.dir/F_/F00_Workspace/03_SATEXP_IMX93/A04_Project/AF_IPCDEV/payexp/Core/Src/clock_config.c.obj
 .text.BOARD_InitClock
                0x0ffe0fd8       0x74 CMakeFiles/payexp_m33.elf.dir/F_/F00_Workspace/03_SATEXP_IMX93/A04_Project/AF_IPCDEV/payexp/Core/Src/clock_config.c.obj
 .text.BOARD_BootClockRUN
                0x0ffe104c       0x1c CMakeFiles/payexp_m33.elf.dir/F_/F00_Workspace/03_SATEXP_IMX93/A04_Project/AF_IPCDEV/payexp/Core/Src/clock_config.c.obj
                0x0ffe104c                BOARD_BootClockRUN
 .text.IOMUXC_SetPinMux
                0x0ffe1068       0x40 CMakeFiles/payexp_m33.elf.dir/F_/F00_Workspace/03_SATEXP_IMX93/A04_Project/AF_IPCDEV/payexp/Core/Src/pin_mux.c.obj
 .text.IOMUXC_SetPinConfig
                0x0ffe10a8       0x26 CMakeFiles/payexp_m33.elf.dir/F_/F00_Workspace/03_SATEXP_IMX93/A04_Project/AF_IPCDEV/payexp/Core/Src/pin_mux.c.obj
 .text.BOARD_InitBootPins
                0x0ffe10ce        0xc CMakeFiles/payexp_m33.elf.dir/F_/F00_Workspace/03_SATEXP_IMX93/A04_Project/AF_IPCDEV/payexp/Core/Src/pin_mux.c.obj
                0x0ffe10ce                BOARD_InitBootPins
 *fill*         0x0ffe10da        0x2 
 .text.BOARD_InitPins
                0x0ffe10dc       0x70 CMakeFiles/payexp_m33.elf.dir/F_/F00_Workspace/03_SATEXP_IMX93/A04_Project/AF_IPCDEV/payexp/Core/Src/pin_mux.c.obj
                0x0ffe10dc                BOARD_InitPins
 .text.HAL_UartGetStatus
                0x0ffe114c       0x28 CMakeFiles/payexp_m33.elf.dir/F_/F00_Workspace/03_SATEXP_IMX93/A03_SDK/SDK_2_14_0_MIMX9352xxxxK/components/uart/fsl_adapter_lpuart.c.obj
 .text.HAL_UartInitCommon
                0x0ffe1174       0xe0 CMakeFiles/payexp_m33.elf.dir/F_/F00_Workspace/03_SATEXP_IMX93/A03_SDK/SDK_2_14_0_MIMX9352xxxxK/components/uart/fsl_adapter_lpuart.c.obj
 .text.HAL_UartInit
                0x0ffe1254       0xac CMakeFiles/payexp_m33.elf.dir/F_/F00_Workspace/03_SATEXP_IMX93/A03_SDK/SDK_2_14_0_MIMX9352xxxxK/components/uart/fsl_adapter_lpuart.c.obj
                0x0ffe1254                HAL_UartInit
 .text.HAL_UartReceiveBlocking
                0x0ffe1300       0x8c CMakeFiles/payexp_m33.elf.dir/F_/F00_Workspace/03_SATEXP_IMX93/A03_SDK/SDK_2_14_0_MIMX9352xxxxK/components/uart/fsl_adapter_lpuart.c.obj
                0x0ffe1300                HAL_UartReceiveBlocking
 .text.HAL_UartSendBlocking
                0x0ffe138c       0x84 CMakeFiles/payexp_m33.elf.dir/F_/F00_Workspace/03_SATEXP_IMX93/A03_SDK/SDK_2_14_0_MIMX9352xxxxK/components/uart/fsl_adapter_lpuart.c.obj
                0x0ffe138c                HAL_UartSendBlocking
 .text.DisableGlobalIRQ
                0x0ffe1410       0x22 CMakeFiles/payexp_m33.elf.dir/F_/F00_Workspace/03_SATEXP_IMX93/A03_SDK/SDK_2_14_0_MIMX9352xxxxK/components/serial_manager/fsl_component_serial_manager.c.obj
 .text.EnableGlobalIRQ
                0x0ffe1432       0x20 CMakeFiles/payexp_m33.elf.dir/F_/F00_Workspace/03_SATEXP_IMX93/A03_SDK/SDK_2_14_0_MIMX9352xxxxK/components/serial_manager/fsl_component_serial_manager.c.obj
 .text.SerialManager_StartWriting
                0x0ffe1452       0x38 CMakeFiles/payexp_m33.elf.dir/F_/F00_Workspace/03_SATEXP_IMX93/A03_SDK/SDK_2_14_0_MIMX9352xxxxK/components/serial_manager/fsl_component_serial_manager.c.obj
 .text.SerialManager_StartReading
                0x0ffe148a       0x38 CMakeFiles/payexp_m33.elf.dir/F_/F00_Workspace/03_SATEXP_IMX93/A03_SDK/SDK_2_14_0_MIMX9352xxxxK/components/serial_manager/fsl_component_serial_manager.c.obj
 .text.SerialManager_Write
                0x0ffe14c2       0x44 CMakeFiles/payexp_m33.elf.dir/F_/F00_Workspace/03_SATEXP_IMX93/A03_SDK/SDK_2_14_0_MIMX9352xxxxK/components/serial_manager/fsl_component_serial_manager.c.obj
 .text.SerialManager_Read
                0x0ffe1506       0x44 CMakeFiles/payexp_m33.elf.dir/F_/F00_Workspace/03_SATEXP_IMX93/A03_SDK/SDK_2_14_0_MIMX9352xxxxK/components/serial_manager/fsl_component_serial_manager.c.obj
 .text.SerialManager_Init
                0x0ffe154a       0x60 CMakeFiles/payexp_m33.elf.dir/F_/F00_Workspace/03_SATEXP_IMX93/A03_SDK/SDK_2_14_0_MIMX9352xxxxK/components/serial_manager/fsl_component_serial_manager.c.obj
                0x0ffe154a                SerialManager_Init
 .text.SerialManager_OpenWriteHandle
                0x0ffe15aa       0x50 CMakeFiles/payexp_m33.elf.dir/F_/F00_Workspace/03_SATEXP_IMX93/A03_SDK/SDK_2_14_0_MIMX9352xxxxK/components/serial_manager/fsl_component_serial_manager.c.obj
                0x0ffe15aa                SerialManager_OpenWriteHandle
 .text.SerialManager_OpenReadHandle
                0x0ffe15fa       0x60 CMakeFiles/payexp_m33.elf.dir/F_/F00_Workspace/03_SATEXP_IMX93/A03_SDK/SDK_2_14_0_MIMX9352xxxxK/components/serial_manager/fsl_component_serial_manager.c.obj
                0x0ffe15fa                SerialManager_OpenReadHandle
 .text.SerialManager_WriteBlocking
                0x0ffe165a       0x20 CMakeFiles/payexp_m33.elf.dir/F_/F00_Workspace/03_SATEXP_IMX93/A03_SDK/SDK_2_14_0_MIMX9352xxxxK/components/serial_manager/fsl_component_serial_manager.c.obj
                0x0ffe165a                SerialManager_WriteBlocking
 .text.SerialManager_ReadBlocking
                0x0ffe167a       0x20 CMakeFiles/payexp_m33.elf.dir/F_/F00_Workspace/03_SATEXP_IMX93/A03_SDK/SDK_2_14_0_MIMX9352xxxxK/components/serial_manager/fsl_component_serial_manager.c.obj
                0x0ffe167a                SerialManager_ReadBlocking
 .text.Serial_UartInit
                0x0ffe169a       0x3e CMakeFiles/payexp_m33.elf.dir/F_/F00_Workspace/03_SATEXP_IMX93/A03_SDK/SDK_2_14_0_MIMX9352xxxxK/components/serial_manager/fsl_component_serial_port_uart.c.obj
                0x0ffe169a                Serial_UartInit
 .text.Serial_UartWrite
                0x0ffe16d8       0x38 CMakeFiles/payexp_m33.elf.dir/F_/F00_Workspace/03_SATEXP_IMX93/A03_SDK/SDK_2_14_0_MIMX9352xxxxK/components/serial_manager/fsl_component_serial_port_uart.c.obj
                0x0ffe16d8                Serial_UartWrite
 .text.Serial_UartRead
                0x0ffe1710       0x38 CMakeFiles/payexp_m33.elf.dir/F_/F00_Workspace/03_SATEXP_IMX93/A03_SDK/SDK_2_14_0_MIMX9352xxxxK/components/serial_manager/fsl_component_serial_port_uart.c.obj
                0x0ffe1710                Serial_UartRead
 .text.SystemInit
                0x0ffe1748       0x20 CMakeFiles/payexp_m33.elf.dir/F_/F00_Workspace/03_SATEXP_IMX93/A03_SDK/SDK_2_14_0_MIMX9352xxxxK/devices/MIMX9352/system_MIMX9352_cm33.c.obj
                0x0ffe1748                SystemInit
 .text.SystemInitHook
                0x0ffe1768        0xe CMakeFiles/payexp_m33.elf.dir/F_/F00_Workspace/03_SATEXP_IMX93/A03_SDK/SDK_2_14_0_MIMX9352xxxxK/devices/MIMX9352/system_MIMX9352_cm33.c.obj
                0x0ffe1768                SystemInitHook
 *fill*         0x0ffe1776        0x2 
 .text.CLOCK_GetRootClockMux
                0x0ffe1778       0x2c CMakeFiles/payexp_m33.elf.dir/F_/F00_Workspace/03_SATEXP_IMX93/A03_SDK/SDK_2_14_0_MIMX9352xxxxK/devices/MIMX9352/drivers/fsl_clock.c.obj
 .text.CLOCK_GetRootClockSource
                0x0ffe17a4       0x2c CMakeFiles/payexp_m33.elf.dir/F_/F00_Workspace/03_SATEXP_IMX93/A03_SDK/SDK_2_14_0_MIMX9352xxxxK/devices/MIMX9352/drivers/fsl_clock.c.obj
 .text.CLOCK_GetRootClockDiv
                0x0ffe17d0       0x28 CMakeFiles/payexp_m33.elf.dir/F_/F00_Workspace/03_SATEXP_IMX93/A03_SDK/SDK_2_14_0_MIMX9352xxxxK/devices/MIMX9352/drivers/fsl_clock.c.obj
 .text.CLOCK_GetIpFreq
                0x0ffe17f8       0x64 CMakeFiles/payexp_m33.elf.dir/F_/F00_Workspace/03_SATEXP_IMX93/A03_SDK/SDK_2_14_0_MIMX9352xxxxK/devices/MIMX9352/drivers/fsl_clock.c.obj
                0x0ffe17f8                CLOCK_GetIpFreq
 .text.LPTMR_Init
                0x0ffe185c       0x88 CMakeFiles/payexp_m33.elf.dir/F_/F00_Workspace/03_SATEXP_IMX93/A03_SDK/SDK_2_14_0_MIMX9352xxxxK/devices/MIMX9352/drivers/fsl_lptmr.c.obj
                0x0ffe185c                LPTMR_Init
 .text.LPTMR_GetDefaultConfig
                0x0ffe18e4       0x64 CMakeFiles/payexp_m33.elf.dir/F_/F00_Workspace/03_SATEXP_IMX93/A03_SDK/SDK_2_14_0_MIMX9352xxxxK/devices/MIMX9352/drivers/fsl_lptmr.c.obj
                0x0ffe18e4                LPTMR_GetDefaultConfig
 .text.CLOCK_ControlGate
                0x0ffe1948       0x68 CMakeFiles/payexp_m33.elf.dir/F_/F00_Workspace/03_SATEXP_IMX93/A03_SDK/SDK_2_14_0_MIMX9352xxxxK/devices/MIMX9352/drivers/fsl_lpuart.c.obj
 .text.CLOCK_EnableClock
                0x0ffe19b0       0x1c CMakeFiles/payexp_m33.elf.dir/F_/F00_Workspace/03_SATEXP_IMX93/A03_SDK/SDK_2_14_0_MIMX9352xxxxK/devices/MIMX9352/drivers/fsl_lpuart.c.obj
 .text.LPUART_SoftwareReset
                0x0ffe19cc       0x2c CMakeFiles/payexp_m33.elf.dir/F_/F00_Workspace/03_SATEXP_IMX93/A03_SDK/SDK_2_14_0_MIMX9352xxxxK/devices/MIMX9352/drivers/fsl_lpuart.c.obj
 .text.LPUART_GetInstance
                0x0ffe19f8       0x58 CMakeFiles/payexp_m33.elf.dir/F_/F00_Workspace/03_SATEXP_IMX93/A03_SDK/SDK_2_14_0_MIMX9352xxxxK/devices/MIMX9352/drivers/fsl_lpuart.c.obj
                0x0ffe19f8                LPUART_GetInstance
 .text.LPUART_Init
                0x0ffe1a50      0x348 CMakeFiles/payexp_m33.elf.dir/F_/F00_Workspace/03_SATEXP_IMX93/A03_SDK/SDK_2_14_0_MIMX9352xxxxK/devices/MIMX9352/drivers/fsl_lpuart.c.obj
                0x0ffe1a50                LPUART_Init
 .text.LPUART_GetDefaultConfig
                0x0ffe1d98       0x98 CMakeFiles/payexp_m33.elf.dir/F_/F00_Workspace/03_SATEXP_IMX93/A03_SDK/SDK_2_14_0_MIMX9352xxxxK/devices/MIMX9352/drivers/fsl_lpuart.c.obj
                0x0ffe1d98                LPUART_GetDefaultConfig
 .text.LPUART_GetStatusFlags
                0x0ffe1e30       0x38 CMakeFiles/payexp_m33.elf.dir/F_/F00_Workspace/03_SATEXP_IMX93/A03_SDK/SDK_2_14_0_MIMX9352xxxxK/devices/MIMX9352/drivers/fsl_lpuart.c.obj
                0x0ffe1e30                LPUART_GetStatusFlags
 .text.LPUART_ClearStatusFlags
                0x0ffe1e68       0x7c CMakeFiles/payexp_m33.elf.dir/F_/F00_Workspace/03_SATEXP_IMX93/A03_SDK/SDK_2_14_0_MIMX9352xxxxK/devices/MIMX9352/drivers/fsl_lpuart.c.obj
                0x0ffe1e68                LPUART_ClearStatusFlags
 .text.LPUART_WriteBlocking
                0x0ffe1ee4       0x78 CMakeFiles/payexp_m33.elf.dir/F_/F00_Workspace/03_SATEXP_IMX93/A03_SDK/SDK_2_14_0_MIMX9352xxxxK/devices/MIMX9352/drivers/fsl_lpuart.c.obj
                0x0ffe1ee4                LPUART_WriteBlocking
 .text.LPUART_ReadBlocking
                0x0ffe1f5c      0x170 CMakeFiles/payexp_m33.elf.dir/F_/F00_Workspace/03_SATEXP_IMX93/A03_SDK/SDK_2_14_0_MIMX9352xxxxK/devices/MIMX9352/drivers/fsl_lpuart.c.obj
                0x0ffe1f5c                LPUART_ReadBlocking
 .text.LPUART1_DriverIRQHandler
                0x0ffe20cc       0x24 CMakeFiles/payexp_m33.elf.dir/F_/F00_Workspace/03_SATEXP_IMX93/A03_SDK/SDK_2_14_0_MIMX9352xxxxK/devices/MIMX9352/drivers/fsl_lpuart.c.obj
                0x0ffe20cc                LPUART1_DriverIRQHandler
 .text.LPUART2_DriverIRQHandler
                0x0ffe20f0       0x24 CMakeFiles/payexp_m33.elf.dir/F_/F00_Workspace/03_SATEXP_IMX93/A03_SDK/SDK_2_14_0_MIMX9352xxxxK/devices/MIMX9352/drivers/fsl_lpuart.c.obj
                0x0ffe20f0                LPUART2_DriverIRQHandler
 .text.LPUART3_DriverIRQHandler
                0x0ffe2114       0x24 CMakeFiles/payexp_m33.elf.dir/F_/F00_Workspace/03_SATEXP_IMX93/A03_SDK/SDK_2_14_0_MIMX9352xxxxK/devices/MIMX9352/drivers/fsl_lpuart.c.obj
                0x0ffe2114                LPUART3_DriverIRQHandler
 .text.LPUART4_DriverIRQHandler
                0x0ffe2138       0x24 CMakeFiles/payexp_m33.elf.dir/F_/F00_Workspace/03_SATEXP_IMX93/A03_SDK/SDK_2_14_0_MIMX9352xxxxK/devices/MIMX9352/drivers/fsl_lpuart.c.obj
                0x0ffe2138                LPUART4_DriverIRQHandler
 .text.LPUART5_DriverIRQHandler
                0x0ffe215c       0x24 CMakeFiles/payexp_m33.elf.dir/F_/F00_Workspace/03_SATEXP_IMX93/A03_SDK/SDK_2_14_0_MIMX9352xxxxK/devices/MIMX9352/drivers/fsl_lpuart.c.obj
                0x0ffe215c                LPUART5_DriverIRQHandler
 .text.LPUART6_DriverIRQHandler
                0x0ffe2180       0x24 CMakeFiles/payexp_m33.elf.dir/F_/F00_Workspace/03_SATEXP_IMX93/A03_SDK/SDK_2_14_0_MIMX9352xxxxK/devices/MIMX9352/drivers/fsl_lpuart.c.obj
                0x0ffe2180                LPUART6_DriverIRQHandler
 .text.LPUART7_DriverIRQHandler
                0x0ffe21a4       0x24 CMakeFiles/payexp_m33.elf.dir/F_/F00_Workspace/03_SATEXP_IMX93/A03_SDK/SDK_2_14_0_MIMX9352xxxxK/devices/MIMX9352/drivers/fsl_lpuart.c.obj
                0x0ffe21a4                LPUART7_DriverIRQHandler
 .text.LPUART8_DriverIRQHandler
                0x0ffe21c8       0x24 CMakeFiles/payexp_m33.elf.dir/F_/F00_Workspace/03_SATEXP_IMX93/A03_SDK/SDK_2_14_0_MIMX9352xxxxK/devices/MIMX9352/drivers/fsl_lpuart.c.obj
                0x0ffe21c8                LPUART8_DriverIRQHandler
 .text.vListInitialise
                0x0ffe21ec       0x40 CMakeFiles/payexp_m33.elf.dir/F_/F00_Workspace/03_SATEXP_IMX93/A03_SDK/SDK_2_14_0_MIMX9352xxxxK/rtos/freertos/freertos-kernel/list.c.obj
                0x0ffe21ec                vListInitialise
 .text.vListInitialiseItem
                0x0ffe222c       0x1a CMakeFiles/payexp_m33.elf.dir/F_/F00_Workspace/03_SATEXP_IMX93/A03_SDK/SDK_2_14_0_MIMX9352xxxxK/rtos/freertos/freertos-kernel/list.c.obj
                0x0ffe222c                vListInitialiseItem
 .text.vListInsertEnd
                0x0ffe2246       0x48 CMakeFiles/payexp_m33.elf.dir/F_/F00_Workspace/03_SATEXP_IMX93/A03_SDK/SDK_2_14_0_MIMX9352xxxxK/rtos/freertos/freertos-kernel/list.c.obj
                0x0ffe2246                vListInsertEnd
 .text.vListInsert
                0x0ffe228e       0x72 CMakeFiles/payexp_m33.elf.dir/F_/F00_Workspace/03_SATEXP_IMX93/A03_SDK/SDK_2_14_0_MIMX9352xxxxK/rtos/freertos/freertos-kernel/list.c.obj
                0x0ffe228e                vListInsert
 .text.uxListRemove
                0x0ffe2300       0x54 CMakeFiles/payexp_m33.elf.dir/F_/F00_Workspace/03_SATEXP_IMX93/A03_SDK/SDK_2_14_0_MIMX9352xxxxK/rtos/freertos/freertos-kernel/list.c.obj
                0x0ffe2300                uxListRemove
 .text.xQueueGenericReset
                0x0ffe2354       0xf2 CMakeFiles/payexp_m33.elf.dir/F_/F00_Workspace/03_SATEXP_IMX93/A03_SDK/SDK_2_14_0_MIMX9352xxxxK/rtos/freertos/freertos-kernel/queue.c.obj
                0x0ffe2354                xQueueGenericReset
 .text.xQueueGenericCreateStatic
                0x0ffe2446       0x92 CMakeFiles/payexp_m33.elf.dir/F_/F00_Workspace/03_SATEXP_IMX93/A03_SDK/SDK_2_14_0_MIMX9352xxxxK/rtos/freertos/freertos-kernel/queue.c.obj
                0x0ffe2446                xQueueGenericCreateStatic
 .text.prvInitialiseNewQueue
                0x0ffe24d8       0x46 CMakeFiles/payexp_m33.elf.dir/F_/F00_Workspace/03_SATEXP_IMX93/A03_SDK/SDK_2_14_0_MIMX9352xxxxK/rtos/freertos/freertos-kernel/queue.c.obj
 .text.xQueueReceive
                0x0ffe251e      0x178 CMakeFiles/payexp_m33.elf.dir/F_/F00_Workspace/03_SATEXP_IMX93/A03_SDK/SDK_2_14_0_MIMX9352xxxxK/rtos/freertos/freertos-kernel/queue.c.obj
                0x0ffe251e                xQueueReceive
 .text.prvCopyDataFromQueue
                0x0ffe2696       0x4c CMakeFiles/payexp_m33.elf.dir/F_/F00_Workspace/03_SATEXP_IMX93/A03_SDK/SDK_2_14_0_MIMX9352xxxxK/rtos/freertos/freertos-kernel/queue.c.obj
 .text.prvUnlockQueue
                0x0ffe26e2       0xa4 CMakeFiles/payexp_m33.elf.dir/F_/F00_Workspace/03_SATEXP_IMX93/A03_SDK/SDK_2_14_0_MIMX9352xxxxK/rtos/freertos/freertos-kernel/queue.c.obj
 .text.prvIsQueueEmpty
                0x0ffe2786       0x2c CMakeFiles/payexp_m33.elf.dir/F_/F00_Workspace/03_SATEXP_IMX93/A03_SDK/SDK_2_14_0_MIMX9352xxxxK/rtos/freertos/freertos-kernel/queue.c.obj
 *fill*         0x0ffe27b2        0x2 
 .text.vQueueAddToRegistry
                0x0ffe27b4       0x8c CMakeFiles/payexp_m33.elf.dir/F_/F00_Workspace/03_SATEXP_IMX93/A03_SDK/SDK_2_14_0_MIMX9352xxxxK/rtos/freertos/freertos-kernel/queue.c.obj
                0x0ffe27b4                vQueueAddToRegistry
 .text.vQueueWaitForMessageRestricted
                0x0ffe2840       0x68 CMakeFiles/payexp_m33.elf.dir/F_/F00_Workspace/03_SATEXP_IMX93/A03_SDK/SDK_2_14_0_MIMX9352xxxxK/rtos/freertos/freertos-kernel/queue.c.obj
                0x0ffe2840                vQueueWaitForMessageRestricted
 .text.xTaskCreateStatic
                0x0ffe28a8       0x9a CMakeFiles/payexp_m33.elf.dir/F_/F00_Workspace/03_SATEXP_IMX93/A03_SDK/SDK_2_14_0_MIMX9352xxxxK/rtos/freertos/freertos-kernel/tasks.c.obj
                0x0ffe28a8                xTaskCreateStatic
 .text.xTaskCreate
                0x0ffe2942       0x92 CMakeFiles/payexp_m33.elf.dir/F_/F00_Workspace/03_SATEXP_IMX93/A03_SDK/SDK_2_14_0_MIMX9352xxxxK/rtos/freertos/freertos-kernel/tasks.c.obj
                0x0ffe2942                xTaskCreate
 .text.prvInitialiseNewTask
                0x0ffe29d4      0x10a CMakeFiles/payexp_m33.elf.dir/F_/F00_Workspace/03_SATEXP_IMX93/A03_SDK/SDK_2_14_0_MIMX9352xxxxK/rtos/freertos/freertos-kernel/tasks.c.obj
 *fill*         0x0ffe2ade        0x2 
 .text.prvAddNewTaskToReadyList
                0x0ffe2ae0      0x120 CMakeFiles/payexp_m33.elf.dir/F_/F00_Workspace/03_SATEXP_IMX93/A03_SDK/SDK_2_14_0_MIMX9352xxxxK/rtos/freertos/freertos-kernel/tasks.c.obj
 .text.vTaskDelete
                0x0ffe2c00       0xd0 CMakeFiles/payexp_m33.elf.dir/F_/F00_Workspace/03_SATEXP_IMX93/A03_SDK/SDK_2_14_0_MIMX9352xxxxK/rtos/freertos/freertos-kernel/tasks.c.obj
                0x0ffe2c00                vTaskDelete
 .text.vTaskStartScheduler
                0x0ffe2cd0       0xb8 CMakeFiles/payexp_m33.elf.dir/F_/F00_Workspace/03_SATEXP_IMX93/A03_SDK/SDK_2_14_0_MIMX9352xxxxK/rtos/freertos/freertos-kernel/tasks.c.obj
                0x0ffe2cd0                vTaskStartScheduler
 .text.vTaskSuspendAll
                0x0ffe2d88       0x1c CMakeFiles/payexp_m33.elf.dir/F_/F00_Workspace/03_SATEXP_IMX93/A03_SDK/SDK_2_14_0_MIMX9352xxxxK/rtos/freertos/freertos-kernel/tasks.c.obj
                0x0ffe2d88                vTaskSuspendAll
 .text.xTaskResumeAll
                0x0ffe2da4      0x1dc CMakeFiles/payexp_m33.elf.dir/F_/F00_Workspace/03_SATEXP_IMX93/A03_SDK/SDK_2_14_0_MIMX9352xxxxK/rtos/freertos/freertos-kernel/tasks.c.obj
                0x0ffe2da4                xTaskResumeAll
 .text.xTaskGetTickCount
                0x0ffe2f80       0x20 CMakeFiles/payexp_m33.elf.dir/F_/F00_Workspace/03_SATEXP_IMX93/A03_SDK/SDK_2_14_0_MIMX9352xxxxK/rtos/freertos/freertos-kernel/tasks.c.obj
                0x0ffe2f80                xTaskGetTickCount
 .text.xTaskIncrementTick
                0x0ffe2fa0      0x204 CMakeFiles/payexp_m33.elf.dir/F_/F00_Workspace/03_SATEXP_IMX93/A03_SDK/SDK_2_14_0_MIMX9352xxxxK/rtos/freertos/freertos-kernel/tasks.c.obj
                0x0ffe2fa0                xTaskIncrementTick
 .text.vTaskSwitchContext
                0x0ffe31a4       0xf8 CMakeFiles/payexp_m33.elf.dir/F_/F00_Workspace/03_SATEXP_IMX93/A03_SDK/SDK_2_14_0_MIMX9352xxxxK/rtos/freertos/freertos-kernel/tasks.c.obj
                0x0ffe31a4                vTaskSwitchContext
 .text.vTaskPlaceOnEventList
                0x0ffe329c       0x3c CMakeFiles/payexp_m33.elf.dir/F_/F00_Workspace/03_SATEXP_IMX93/A03_SDK/SDK_2_14_0_MIMX9352xxxxK/rtos/freertos/freertos-kernel/tasks.c.obj
                0x0ffe329c                vTaskPlaceOnEventList
 .text.vTaskPlaceOnEventListRestricted
                0x0ffe32d8       0x7c CMakeFiles/payexp_m33.elf.dir/F_/F00_Workspace/03_SATEXP_IMX93/A03_SDK/SDK_2_14_0_MIMX9352xxxxK/rtos/freertos/freertos-kernel/tasks.c.obj
                0x0ffe32d8                vTaskPlaceOnEventListRestricted
 .text.xTaskRemoveFromEventList
                0x0ffe3354      0x19c CMakeFiles/payexp_m33.elf.dir/F_/F00_Workspace/03_SATEXP_IMX93/A03_SDK/SDK_2_14_0_MIMX9352xxxxK/rtos/freertos/freertos-kernel/tasks.c.obj
                0x0ffe3354                xTaskRemoveFromEventList
 .text.vTaskInternalSetTimeOutState
                0x0ffe34f0       0x2c CMakeFiles/payexp_m33.elf.dir/F_/F00_Workspace/03_SATEXP_IMX93/A03_SDK/SDK_2_14_0_MIMX9352xxxxK/rtos/freertos/freertos-kernel/tasks.c.obj
                0x0ffe34f0                vTaskInternalSetTimeOutState
 .text.xTaskCheckForTimeOut
                0x0ffe351c       0xb0 CMakeFiles/payexp_m33.elf.dir/F_/F00_Workspace/03_SATEXP_IMX93/A03_SDK/SDK_2_14_0_MIMX9352xxxxK/rtos/freertos/freertos-kernel/tasks.c.obj
                0x0ffe351c                xTaskCheckForTimeOut
 .text.vTaskMissedYield
                0x0ffe35cc       0x18 CMakeFiles/payexp_m33.elf.dir/F_/F00_Workspace/03_SATEXP_IMX93/A03_SDK/SDK_2_14_0_MIMX9352xxxxK/rtos/freertos/freertos-kernel/tasks.c.obj
                0x0ffe35cc                vTaskMissedYield
 .text.prvIdleTask
                0x0ffe35e4       0x20 CMakeFiles/payexp_m33.elf.dir/F_/F00_Workspace/03_SATEXP_IMX93/A03_SDK/SDK_2_14_0_MIMX9352xxxxK/rtos/freertos/freertos-kernel/tasks.c.obj
 .text.prvInitialiseTaskLists
                0x0ffe3604       0x80 CMakeFiles/payexp_m33.elf.dir/F_/F00_Workspace/03_SATEXP_IMX93/A03_SDK/SDK_2_14_0_MIMX9352xxxxK/rtos/freertos/freertos-kernel/tasks.c.obj
 .text.prvCheckTasksWaitingTermination
                0x0ffe3684       0x5c CMakeFiles/payexp_m33.elf.dir/F_/F00_Workspace/03_SATEXP_IMX93/A03_SDK/SDK_2_14_0_MIMX9352xxxxK/rtos/freertos/freertos-kernel/tasks.c.obj
 .text.prvDeleteTCB
                0x0ffe36e0       0x50 CMakeFiles/payexp_m33.elf.dir/F_/F00_Workspace/03_SATEXP_IMX93/A03_SDK/SDK_2_14_0_MIMX9352xxxxK/rtos/freertos/freertos-kernel/tasks.c.obj
 .text.prvResetNextTaskUnblockTime
                0x0ffe3730       0x38 CMakeFiles/payexp_m33.elf.dir/F_/F00_Workspace/03_SATEXP_IMX93/A03_SDK/SDK_2_14_0_MIMX9352xxxxK/rtos/freertos/freertos-kernel/tasks.c.obj
 .text.xTaskGetSchedulerState
                0x0ffe3768       0x3c CMakeFiles/payexp_m33.elf.dir/F_/F00_Workspace/03_SATEXP_IMX93/A03_SDK/SDK_2_14_0_MIMX9352xxxxK/rtos/freertos/freertos-kernel/tasks.c.obj
                0x0ffe3768                xTaskGetSchedulerState
 .text.prvAddCurrentTaskToDelayedList
                0x0ffe37a4       0xdc CMakeFiles/payexp_m33.elf.dir/F_/F00_Workspace/03_SATEXP_IMX93/A03_SDK/SDK_2_14_0_MIMX9352xxxxK/rtos/freertos/freertos-kernel/tasks.c.obj
 .text.xTimerCreateTimerTask
                0x0ffe3880       0x80 CMakeFiles/payexp_m33.elf.dir/F_/F00_Workspace/03_SATEXP_IMX93/A03_SDK/SDK_2_14_0_MIMX9352xxxxK/rtos/freertos/freertos-kernel/timers.c.obj
                0x0ffe3880                xTimerCreateTimerTask
 .text.prvReloadTimer
                0x0ffe3900       0x42 CMakeFiles/payexp_m33.elf.dir/F_/F00_Workspace/03_SATEXP_IMX93/A03_SDK/SDK_2_14_0_MIMX9352xxxxK/rtos/freertos/freertos-kernel/timers.c.obj
 *fill*         0x0ffe3942        0x2 
 .text.prvProcessExpiredTimer
                0x0ffe3944       0x60 CMakeFiles/payexp_m33.elf.dir/F_/F00_Workspace/03_SATEXP_IMX93/A03_SDK/SDK_2_14_0_MIMX9352xxxxK/rtos/freertos/freertos-kernel/timers.c.obj
 .text.prvTimerTask
                0x0ffe39a4       0x26 CMakeFiles/payexp_m33.elf.dir/F_/F00_Workspace/03_SATEXP_IMX93/A03_SDK/SDK_2_14_0_MIMX9352xxxxK/rtos/freertos/freertos-kernel/timers.c.obj
 *fill*         0x0ffe39ca        0x2 
 .text.prvProcessTimerOrBlockTask
                0x0ffe39cc       0x8c CMakeFiles/payexp_m33.elf.dir/F_/F00_Workspace/03_SATEXP_IMX93/A03_SDK/SDK_2_14_0_MIMX9352xxxxK/rtos/freertos/freertos-kernel/timers.c.obj
 .text.prvGetNextExpireTime
                0x0ffe3a58       0x48 CMakeFiles/payexp_m33.elf.dir/F_/F00_Workspace/03_SATEXP_IMX93/A03_SDK/SDK_2_14_0_MIMX9352xxxxK/rtos/freertos/freertos-kernel/timers.c.obj
 .text.prvSampleTimeNow
                0x0ffe3aa0       0x40 CMakeFiles/payexp_m33.elf.dir/F_/F00_Workspace/03_SATEXP_IMX93/A03_SDK/SDK_2_14_0_MIMX9352xxxxK/rtos/freertos/freertos-kernel/timers.c.obj
 .text.prvInsertTimerInActiveList
                0x0ffe3ae0       0x84 CMakeFiles/payexp_m33.elf.dir/F_/F00_Workspace/03_SATEXP_IMX93/A03_SDK/SDK_2_14_0_MIMX9352xxxxK/rtos/freertos/freertos-kernel/timers.c.obj
 .text.prvProcessReceivedCommands
                0x0ffe3b64      0x19c CMakeFiles/payexp_m33.elf.dir/F_/F00_Workspace/03_SATEXP_IMX93/A03_SDK/SDK_2_14_0_MIMX9352xxxxK/rtos/freertos/freertos-kernel/timers.c.obj
 .text.prvSwitchTimerLists
                0x0ffe3d00       0x4c CMakeFiles/payexp_m33.elf.dir/F_/F00_Workspace/03_SATEXP_IMX93/A03_SDK/SDK_2_14_0_MIMX9352xxxxK/rtos/freertos/freertos-kernel/timers.c.obj
 .text.prvCheckForValidListAndQueue
                0x0ffe3d4c       0x80 CMakeFiles/payexp_m33.elf.dir/F_/F00_Workspace/03_SATEXP_IMX93/A03_SDK/SDK_2_14_0_MIMX9352xxxxK/rtos/freertos/freertos-kernel/timers.c.obj
 .text.vPortSetupTimerInterrupt
                0x0ffe3dcc       0x48 CMakeFiles/payexp_m33.elf.dir/F_/F00_Workspace/03_SATEXP_IMX93/A03_SDK/SDK_2_14_0_MIMX9352xxxxK/rtos/freertos/freertos-kernel/portable/GCC/ARM_CM33_NTZ/non_secure/port.c.obj
                0x0ffe3dcc                vPortSetupTimerInterrupt
 .text.prvTaskExitError
                0x0ffe3e14       0x38 CMakeFiles/payexp_m33.elf.dir/F_/F00_Workspace/03_SATEXP_IMX93/A03_SDK/SDK_2_14_0_MIMX9352xxxxK/rtos/freertos/freertos-kernel/portable/GCC/ARM_CM33_NTZ/non_secure/port.c.obj
 .text.prvSetupFPU
                0x0ffe3e4c       0x30 CMakeFiles/payexp_m33.elf.dir/F_/F00_Workspace/03_SATEXP_IMX93/A03_SDK/SDK_2_14_0_MIMX9352xxxxK/rtos/freertos/freertos-kernel/portable/GCC/ARM_CM33_NTZ/non_secure/port.c.obj
 .text.vPortYield
                0x0ffe3e7c       0x24 CMakeFiles/payexp_m33.elf.dir/F_/F00_Workspace/03_SATEXP_IMX93/A03_SDK/SDK_2_14_0_MIMX9352xxxxK/rtos/freertos/freertos-kernel/portable/GCC/ARM_CM33_NTZ/non_secure/port.c.obj
                0x0ffe3e7c                vPortYield
 .text.vPortEnterCritical
                0x0ffe3ea0       0x24 CMakeFiles/payexp_m33.elf.dir/F_/F00_Workspace/03_SATEXP_IMX93/A03_SDK/SDK_2_14_0_MIMX9352xxxxK/rtos/freertos/freertos-kernel/portable/GCC/ARM_CM33_NTZ/non_secure/port.c.obj
                0x0ffe3ea0                vPortEnterCritical
 .text.vPortExitCritical
                0x0ffe3ec4       0x34 CMakeFiles/payexp_m33.elf.dir/F_/F00_Workspace/03_SATEXP_IMX93/A03_SDK/SDK_2_14_0_MIMX9352xxxxK/rtos/freertos/freertos-kernel/portable/GCC/ARM_CM33_NTZ/non_secure/port.c.obj
                0x0ffe3ec4                vPortExitCritical
 .text.SysTick_Handler
                0x0ffe3ef8       0x30 CMakeFiles/payexp_m33.elf.dir/F_/F00_Workspace/03_SATEXP_IMX93/A03_SDK/SDK_2_14_0_MIMX9352xxxxK/rtos/freertos/freertos-kernel/portable/GCC/ARM_CM33_NTZ/non_secure/port.c.obj
                0x0ffe3ef8                SysTick_Handler
 .text.vPortSVCHandler_C
                0x0ffe3f28       0x36 CMakeFiles/payexp_m33.elf.dir/F_/F00_Workspace/03_SATEXP_IMX93/A03_SDK/SDK_2_14_0_MIMX9352xxxxK/rtos/freertos/freertos-kernel/portable/GCC/ARM_CM33_NTZ/non_secure/port.c.obj
                0x0ffe3f28                vPortSVCHandler_C
 *fill*         0x0ffe3f5e        0x2 
 .text.pxPortInitialiseStack
                0x0ffe3f60      0x114 CMakeFiles/payexp_m33.elf.dir/F_/F00_Workspace/03_SATEXP_IMX93/A03_SDK/SDK_2_14_0_MIMX9352xxxxK/rtos/freertos/freertos-kernel/portable/GCC/ARM_CM33_NTZ/non_secure/port.c.obj
                0x0ffe3f60                pxPortInitialiseStack
 .text.xPortStartScheduler
                0x0ffe4074       0x40 CMakeFiles/payexp_m33.elf.dir/F_/F00_Workspace/03_SATEXP_IMX93/A03_SDK/SDK_2_14_0_MIMX9352xxxxK/rtos/freertos/freertos-kernel/portable/GCC/ARM_CM33_NTZ/non_secure/port.c.obj
                0x0ffe4074                xPortStartScheduler
 *fill*         0x0ffe40b4        0xc 
 .text.vRestoreContextOfFirstTask
                0x0ffe40c0       0x38 CMakeFiles/payexp_m33.elf.dir/101833cb4c4bf4b51db1bcbd81f78f40/SDK_2_14_0_MIMX9352xxxxK/rtos/freertos/freertos-kernel/portable/GCC/ARM_CM33_NTZ/non_secure/portasm.c.obj
                0x0ffe40c0                vRestoreContextOfFirstTask
 *fill*         0x0ffe40f8        0x8 
 .text.vStartFirstTask
                0x0ffe4100       0x28 CMakeFiles/payexp_m33.elf.dir/101833cb4c4bf4b51db1bcbd81f78f40/SDK_2_14_0_MIMX9352xxxxK/rtos/freertos/freertos-kernel/portable/GCC/ARM_CM33_NTZ/non_secure/portasm.c.obj
                0x0ffe4100                vStartFirstTask
 .text.ulSetInterruptMask
                0x0ffe4128       0x1a CMakeFiles/payexp_m33.elf.dir/101833cb4c4bf4b51db1bcbd81f78f40/SDK_2_14_0_MIMX9352xxxxK/rtos/freertos/freertos-kernel/portable/GCC/ARM_CM33_NTZ/non_secure/portasm.c.obj
                0x0ffe4128                ulSetInterruptMask
 .text.vClearInterruptMask
                0x0ffe4142       0x10 CMakeFiles/payexp_m33.elf.dir/101833cb4c4bf4b51db1bcbd81f78f40/SDK_2_14_0_MIMX9352xxxxK/rtos/freertos/freertos-kernel/portable/GCC/ARM_CM33_NTZ/non_secure/portasm.c.obj
                0x0ffe4142                vClearInterruptMask
 *fill*         0x0ffe4152        0xe 
 .text.PendSV_Handler
                0x0ffe4160       0x68 CMakeFiles/payexp_m33.elf.dir/101833cb4c4bf4b51db1bcbd81f78f40/SDK_2_14_0_MIMX9352xxxxK/rtos/freertos/freertos-kernel/portable/GCC/ARM_CM33_NTZ/non_secure/portasm.c.obj
                0x0ffe4160                PendSV_Handler
 *fill*         0x0ffe41c8        0x8 
 .text.SVC_Handler
                0x0ffe41d0       0x28 CMakeFiles/payexp_m33.elf.dir/101833cb4c4bf4b51db1bcbd81f78f40/SDK_2_14_0_MIMX9352xxxxK/rtos/freertos/freertos-kernel/portable/GCC/ARM_CM33_NTZ/non_secure/portasm.c.obj
                0x0ffe41d0                SVC_Handler
 .text.pvPortMalloc
                0x0ffe41f8      0x160 CMakeFiles/payexp_m33.elf.dir/F_/F00_Workspace/03_SATEXP_IMX93/A03_SDK/SDK_2_14_0_MIMX9352xxxxK/rtos/freertos/freertos-kernel/portable/MemMang/heap_4.c.obj
                0x0ffe41f8                pvPortMalloc
 .text.vPortFree
                0x0ffe4358       0x94 CMakeFiles/payexp_m33.elf.dir/F_/F00_Workspace/03_SATEXP_IMX93/A03_SDK/SDK_2_14_0_MIMX9352xxxxK/rtos/freertos/freertos-kernel/portable/MemMang/heap_4.c.obj
                0x0ffe4358                vPortFree
 .text.prvHeapInit
                0x0ffe43ec       0xb8 CMakeFiles/payexp_m33.elf.dir/F_/F00_Workspace/03_SATEXP_IMX93/A03_SDK/SDK_2_14_0_MIMX9352xxxxK/rtos/freertos/freertos-kernel/portable/MemMang/heap_4.c.obj
 .text.prvInsertBlockIntoFreeList
                0x0ffe44a4       0xb4 CMakeFiles/payexp_m33.elf.dir/F_/F00_Workspace/03_SATEXP_IMX93/A03_SDK/SDK_2_14_0_MIMX9352xxxxK/rtos/freertos/freertos-kernel/portable/MemMang/heap_4.c.obj
 .text._sbrk    0x0ffe4558       0x68 CMakeFiles/payexp_m33.elf.dir/F_/F00_Workspace/03_SATEXP_IMX93/A03_SDK/SDK_2_14_0_MIMX9352xxxxK/devices/MIMX9352/utilities/fsl_sbrk.c.obj
                0x0ffe4558                _sbrk
 .text.__assert_func
                0x0ffe45c0       0x28 CMakeFiles/payexp_m33.elf.dir/F_/F00_Workspace/03_SATEXP_IMX93/A03_SDK/SDK_2_14_0_MIMX9352xxxxK/devices/MIMX9352/utilities/fsl_assert.c.obj
                0x0ffe45c0                __assert_func
 .text.PrintGetWidth
                0x0ffe45e8       0x6a CMakeFiles/payexp_m33.elf.dir/F_/F00_Workspace/03_SATEXP_IMX93/A03_SDK/SDK_2_14_0_MIMX9352xxxxK/devices/MIMX9352/utilities/str/fsl_str.c.obj
 .text.PrintGetPrecision
                0x0ffe4652       0x8c CMakeFiles/payexp_m33.elf.dir/F_/F00_Workspace/03_SATEXP_IMX93/A03_SDK/SDK_2_14_0_MIMX9352xxxxK/devices/MIMX9352/utilities/str/fsl_str.c.obj
 .text.PrintIsobpu
                0x0ffe46de       0x38 CMakeFiles/payexp_m33.elf.dir/F_/F00_Workspace/03_SATEXP_IMX93/A03_SDK/SDK_2_14_0_MIMX9352xxxxK/devices/MIMX9352/utilities/str/fsl_str.c.obj
 .text.PrintIsdi
                0x0ffe4716       0x2c CMakeFiles/payexp_m33.elf.dir/F_/F00_Workspace/03_SATEXP_IMX93/A03_SDK/SDK_2_14_0_MIMX9352xxxxK/devices/MIMX9352/utilities/str/fsl_str.c.obj
 .text.PrintOutputdifFobpu
                0x0ffe4742       0x44 CMakeFiles/payexp_m33.elf.dir/F_/F00_Workspace/03_SATEXP_IMX93/A03_SDK/SDK_2_14_0_MIMX9352xxxxK/devices/MIMX9352/utilities/str/fsl_str.c.obj
 .text.PrintOutputxX
                0x0ffe4786       0x44 CMakeFiles/payexp_m33.elf.dir/F_/F00_Workspace/03_SATEXP_IMX93/A03_SDK/SDK_2_14_0_MIMX9352xxxxK/devices/MIMX9352/utilities/str/fsl_str.c.obj
 .text.PrintIsfF
                0x0ffe47ca       0x2c CMakeFiles/payexp_m33.elf.dir/F_/F00_Workspace/03_SATEXP_IMX93/A03_SDK/SDK_2_14_0_MIMX9352xxxxK/devices/MIMX9352/utilities/str/fsl_str.c.obj
 .text.PrintIsxX
                0x0ffe47f6       0x2c CMakeFiles/payexp_m33.elf.dir/F_/F00_Workspace/03_SATEXP_IMX93/A03_SDK/SDK_2_14_0_MIMX9352xxxxK/devices/MIMX9352/utilities/str/fsl_str.c.obj
 .text.PrintFilterLengthFlag
                0x0ffe4822       0x3e CMakeFiles/payexp_m33.elf.dir/F_/F00_Workspace/03_SATEXP_IMX93/A03_SDK/SDK_2_14_0_MIMX9352xxxxK/devices/MIMX9352/utilities/str/fsl_str.c.obj
 .text.PrintGetRadixFromobpu
                0x0ffe4860       0x40 CMakeFiles/payexp_m33.elf.dir/F_/F00_Workspace/03_SATEXP_IMX93/A03_SDK/SDK_2_14_0_MIMX9352xxxxK/devices/MIMX9352/utilities/str/fsl_str.c.obj
 .text.ConvertRadixNumToString
                0x0ffe48a0       0xc2 CMakeFiles/payexp_m33.elf.dir/F_/F00_Workspace/03_SATEXP_IMX93/A03_SDK/SDK_2_14_0_MIMX9352xxxxK/devices/MIMX9352/utilities/str/fsl_str.c.obj
 .text.StrFormatPrintf
                0x0ffe4962      0x2ac CMakeFiles/payexp_m33.elf.dir/F_/F00_Workspace/03_SATEXP_IMX93/A03_SDK/SDK_2_14_0_MIMX9352xxxxK/devices/MIMX9352/utilities/str/fsl_str.c.obj
                0x0ffe4962                StrFormatPrintf
 *fill*         0x0ffe4c0e        0x2 
 .text.DbgConsole_ReadOneCharacter
                0x0ffe4c10       0x44 CMakeFiles/payexp_m33.elf.dir/F_/F00_Workspace/03_SATEXP_IMX93/A03_SDK/SDK_2_14_0_MIMX9352xxxxK/devices/MIMX9352/utilities/debug_console/fsl_debug_console.c.obj
                0x0ffe4c10                DbgConsole_ReadOneCharacter
 .text.DbgConsole_SendDataReliable
                0x0ffe4c54       0x54 CMakeFiles/payexp_m33.elf.dir/F_/F00_Workspace/03_SATEXP_IMX93/A03_SDK/SDK_2_14_0_MIMX9352xxxxK/devices/MIMX9352/utilities/debug_console/fsl_debug_console.c.obj
                0x0ffe4c54                DbgConsole_SendDataReliable
 .text.DbgConsole_ReadCharacter
                0x0ffe4ca8       0x44 CMakeFiles/payexp_m33.elf.dir/F_/F00_Workspace/03_SATEXP_IMX93/A03_SDK/SDK_2_14_0_MIMX9352xxxxK/devices/MIMX9352/utilities/debug_console/fsl_debug_console.c.obj
                0x0ffe4ca8                DbgConsole_ReadCharacter
 .text.DbgConsole_PrintCallback
                0x0ffe4cec       0x66 CMakeFiles/payexp_m33.elf.dir/F_/F00_Workspace/03_SATEXP_IMX93/A03_SDK/SDK_2_14_0_MIMX9352xxxxK/devices/MIMX9352/utilities/debug_console/fsl_debug_console.c.obj
 *fill*         0x0ffe4d52        0x2 
 .text.DbgConsole_Init
                0x0ffe4d54      0x138 CMakeFiles/payexp_m33.elf.dir/F_/F00_Workspace/03_SATEXP_IMX93/A03_SDK/SDK_2_14_0_MIMX9352xxxxK/devices/MIMX9352/utilities/debug_console/fsl_debug_console.c.obj
                0x0ffe4d54                DbgConsole_Init
 .text.DbgConsole_Printf
                0x0ffe4e8c       0x2c CMakeFiles/payexp_m33.elf.dir/F_/F00_Workspace/03_SATEXP_IMX93/A03_SDK/SDK_2_14_0_MIMX9352xxxxK/devices/MIMX9352/utilities/debug_console/fsl_debug_console.c.obj
                0x0ffe4e8c                DbgConsole_Printf
 .text.DbgConsole_Vprintf
                0x0ffe4eb8       0x68 CMakeFiles/payexp_m33.elf.dir/F_/F00_Workspace/03_SATEXP_IMX93/A03_SDK/SDK_2_14_0_MIMX9352xxxxK/devices/MIMX9352/utilities/debug_console/fsl_debug_console.c.obj
                0x0ffe4eb8                DbgConsole_Vprintf
 .text.DbgConsole_Putchar
                0x0ffe4f20       0x1c CMakeFiles/payexp_m33.elf.dir/F_/F00_Workspace/03_SATEXP_IMX93/A03_SDK/SDK_2_14_0_MIMX9352xxxxK/devices/MIMX9352/utilities/debug_console/fsl_debug_console.c.obj
                0x0ffe4f20                DbgConsole_Putchar
 .text.DbgConsole_Getchar
                0x0ffe4f3c       0x2c CMakeFiles/payexp_m33.elf.dir/F_/F00_Workspace/03_SATEXP_IMX93/A03_SDK/SDK_2_14_0_MIMX9352xxxxK/devices/MIMX9352/utilities/debug_console/fsl_debug_console.c.obj
                0x0ffe4f3c                DbgConsole_Getchar
 .text.BootManager_SystemInit
                0x0ffe4f68        0xe F:/F00_Workspace/03_SATEXP_IMX93/A04_Project/AF_IPCDEV/payexp/02_OUTPUT/debug/M0_App(boot_manager.c.obj)
                0x0ffe4f68                BootManager_SystemInit
 .text.BootManager_SystemStart
                0x0ffe4f76        0xc F:/F00_Workspace/03_SATEXP_IMX93/A04_Project/AF_IPCDEV/payexp/02_OUTPUT/debug/M0_App(boot_manager.c.obj)
                0x0ffe4f76                BootManager_SystemStart
 .text.EXP_RTOS_Start
                0x0ffe4f82        0xc F:/F00_Workspace/03_SATEXP_IMX93/A04_Project/AF_IPCDEV/payexp/02_OUTPUT/debug/M0_App(rtos.c.obj)
                0x0ffe4f82                EXP_RTOS_Start
 .text.vApplicationStackOverflowHook
                0x0ffe4f8e       0x16 F:/F00_Workspace/03_SATEXP_IMX93/A04_Project/AF_IPCDEV/payexp/02_OUTPUT/debug/M0_App(rtos.c.obj)
                0x0ffe4f8e                vApplicationStackOverflowHook
 .text.vApplicationMallocFailedHook
                0x0ffe4fa4        0xe F:/F00_Workspace/03_SATEXP_IMX93/A04_Project/AF_IPCDEV/payexp/02_OUTPUT/debug/M0_App(rtos.c.obj)
                0x0ffe4fa4                vApplicationMallocFailedHook
 *fill*         0x0ffe4fb2        0x2 
 .text.vApplicationGetIdleTaskMemory
                0x0ffe4fb4       0x34 F:/F00_Workspace/03_SATEXP_IMX93/A04_Project/AF_IPCDEV/payexp/02_OUTPUT/debug/M0_App(rtos.c.obj)
                0x0ffe4fb4                vApplicationGetIdleTaskMemory
 .text.vApplicationGetTimerTaskMemory
                0x0ffe4fe8       0x34 F:/F00_Workspace/03_SATEXP_IMX93/A04_Project/AF_IPCDEV/payexp/02_OUTPUT/debug/M0_App(rtos.c.obj)
                0x0ffe4fe8                vApplicationGetTimerTaskMemory
 .text.EXP_RootTask
                0x0ffe501c       0x20 F:/F00_Workspace/03_SATEXP_IMX93/A04_Project/AF_IPCDEV/payexp/02_OUTPUT/debug/M0_App(rtos_tasks.c.obj)
                0x0ffe501c                EXP_RootTask
 .text.EXP_RootGrowUp
                0x0ffe503c       0x48 F:/F00_Workspace/03_SATEXP_IMX93/A04_Project/AF_IPCDEV/payexp/02_OUTPUT/debug/M0_App(rtos_tasks.c.obj)
                0x0ffe503c                EXP_RootGrowUp
 .text.EXP_AppInit
                0x0ffe5084       0x40 F:/F00_Workspace/03_SATEXP_IMX93/A04_Project/AF_IPCDEV/payexp/02_OUTPUT/debug/M0_App(rtos_tasks.c.obj)
                0x0ffe5084                EXP_AppInit
 .text.Shell_Task
                0x0ffe50c4       0x20 F:/F00_Workspace/03_SATEXP_IMX93/A04_Project/AF_IPCDEV/payexp/02_OUTPUT/debug/M0_App(rtos_tasks.c.obj)
 .text.Compare_Commands
                0x0ffe50e4       0x24 F:/F00_Workspace/03_SATEXP_IMX93/A04_Project/AF_IPCDEV/payexp/02_OUTPUT/debug/M1_SysApp(simple_shell.c.obj)
 .text.Shell_Init
                0x0ffe5108       0x50 F:/F00_Workspace/03_SATEXP_IMX93/A04_Project/AF_IPCDEV/payexp/02_OUTPUT/debug/M1_SysApp(simple_shell.c.obj)
                0x0ffe5108                Shell_Init
 .text.Shell_AddCommand
                0x0ffe5158       0x98 F:/F00_Workspace/03_SATEXP_IMX93/A04_Project/AF_IPCDEV/payexp/02_OUTPUT/debug/M1_SysApp(simple_shell.c.obj)
                0x0ffe5158                Shell_AddCommand
 .text.Shell_Process
                0x0ffe51f0      0x10c F:/F00_Workspace/03_SATEXP_IMX93/A04_Project/AF_IPCDEV/payexp/02_OUTPUT/debug/M1_SysApp(simple_shell.c.obj)
 .text.Shell_ReceiveChar
                0x0ffe52fc       0xcc F:/F00_Workspace/03_SATEXP_IMX93/A04_Project/AF_IPCDEV/payexp/02_OUTPUT/debug/M1_SysApp(simple_shell.c.obj)
                0x0ffe52fc                Shell_ReceiveChar
 .text.Shell_WriteString
                0x0ffe53c8       0x30 F:/F00_Workspace/03_SATEXP_IMX93/A04_Project/AF_IPCDEV/payexp/02_OUTPUT/debug/M1_SysApp(simple_shell.c.obj)
                0x0ffe53c8                Shell_WriteString
 .text.CMD_Help
                0x0ffe53f8      0x16c F:/F00_Workspace/03_SATEXP_IMX93/A04_Project/AF_IPCDEV/payexp/02_OUTPUT/debug/M1_SysApp(simple_shell.c.obj)
 .text.writeCharShell
                0x0ffe5564       0x1a F:/F00_Workspace/03_SATEXP_IMX93/A04_Project/AF_IPCDEV/payexp/02_OUTPUT/debug/M1_SysApp(cmdline.c.obj)
 *fill*         0x0ffe557e        0x2 
 .text.CMD_a55_sleep
                0x0ffe5580       0x1c F:/F00_Workspace/03_SATEXP_IMX93/A04_Project/AF_IPCDEV/payexp/02_OUTPUT/debug/M1_SysApp(cmdline.c.obj)
 .text.CMD_a55_wake
                0x0ffe559c       0x30 F:/F00_Workspace/03_SATEXP_IMX93/A04_Project/AF_IPCDEV/payexp/02_OUTPUT/debug/M1_SysApp(cmdline.c.obj)
 .text.CMD_cls  0x0ffe55cc       0x30 F:/F00_Workspace/03_SATEXP_IMX93/A04_Project/AF_IPCDEV/payexp/02_OUTPUT/debug/M1_SysApp(cmdline.c.obj)
 .text.CMD_date
                0x0ffe55fc       0xb4 F:/F00_Workspace/03_SATEXP_IMX93/A04_Project/AF_IPCDEV/payexp/02_OUTPUT/debug/M1_SysApp(cmdline.c.obj)
 .text.CMD_hello
                0x0ffe56b0       0x1c F:/F00_Workspace/03_SATEXP_IMX93/A04_Project/AF_IPCDEV/payexp/02_OUTPUT/debug/M1_SysApp(cmdline.c.obj)
 .text.setup_dynamic_shell
                0x0ffe56cc       0x80 F:/F00_Workspace/03_SATEXP_IMX93/A04_Project/AF_IPCDEV/payexp/02_OUTPUT/debug/M1_SysApp(cmdline.c.obj)
                0x0ffe56cc                setup_dynamic_shell
 .text.isLeapYear
                0x0ffe574c       0x60 F:/F00_Workspace/03_SATEXP_IMX93/A04_Project/AF_IPCDEV/payexp/02_OUTPUT/debug/M5_Utils(date_time.c.obj)
 .text.getMaxDays
                0x0ffe57ac       0x3c F:/F00_Workspace/03_SATEXP_IMX93/A04_Project/AF_IPCDEV/payexp/02_OUTPUT/debug/M5_Utils(date_time.c.obj)
 .text.Utils_SoftTime_Update
                0x0ffe57e8      0x118 F:/F00_Workspace/03_SATEXP_IMX93/A04_Project/AF_IPCDEV/payexp/02_OUTPUT/debug/M5_Utils(date_time.c.obj)
                0x0ffe57e8                Utils_SoftTime_Update
 .text.Utils_SoftTime_Init
                0x0ffe5900       0x54 F:/F00_Workspace/03_SATEXP_IMX93/A04_Project/AF_IPCDEV/payexp/02_OUTPUT/debug/M5_Utils(date_time.c.obj)
                0x0ffe5900                Utils_SoftTime_Init
 .text.Utils_GetRTC
                0x0ffe5954       0x2c F:/F00_Workspace/03_SATEXP_IMX93/A04_Project/AF_IPCDEV/payexp/02_OUTPUT/debug/M5_Utils(date_time.c.obj)
                0x0ffe5954                Utils_GetRTC
 .text.Utils_GetWorkingTime
                0x0ffe5980       0x58 F:/F00_Workspace/03_SATEXP_IMX93/A04_Project/AF_IPCDEV/payexp/02_OUTPUT/debug/M5_Utils(date_time.c.obj)
                0x0ffe5980                Utils_GetWorkingTime
 .text.exit     0x0ffe59d8       0x24 C:/Users/CAOHIE~1/MCUXPR~1/ARM-GN~1.REL/bin/../lib/gcc/arm-none-eabi/14.2.1/thumb/v8-m.main+fp/hard\libc_nano.a(libc_a-exit.o)
                0x0ffe59d8                exit
 .text.malloc   0x0ffe59fc       0x10 C:/Users/CAOHIE~1/MCUXPR~1/ARM-GN~1.REL/bin/../lib/gcc/arm-none-eabi/14.2.1/thumb/v8-m.main+fp/hard\libc_nano.a(libc_a-malloc.o)
                0x0ffe59fc                malloc
 .text.sbrk_aligned
                0x0ffe5a0c       0x44 C:/Users/CAOHIE~1/MCUXPR~1/ARM-GN~1.REL/bin/../lib/gcc/arm-none-eabi/14.2.1/thumb/v8-m.main+fp/hard\libc_nano.a(libc_a-mallocr.o)
 .text._malloc_r
                0x0ffe5a50      0x100 C:/Users/CAOHIE~1/MCUXPR~1/ARM-GN~1.REL/bin/../lib/gcc/arm-none-eabi/14.2.1/thumb/v8-m.main+fp/hard\libc_nano.a(libc_a-mallocr.o)
                0x0ffe5a50                _malloc_r
 .text.__malloc_lock
                0x0ffe5b50        0xc C:/Users/CAOHIE~1/MCUXPR~1/ARM-GN~1.REL/bin/../lib/gcc/arm-none-eabi/14.2.1/thumb/v8-m.main+fp/hard\libc_nano.a(libc_a-mlock.o)
                0x0ffe5b50                __malloc_lock
 .text.__malloc_unlock
                0x0ffe5b5c        0xc C:/Users/CAOHIE~1/MCUXPR~1/ARM-GN~1.REL/bin/../lib/gcc/arm-none-eabi/14.2.1/thumb/v8-m.main+fp/hard\libc_nano.a(libc_a-mlock.o)
                0x0ffe5b5c                __malloc_unlock
 .text.bsearch  0x0ffe5b68       0x42 C:/Users/CAOHIE~1/MCUXPR~1/ARM-GN~1.REL/bin/../lib/gcc/arm-none-eabi/14.2.1/thumb/v8-m.main+fp/hard\libc_nano.a(libc_a-bsearch.o)
                0x0ffe5b68                bsearch
 .text.swapfunc
                0x0ffe5baa       0x32 C:/Users/CAOHIE~1/MCUXPR~1/ARM-GN~1.REL/bin/../lib/gcc/arm-none-eabi/14.2.1/thumb/v8-m.main+fp/hard\libc_nano.a(libc_a-qsort.o)
 .text.med3.constprop.0
                0x0ffe5bdc       0x40 C:/Users/CAOHIE~1/MCUXPR~1/ARM-GN~1.REL/bin/../lib/gcc/arm-none-eabi/14.2.1/thumb/v8-m.main+fp/hard\libc_nano.a(libc_a-qsort.o)
 .text.qsort    0x0ffe5c1c      0x290 C:/Users/CAOHIE~1/MCUXPR~1/ARM-GN~1.REL/bin/../lib/gcc/arm-none-eabi/14.2.1/thumb/v8-m.main+fp/hard\libc_nano.a(libc_a-qsort.o)
                0x0ffe5c1c                qsort
 .text.snprintf
                0x0ffe5eac       0x6c C:/Users/CAOHIE~1/MCUXPR~1/ARM-GN~1.REL/bin/../lib/gcc/arm-none-eabi/14.2.1/thumb/v8-m.main+fp/hard\libc_nano.a(libc_a-snprintf.o)
                0x0ffe5eac                sniprintf
                0x0ffe5eac                snprintf
 .text.memset   0x0ffe5f18       0x10 C:/Users/CAOHIE~1/MCUXPR~1/ARM-GN~1.REL/bin/../lib/gcc/arm-none-eabi/14.2.1/thumb/v8-m.main+fp/hard\libc_nano.a(libc_a-memset.o)
                0x0ffe5f18                memset
 .text.strncpy  0x0ffe5f28       0x26 C:/Users/CAOHIE~1/MCUXPR~1/ARM-GN~1.REL/bin/../lib/gcc/arm-none-eabi/14.2.1/thumb/v8-m.main+fp/hard\libc_nano.a(libc_a-strncpy.o)
                0x0ffe5f28                strncpy
 *fill*         0x0ffe5f4e        0x2 
 .text.strtok   0x0ffe5f50       0x68 C:/Users/CAOHIE~1/MCUXPR~1/ARM-GN~1.REL/bin/../lib/gcc/arm-none-eabi/14.2.1/thumb/v8-m.main+fp/hard\libc_nano.a(libc_a-strtok.o)
                0x0ffe5f50                strtok
 .text.__strtok_r
                0x0ffe5fb8       0x50 C:/Users/CAOHIE~1/MCUXPR~1/ARM-GN~1.REL/bin/../lib/gcc/arm-none-eabi/14.2.1/thumb/v8-m.main+fp/hard\libc_nano.a(libc_a-strtok_r.o)
                0x0ffe5fb8                __strtok_r
 .text._sbrk_r  0x0ffe6008       0x20 C:/Users/CAOHIE~1/MCUXPR~1/ARM-GN~1.REL/bin/../lib/gcc/arm-none-eabi/14.2.1/thumb/v8-m.main+fp/hard\libc_nano.a(libc_a-sbrkr.o)
                0x0ffe6008                _sbrk_r
 .text.__errno  0x0ffe6028        0xc C:/Users/CAOHIE~1/MCUXPR~1/ARM-GN~1.REL/bin/../lib/gcc/arm-none-eabi/14.2.1/thumb/v8-m.main+fp/hard\libc_nano.a(libc_a-errno.o)
                0x0ffe6028                __errno
 .text.__libc_init_array
                0x0ffe6034       0x48 C:/Users/CAOHIE~1/MCUXPR~1/ARM-GN~1.REL/bin/../lib/gcc/arm-none-eabi/14.2.1/thumb/v8-m.main+fp/hard\libc_nano.a(libc_a-init.o)
                0x0ffe6034                __libc_init_array
 .text.__retarget_lock_acquire_recursive
                0x0ffe607c        0x2 C:/Users/CAOHIE~1/MCUXPR~1/ARM-GN~1.REL/bin/../lib/gcc/arm-none-eabi/14.2.1/thumb/v8-m.main+fp/hard\libc_nano.a(libc_a-lock.o)
                0x0ffe607c                __retarget_lock_acquire_recursive
 .text.__retarget_lock_release_recursive
                0x0ffe607e        0x2 C:/Users/CAOHIE~1/MCUXPR~1/ARM-GN~1.REL/bin/../lib/gcc/arm-none-eabi/14.2.1/thumb/v8-m.main+fp/hard\libc_nano.a(libc_a-lock.o)
                0x0ffe607e                __retarget_lock_release_recursive
 .text._free_r  0x0ffe6080       0x94 C:/Users/CAOHIE~1/MCUXPR~1/ARM-GN~1.REL/bin/../lib/gcc/arm-none-eabi/14.2.1/thumb/v8-m.main+fp/hard\libc_nano.a(libc_a-freer.o)
                0x0ffe6080                _free_r
 .text.__ssputs_r
                0x0ffe6114       0xc0 C:/Users/CAOHIE~1/MCUXPR~1/ARM-GN~1.REL/bin/../lib/gcc/arm-none-eabi/14.2.1/thumb/v8-m.main+fp/hard\libc_nano.a(libc_a-nano-svfprintf.o)
                0x0ffe6114                __ssputs_r
 .text._svfprintf_r
                0x0ffe61d4      0x1f8 C:/Users/CAOHIE~1/MCUXPR~1/ARM-GN~1.REL/bin/../lib/gcc/arm-none-eabi/14.2.1/thumb/v8-m.main+fp/hard\libc_nano.a(libc_a-nano-svfprintf.o)
                0x0ffe61d4                _svfiprintf_r
                0x0ffe61d4                _svfprintf_r
 .text._printf_common
                0x0ffe63cc       0xe4 C:/Users/CAOHIE~1/MCUXPR~1/ARM-GN~1.REL/bin/../lib/gcc/arm-none-eabi/14.2.1/thumb/v8-m.main+fp/hard\libc_nano.a(libc_a-nano-vfprintf_i.o)
                0x0ffe63cc                _printf_common
 .text._printf_i
                0x0ffe64b0      0x240 C:/Users/CAOHIE~1/MCUXPR~1/ARM-GN~1.REL/bin/../lib/gcc/arm-none-eabi/14.2.1/thumb/v8-m.main+fp/hard\libc_nano.a(libc_a-nano-vfprintf_i.o)
                0x0ffe64b0                _printf_i
 .text.memmove  0x0ffe66f0       0x32 C:/Users/CAOHIE~1/MCUXPR~1/ARM-GN~1.REL/bin/../lib/gcc/arm-none-eabi/14.2.1/thumb/v8-m.main+fp/hard\libc_nano.a(libc_a-memmove.o)
                0x0ffe66f0                memmove
 .text.memchr   0x0ffe6722       0x1c C:/Users/CAOHIE~1/MCUXPR~1/ARM-GN~1.REL/bin/../lib/gcc/arm-none-eabi/14.2.1/thumb/v8-m.main+fp/hard\libc_nano.a(libc_a-memchr-stub.o)
                0x0ffe6722                memchr
 .text._realloc_r
                0x0ffe673e       0x5c C:/Users/CAOHIE~1/MCUXPR~1/ARM-GN~1.REL/bin/../lib/gcc/arm-none-eabi/14.2.1/thumb/v8-m.main+fp/hard\libc_nano.a(libc_a-reallocr.o)
                0x0ffe673e                _realloc_r
 .text._malloc_usable_size_r
                0x0ffe679a       0x10 C:/Users/CAOHIE~1/MCUXPR~1/ARM-GN~1.REL/bin/../lib/gcc/arm-none-eabi/14.2.1/thumb/v8-m.main+fp/hard\libc_nano.a(libc_a-msizer.o)
                0x0ffe679a                _malloc_usable_size_r
 .text._exit    0x0ffe67aa        0x2 C:/Users/CAOHIE~1/MCUXPR~1/ARM-GN~1.REL/bin/../lib/gcc/arm-none-eabi/14.2.1/../../../../arm-none-eabi/lib/thumb/v8-m.main+fp/hard\libcr_newlib_nohost.a(_exit.o)
                0x0ffe67aa                _exit
                0x0ffe67ac                        __quickcodeaccess_start__ = .
                0x0ffe67c0                        . = ALIGN (0x20)
 *fill*         0x0ffe67ac       0x14 
 *(CodeQuickAccess)
                0x0ffe67c0                        . = ALIGN (0x20)
                0x0ffe67c0                        __quickcodeaccess_end__ = .
 *(.rodata)
 .rodata        0x0ffe67c0       0x9b CMakeFiles/payexp_m33.elf.dir/F_/F00_Workspace/03_SATEXP_IMX93/A04_Project/AF_IPCDEV/payexp/Core/Src/main.c.obj
 *fill*         0x0ffe685b        0x1 
 .rodata        0x0ffe685c       0x33 CMakeFiles/payexp_m33.elf.dir/F_/F00_Workspace/03_SATEXP_IMX93/A04_Project/AF_IPCDEV/payexp/Core/Src/MIMX9352cm33_it.c.obj
 *fill*         0x0ffe688f        0x1 
 .rodata        0x0ffe6890       0x6f CMakeFiles/payexp_m33.elf.dir/F_/F00_Workspace/03_SATEXP_IMX93/A04_Project/AF_IPCDEV/payexp/Core/Src/board.c.obj
 *fill*         0x0ffe68ff        0x1 
 .rodata        0x0ffe6900      0x120 CMakeFiles/payexp_m33.elf.dir/F_/F00_Workspace/03_SATEXP_IMX93/A03_SDK/SDK_2_14_0_MIMX9352xxxxK/components/uart/fsl_adapter_lpuart.c.obj
 .rodata        0x0ffe6a20       0x7b CMakeFiles/payexp_m33.elf.dir/F_/F00_Workspace/03_SATEXP_IMX93/A03_SDK/SDK_2_14_0_MIMX9352xxxxK/devices/MIMX9352/drivers/fsl_clock.c.obj
 *fill*         0x0ffe6a9b        0x1 
 .rodata        0x0ffe6a9c       0x77 CMakeFiles/payexp_m33.elf.dir/F_/F00_Workspace/03_SATEXP_IMX93/A03_SDK/SDK_2_14_0_MIMX9352xxxxK/devices/MIMX9352/drivers/fsl_lptmr.c.obj
 *fill*         0x0ffe6b13        0x1 
 .rodata        0x0ffe6b14      0x21e CMakeFiles/payexp_m33.elf.dir/F_/F00_Workspace/03_SATEXP_IMX93/A03_SDK/SDK_2_14_0_MIMX9352xxxxK/devices/MIMX9352/drivers/fsl_lpuart.c.obj
 *fill*         0x0ffe6d32        0x2 
 .rodata        0x0ffe6d34       0x30 CMakeFiles/payexp_m33.elf.dir/F_/F00_Workspace/03_SATEXP_IMX93/A03_SDK/SDK_2_14_0_MIMX9352xxxxK/rtos/freertos/freertos-kernel/tasks.c.obj
                0x0ffe6d48                portArch_Name
                0x0ffe6d4c                FreeRTOSDebugConfig
 .rodata        0x0ffe6d64        0xd CMakeFiles/payexp_m33.elf.dir/F_/F00_Workspace/03_SATEXP_IMX93/A03_SDK/SDK_2_14_0_MIMX9352xxxxK/rtos/freertos/freertos-kernel/timers.c.obj
 *fill*         0x0ffe6d71        0x3 
 .rodata        0x0ffe6d74       0x3e CMakeFiles/payexp_m33.elf.dir/F_/F00_Workspace/03_SATEXP_IMX93/A03_SDK/SDK_2_14_0_MIMX9352xxxxK/devices/MIMX9352/utilities/fsl_assert.c.obj
 *fill*         0x0ffe6db2        0x2 
 .rodata        0x0ffe6db4       0x3e F:/F00_Workspace/03_SATEXP_IMX93/A04_Project/AF_IPCDEV/payexp/02_OUTPUT/debug/M0_App(rtos_tasks.c.obj)
 *fill*         0x0ffe6df2        0x2 
 .rodata        0x0ffe6df4       0xb6 F:/F00_Workspace/03_SATEXP_IMX93/A04_Project/AF_IPCDEV/payexp/02_OUTPUT/debug/M1_SysApp(simple_shell.c.obj)
 *fill*         0x0ffe6eaa        0x2 
 .rodata        0x0ffe6eac      0x155 F:/F00_Workspace/03_SATEXP_IMX93/A04_Project/AF_IPCDEV/payexp/02_OUTPUT/debug/M1_SysApp(cmdline.c.obj)
 *(.rodata*)
 *fill*         0x0ffe7001        0x3 
 .rodata.__func__.0
                0x0ffe7004       0x15 CMakeFiles/payexp_m33.elf.dir/F_/F00_Workspace/03_SATEXP_IMX93/A04_Project/AF_IPCDEV/payexp/Core/Src/main.c.obj
 *fill*         0x0ffe7019        0x3 
 .rodata.__func__.0
                0x0ffe701c       0x13 CMakeFiles/payexp_m33.elf.dir/F_/F00_Workspace/03_SATEXP_IMX93/A04_Project/AF_IPCDEV/payexp/Core/Src/board.c.obj
 *fill*         0x0ffe702f        0x1 
 .rodata.g_audioPllCfg
                0x0ffe7030       0x14 CMakeFiles/payexp_m33.elf.dir/F_/F00_Workspace/03_SATEXP_IMX93/A04_Project/AF_IPCDEV/payexp/Core/Src/clock_config.c.obj
                0x0ffe7030                g_audioPllCfg
 .rodata.s_LpuartAdapterBase
                0x0ffe7044       0x24 CMakeFiles/payexp_m33.elf.dir/F_/F00_Workspace/03_SATEXP_IMX93/A03_SDK/SDK_2_14_0_MIMX9352xxxxK/components/uart/fsl_adapter_lpuart.c.obj
 .rodata.__func__.4
                0x0ffe7068        0xd CMakeFiles/payexp_m33.elf.dir/F_/F00_Workspace/03_SATEXP_IMX93/A03_SDK/SDK_2_14_0_MIMX9352xxxxK/components/uart/fsl_adapter_lpuart.c.obj
 *fill*         0x0ffe7075        0x3 
 .rodata.__func__.2
                0x0ffe7078       0x18 CMakeFiles/payexp_m33.elf.dir/F_/F00_Workspace/03_SATEXP_IMX93/A03_SDK/SDK_2_14_0_MIMX9352xxxxK/components/uart/fsl_adapter_lpuart.c.obj
 .rodata.__func__.1
                0x0ffe7090       0x15 CMakeFiles/payexp_m33.elf.dir/F_/F00_Workspace/03_SATEXP_IMX93/A03_SDK/SDK_2_14_0_MIMX9352xxxxK/components/uart/fsl_adapter_lpuart.c.obj
 *fill*         0x0ffe70a5        0x3 
 .rodata.s_clockSourceName
                0x0ffe70a8      0x17c CMakeFiles/payexp_m33.elf.dir/F_/F00_Workspace/03_SATEXP_IMX93/A03_SDK/SDK_2_14_0_MIMX9352xxxxK/devices/MIMX9352/drivers/fsl_clock.c.obj
 .rodata.__func__.0
                0x0ffe7224       0x10 CMakeFiles/payexp_m33.elf.dir/F_/F00_Workspace/03_SATEXP_IMX93/A03_SDK/SDK_2_14_0_MIMX9352xxxxK/devices/MIMX9352/drivers/fsl_clock.c.obj
 .rodata.__func__.1
                0x0ffe7234        0xb CMakeFiles/payexp_m33.elf.dir/F_/F00_Workspace/03_SATEXP_IMX93/A03_SDK/SDK_2_14_0_MIMX9352xxxxK/devices/MIMX9352/drivers/fsl_lptmr.c.obj
 *fill*         0x0ffe723f        0x1 
 .rodata.__func__.0
                0x0ffe7240       0x17 CMakeFiles/payexp_m33.elf.dir/F_/F00_Workspace/03_SATEXP_IMX93/A03_SDK/SDK_2_14_0_MIMX9352xxxxK/devices/MIMX9352/drivers/fsl_lptmr.c.obj
 *fill*         0x0ffe7257        0x1 
 .rodata.s_lpuartBases
                0x0ffe7258       0x24 CMakeFiles/payexp_m33.elf.dir/F_/F00_Workspace/03_SATEXP_IMX93/A03_SDK/SDK_2_14_0_MIMX9352xxxxK/devices/MIMX9352/drivers/fsl_lpuart.c.obj
 .rodata.s_lpuartClock
                0x0ffe727c        0x9 CMakeFiles/payexp_m33.elf.dir/F_/F00_Workspace/03_SATEXP_IMX93/A03_SDK/SDK_2_14_0_MIMX9352xxxxK/devices/MIMX9352/drivers/fsl_lpuart.c.obj
 *fill*         0x0ffe7285        0x3 
 .rodata.__func__.21
                0x0ffe7288       0x13 CMakeFiles/payexp_m33.elf.dir/F_/F00_Workspace/03_SATEXP_IMX93/A03_SDK/SDK_2_14_0_MIMX9352xxxxK/devices/MIMX9352/drivers/fsl_lpuart.c.obj
 *fill*         0x0ffe729b        0x1 
 .rodata.__func__.16
                0x0ffe729c        0xc CMakeFiles/payexp_m33.elf.dir/F_/F00_Workspace/03_SATEXP_IMX93/A03_SDK/SDK_2_14_0_MIMX9352xxxxK/devices/MIMX9352/drivers/fsl_lpuart.c.obj
 .rodata.__func__.15
                0x0ffe72a8       0x18 CMakeFiles/payexp_m33.elf.dir/F_/F00_Workspace/03_SATEXP_IMX93/A03_SDK/SDK_2_14_0_MIMX9352xxxxK/devices/MIMX9352/drivers/fsl_lpuart.c.obj
 .rodata.__func__.11
                0x0ffe72c0       0x15 CMakeFiles/payexp_m33.elf.dir/F_/F00_Workspace/03_SATEXP_IMX93/A03_SDK/SDK_2_14_0_MIMX9352xxxxK/devices/MIMX9352/drivers/fsl_lpuart.c.obj
 *fill*         0x0ffe72d5        0x3 
 .rodata.__func__.10
                0x0ffe72d8       0x14 CMakeFiles/payexp_m33.elf.dir/F_/F00_Workspace/03_SATEXP_IMX93/A03_SDK/SDK_2_14_0_MIMX9352xxxxK/devices/MIMX9352/drivers/fsl_lpuart.c.obj
 .rodata.uxTopUsedPriority
                0x0ffe72ec        0x4 CMakeFiles/payexp_m33.elf.dir/F_/F00_Workspace/03_SATEXP_IMX93/A03_SDK/SDK_2_14_0_MIMX9352xxxxK/rtos/freertos/freertos-kernel/tasks.c.obj
                0x0ffe72ec                uxTopUsedPriority
 .rodata.daysInMonth.0
                0x0ffe72f0        0xc F:/F00_Workspace/03_SATEXP_IMX93/A04_Project/AF_IPCDEV/payexp/02_OUTPUT/debug/M5_Utils(date_time.c.obj)
 .rodata.strtok.str1.1
                0x0ffe72fc       0xa7 C:/Users/CAOHIE~1/MCUXPR~1/ARM-GN~1.REL/bin/../lib/gcc/arm-none-eabi/14.2.1/thumb/v8-m.main+fp/hard\libc_nano.a(libc_a-strtok.o)
                                 0x74 (size before relaxing)
 .rodata._svfprintf_r.str1.1